Component: ARM Compiler 5.06 update 6 (build 750) Tool: armlink [4d35ed]

==============================================================================

Section Cross References

    startup_stm32f103xb.o(STACK) refers (Special) to heapauxi.o(.text) for __use_two_region_memory
    startup_stm32f103xb.o(HEAP) refers (Special) to heapauxi.o(.text) for __use_two_region_memory
    startup_stm32f103xb.o(RESET) refers (Special) to heapauxi.o(.text) for __use_two_region_memory
    startup_stm32f103xb.o(RESET) refers to startup_stm32f103xb.o(STACK) for __initial_sp
    startup_stm32f103xb.o(RESET) refers to startup_stm32f103xb.o(.text) for Reset_Handler
    startup_stm32f103xb.o(RESET) refers to stm32f1xx_it.o(i.NMI_Handler) for NMI_Handler
    startup_stm32f103xb.o(RESET) refers to context_rvds.o(.text) for HardFault_Handler
    startup_stm32f103xb.o(RESET) refers to stm32f1xx_it.o(i.MemManage_Handler) for MemManage_Handler
    startup_stm32f103xb.o(RESET) refers to stm32f1xx_it.o(i.BusFault_Handler) for BusFault_Handler
    startup_stm32f103xb.o(RESET) refers to stm32f1xx_it.o(i.UsageFault_Handler) for UsageFault_Handler
    startup_stm32f103xb.o(RESET) refers to stm32f1xx_it.o(i.DebugMon_Handler) for DebugMon_Handler
    startup_stm32f103xb.o(RESET) refers to board.o(i.SysTick_Handler) for SysTick_Handler
    startup_stm32f103xb.o(RESET) refers to irqhandler.o(i.USART1_IRQHandler) for USART1_IRQHandler
    startup_stm32f103xb.o(RESET) refers to irqhandler.o(i.USART2_IRQHandler) for USART2_IRQHandler
    startup_stm32f103xb.o(RESET) refers to irqhandler.o(i.USART3_IRQHandler) for USART3_IRQHandler
    startup_stm32f103xb.o(.text) refers (Special) to heapauxi.o(.text) for __use_two_region_memory
    startup_stm32f103xb.o(.text) refers to system_stm32f1xx.o(i.SystemInit) for SystemInit
    startup_stm32f103xb.o(.text) refers to __main.o(!!!main) for __main
    startup_stm32f103xb.o(.text) refers to startup_stm32f103xb.o(HEAP) for Heap_Mem
    startup_stm32f103xb.o(.text) refers to startup_stm32f103xb.o(STACK) for Stack_Mem
    system_stm32f1xx.o(i.SystemCoreClockUpdate) refers to system_stm32f1xx.o(.data) for .data
    system_stm32f1xx.o(i.SystemCoreClockUpdate) refers to system_stm32f1xx.o(.constdata) for .constdata
    irqhandler.o(i.USART1_IRQHandler) refers to irq.o(i.rt_interrupt_enter) for rt_interrupt_enter
    irqhandler.o(i.USART1_IRQHandler) refers to ipc.o(i.rt_mb_send) for rt_mb_send
    irqhandler.o(i.USART1_IRQHandler) refers to irq.o(i.rt_interrupt_leave) for rt_interrupt_leave
    irqhandler.o(i.USART1_IRQHandler) refers to irqhandler.o(.data) for .data
    irqhandler.o(i.USART1_IRQHandler) refers to board.o(.data) for Shell_RX
    irqhandler.o(i.USART2_IRQHandler) refers to irq.o(i.rt_interrupt_enter) for rt_interrupt_enter
    irqhandler.o(i.USART2_IRQHandler) refers to ipc.o(i.rt_mb_send) for rt_mb_send
    irqhandler.o(i.USART2_IRQHandler) refers to irq.o(i.rt_interrupt_leave) for rt_interrupt_leave
    irqhandler.o(i.USART2_IRQHandler) refers to irqhandler.o(.data) for .data
    irqhandler.o(i.USART2_IRQHandler) refers to board.o(.data) for Shell_RX
    irqhandler.o(i.USART3_IRQHandler) refers to irq.o(i.rt_interrupt_enter) for rt_interrupt_enter
    irqhandler.o(i.USART3_IRQHandler) refers to ipc.o(i.rt_mb_send) for rt_mb_send
    irqhandler.o(i.USART3_IRQHandler) refers to irq.o(i.rt_interrupt_leave) for rt_interrupt_leave
    irqhandler.o(i.USART3_IRQHandler) refers to irqhandler.o(.data) for .data
    irqhandler.o(i.USART3_IRQHandler) refers to board.o(.data) for Shell_RX
    main.o(i.main) refers to adc.o(i.adc_init) for adc_init
    main.o(i.main) refers to adc.o(i.adc_get) for adc_get
    main.o(i.main) refers to thread.o(i.rt_thread_mdelay) for rt_thread_mdelay
    main.o(i.main) refers to main.o(.bss) for .bss
    gpio.o(i.gpio_dir) refers to gpio.o(.data) for .data
    gpio.o(i.gpio_get) refers to gpio.o(.data) for .data
    gpio.o(i.gpio_init) refers to gpio.o(.data) for .data
    gpio.o(i.gpio_reverse) refers to gpio.o(.data) for .data
    gpio.o(i.gpio_set) refers to gpio.o(.data) for .data
    uart.o(i.uart_getchar) refers to irqhandler.o(.data) for UART1_Interrupt_flag
    uart.o(i.uart_getchar) refers to uart.o(.data) for .data
    uart.o(i.uart_init) refers to fflt_clz.o(x$fpl$ffltu) for __aeabi_ui2f
    uart.o(i.uart_init) refers to fdiv.o(x$fpl$fdiv) for __aeabi_fdiv
    uart.o(i.uart_init) refers to ffixu.o(x$fpl$ffixu) for __aeabi_f2uiz
    uart.o(i.uart_init) refers to faddsub_clz.o(x$fpl$frsb) for __aeabi_frsub
    uart.o(i.uart_init) refers to scalbnf.o(x$fpl$scalbnf) for __ARM_scalbnf
    uart.o(i.uart_init) refers to gpio.o(i.gpio_init) for gpio_init
    uart.o(i.uart_init) refers to nvic.o(i.nvic_init) for nvic_init
    uart.o(i.uart_init) refers to uart.o(.data) for .data
    uart.o(i.uart_putbuff) refers to uart.o(i.uart_putchar) for uart_putchar
    uart.o(i.uart_putchar) refers to uart.o(.data) for .data
[...]
    i.rt_thread_self                         0x08002e88   Section        0  thread.o(i.rt_thread_self)
    i.rt_thread_sleep                        0x08002e94   Section        0  thread.o(i.rt_thread_sleep)
    i.rt_thread_startup                      0x08002ed4   Section        0  thread.o(i.rt_thread_startup)
    i.rt_thread_suspend                      0x08002f00   Section        0  thread.o(i.rt_thread_suspend)
    i.rt_thread_timeout                      0x08002f42   Section        0  thread.o(i.rt_thread_timeout)
    i.rt_thread_yield                        0x08002f64   Section        0  thread.o(i.rt_thread_yield)
    i.rt_tick_from_millisecond               0x08002fc4   Section        0  clock.o(i.rt_tick_from_millisecond)
    i.rt_tick_get                            0x08002ff8   Section        0  clock.o(i.rt_tick_get)
    i.rt_tick_increase                       0x08003004   Section        0  clock.o(i.rt_tick_increase)
    i.rt_timer_check                         0x08003030   Section        0  timer.o(i.rt_timer_check)
    i.rt_timer_control                       0x080030bc   Section        0  timer.o(i.rt_timer_control)
    i.rt_timer_detach                        0x08003104   Section        0  timer.o(i.rt_timer_detach)
    i.rt_timer_init                          0x0800312c   Section        0  timer.o(i.rt_timer_init)
    i.rt_timer_start                         0x08003154   Section        0  timer.o(i.rt_timer_start)
    i.rt_timer_stop                          0x080031d8   Section        0  timer.o(i.rt_timer_stop)
    i.rt_vsnprintf                           0x08003208   Section        0  kservice.o(i.rt_vsnprintf)
    i.rti_board_end                          0x0800348c   Section        0  components.o(i.rti_board_end)
    rti_board_end                            0x0800348d   Thumb Code     4  components.o(i.rti_board_end)
    i.rti_board_start                        0x08003490   Section        0  components.o(i.rti_board_start)
    rti_board_start                          0x08003491   Thumb Code     4  components.o(i.rti_board_start)
    i.rti_end                                0x08003494   Section        0  components.o(i.rti_end)
    rti_end                                  0x08003495   Thumb Code     4  components.o(i.rti_end)
    i.rti_start                              0x08003498   Section        0  components.o(i.rti_start)
    rti_start                                0x08003499   Thumb Code     4  components.o(i.rti_start)
    i.rtthread_startup                       0x0800349c   Section        0  components.o(i.rtthread_startup)
    i.show_wait_queue                        0x080034c8   Section        0  cmd.o(i.show_wait_queue)
    show_wait_queue                          0x080034c9   Thumb Code    38  cmd.o(i.show_wait_queue)
    i.skip_atoi                              0x080034f8   Section        0  kservice.o(i.skip_atoi)
    skip_atoi                                0x080034f9   Thumb Code    40  kservice.o(i.skip_atoi)
    i.uart_init                              0x08003520   Section        0  uart.o(i.uart_init)
    i.uart_putchar                           0x080036ec   Section        0  uart.o(i.uart_putchar)
    i.usage_fault_track                      0x08003704   Section        0  cpuport.o(i.usage_fault_track)
    usage_fault_track                        0x08003705   Thumb Code   100  cpuport.o(i.usage_fault_track)
    i.version                                0x080037d4   Section        0  cmd.o(i.version)
    x$fpl$fadd                               0x080037e0   Section      196  faddsub_clz.o(x$fpl$fadd)
    _fadd1                                   0x080037ef   Thumb Code     0  faddsub_clz.o(x$fpl$fadd)
    x$fpl$fcheck1                            0x080038a4   Section       12  fcheck1.o(x$fpl$fcheck1)
    x$fpl$fdiv                               0x080038b0   Section      388  fdiv.o(x$fpl$fdiv)
    _fdiv1                                   0x080038b1   Thumb Code     0  fdiv.o(x$fpl$fdiv)
    x$fpl$ffixu                              0x08003a34   Section       62  ffixu.o(x$fpl$ffixu)
    x$fpl$ffltu                              0x08003a74   Section       38  fflt_clz.o(x$fpl$ffltu)
    x$fpl$fnaninf                            0x08003a9a   Section      140  fnaninf.o(x$fpl$fnaninf)
    x$fpl$fretinf                            0x08003b26   Section       10  fretinf.o(x$fpl$fretinf)
    x$fpl$frsb                               0x08003b30   Section       20  faddsub_clz.o(x$fpl$frsb)
    x$fpl$fsub                               0x08003b44   Section      234  faddsub_clz.o(x$fpl$fsub)
    _fsub1                                   0x08003b53   Thumb Code     0  faddsub_clz.o(x$fpl$fsub)
    x$fpl$retnan                             0x08003c2e   Section      100  retnan.o(x$fpl$retnan)
    x$fpl$scalbnf                            0x08003c92   Section       76  scalbnf.o(x$fpl$scalbnf)
    x$fpl$trapveneer                         0x08003cde   Section       48  trapv.o(x$fpl$trapveneer)
    .constdata                               0x08003d0e   Section       16  system_stm32f1xx.o(.constdata)
    x$fpl$usenofp                            0x08003d0e   Section        0  usenofp.o(x$fpl$usenofp)
    .constdata                               0x08003d1e   Section      290  kservice.o(.constdata)
    small_digits                             0x08003e1e   Data          17  kservice.o(.constdata)
    large_digits                             0x08003e2f   Data          17  kservice.o(.constdata)
    .conststring                             0x08003e40   Section       68  cmd.o(.conststring)
    .rodata.name                             0x08003e84   Section        6  cmd.o(.rodata.name)
    .rodata.name                             0x08003e8a   Section       16  cmd.o(.rodata.name)
    .rodata.name                             0x08003e9a   Section        8  cmd.o(.rodata.name)
    .rodata.name                             0x08003ea2   Section       35  cmd.o(.rodata.name)
    .rodata.name                             0x08003ec5   Section       14  cmd.o(.rodata.name)
    .rodata.name                             0x08003ed3   Section       35  cmd.o(.rodata.name)
    .rodata.name                             0x08003ef6   Section       12  cmd.o(.rodata.name)
    .rodata.name                             0x08003f02   Section       12  cmd.o(.rodata.name)
    .rodata.name                             0x08003f0e   Section       18  cmd.o(.rodata.name)
    .rodata.name                             0x08003f20   Section       12  cmd.o(.rodata.name)
    .rodata.name                             0x08003f2c   Section        9  cmd.o(.rodata.name)
    .rodata.name                             0x08003f35   Section       25  cmd.o(.rodata.name)
    .rodata.name                             0x08003f4e   Section       15  cmd.o(.rodata.name)
    .rodata.name                             0x08003f5d   Section       25  cmd.o(.rodata.name)
    .rodata.name                             0x08003f76   Section       13  cmd.o(.rodata.name)
    .rodata.name                             0x08003f83   Section       24  cmd.o(.rodata.name)
    .rodata.name                             0x08003f9b   Section       19  cmd.o(.rodata.name)
    .rodata.name                             0x08003fae   Section       24  cmd.o(.rodata.name)
    .rodata.name                             0x08003fc6   Section       14  cmd.o(.rodata.name)
    .rodata.name                             0x08003fd4   Section       29  cmd.o(.rodata.name)
    .rodata.name                             0x08003ff1   Section       20  cmd.o(.rodata.name)
    .rodata.name                             0x08004005   Section       29  cmd.o(.rodata.name)
    .rodata.name                             0x08004022   Section       11  cmd.o(.rodata.name)
    .rodata.name                             0x0800402d   Section       21  cmd.o(.rodata.name)
    .rodata.name                             0x08004042   Section       17  cmd.o(.rodata.name)
    .rodata.name                             0x08004053   Section       21  cmd.o(.rodata.name)
    .rodata.name                             0x08004068   Section        5  cmd.o(.rodata.name)
    .rodata.name                             0x0800406d   Section       26  cmd.o(.rodata.name)
    .rodata.name                             0x08004087   Section       11  msh.o(.rodata.name)
    .rodata.name                             0x08004092   Section       22  msh.o(.rodata.name)
    .rodata.name                             0x080040a8   Section        9  msh.o(.rodata.name)
    .rodata.name                             0x080040b1   Section       28  msh.o(.rodata.name)
    .rodata.name                             0x080040cd   Section       11  msh.o(.rodata.name)
    .rodata.name                             0x080040d8   Section       37  msh.o(.rodata.name)
    .rodata.name                             0x080040fd   Section        9  mem.o(.rodata.name)
    .rodata.name                             0x08004106   Section       30  mem.o(.rodata.name)
    .rti_fn.0                                0x08004124   Section        4  components.o(.rti_fn.0)
    __tagsym$$used                           0x08004124   Number         0  components.o(.rti_fn.0)
    .rti_fn.0.end                            0x08004128   Section        4  components.o(.rti_fn.0.end)
    __tagsym$$used                           0x08004128   Number         0  components.o(.rti_fn.0.end)
    .rti_fn.1                                0x0800412c   Section        4  board.o(.rti_fn.1)
    __tagsym$$used                           0x0800412c   Number         0  board.o(.rti_fn.1)
    .rti_fn.1.end                            0x08004130   Section        4  components.o(.rti_fn.1.end)
    __tagsym$$used                           0x08004130   Number         0  components.o(.rti_fn.1.end)
    .rti_fn.6                                0x08004134   Section        4  shell.o(.rti_fn.6)
    __tagsym$$used                           0x08004134   Number         0  shell.o(.rti_fn.6)
    .rti_fn.6.end                            0x08004138   Section        4  components.o(.rti_fn.6.end)
    __tagsym$$used                           0x08004138   Number         0  components.o(.rti_fn.6.end)
    FSymTab                                  0x0800413c   Section      168  cmd.o(FSymTab)
    __tagsym$$used                           0x0800413c   Number         0  cmd.o(FSymTab)
    __tagsym$$used                           0x08004148   Number         0  cmd.o(FSymTab)
    __tagsym$$used                           0x08004154   Number         0  cmd.o(FSymTab)
    __tagsym$$used                           0x08004160   Number         0  cmd.o(FSymTab)
    __tagsym$$used                           0x0800416c   Number         0  cmd.o(FSymTab)
    __tagsym$$used                           0x08004178   Number         0  cmd.o(FSymTab)
    __tagsym$$used                           0x08004184   Number         0  cmd.o(FSymTab)
    __tagsym$$used                           0x08004190   Number         0  cmd.o(FSymTab)
    __tagsym$$used                           0x0800419c   Number         0  cmd.o(FSymTab)
    __tagsym$$used                           0x080041a8   Number         0  cmd.o(FSymTab)
    __tagsym$$used                           0x080041b4   Number         0  cmd.o(FSymTab)
    __tagsym$$used                           0x080041c0   Number         0  cmd.o(FSymTab)
    __tagsym$$used                           0x080041cc   Number         0  cmd.o(FSymTab)
    __tagsym$$used                           0x080041d8   Number         0  cmd.o(FSymTab)
    FSymTab                                  0x080041e4   Section       36  msh.o(FSymTab)
    __tagsym$$used                           0x080041e4   Number         0  msh.o(FSymTab)
    __tagsym$$used                           0x080041f0   Number         0  msh.o(FSymTab)
    __tagsym$$used                           0x080041fc   Number         0  msh.o(FSymTab)
    FSymTab                                  0x08004208   Section       12  mem.o(FSymTab)
    __tagsym$$used                           0x08004208   Number         0  mem.o(FSymTab)
    .data                                    0x20000000   Section        4  system_stm32f1xx.o(.data)
    .data                                    0x20000004   Section        3  irqhandler.o(.data)
    .data                                    0x20000008   Section       16  gpio.o(.data)
    .data                                    0x20000018   Section       16  uart.o(.data)
    .data                                    0x20000028   Section        8  adc.o(.data)
    .data                                    0x20000030   Section       24  shell.o(.data)
    finsh_prompt_custom                      0x20000040   Data           4  shell.o(.data)
    .data                                    0x20000048   Section        4  cpuport.o(.data)
    rt_exception_hook                        0x20000048   Data           4  cpuport.o(.data)
    .data                                    0x2000004c   Section        4  cpuport.o(.data)
    .data                                    0x20000050   Section        4  cpuport.o(.data)
    .data                                    0x20000054   Section        4  cpuport.o(.data)
    .data                                    0x20000058   Section        4  clock.o(.data)
    rt_tick                                  0x20000058   Data           4  clock.o(.data)
    .data                                    0x2000005c   Section        1  irq.o(.data)
    .data                                    0x20000060   Section       24  mem.o(.data)
    heap_ptr                                 0x20000060   Data           4  mem.o(.data)
    heap_end                                 0x20000064   Data           4  mem.o(.data)
    lfree                                    0x20000068   Data           4  mem.o(.data)
    mem_size_aligned                         0x2000006c   Data           4  mem.o(.data)
    used_mem                                 0x20000070   Data           4  mem.o(.data)
    max_mem                                  0x20000074   Data           4  mem.o(.data)
    .data                                    0x20000078   Section       80  object.o(.data)
    rt_object_container                      0x20000078   Data          80  object.o(.data)
    .data                                    0x200000c8   Section       20  scheduler.o(.data)
    rt_scheduler_lock_nest                   0x200000ca   Data           2  scheduler.o(.data)
    .data                                    0x200000dc   Section       12  timer.o(.data)
    random_nr                                0x200000dc   Data           4  timer.o(.data)
    rt_timer_list                            0x200000e0   Data           8  timer.o(.data)
    .data                                    0x200000e8   Section        4  board.o(.data)
    .bss                                     0x200000ec   Section       32  main.o(.bss)
    .bss                                     0x2000010c   Section      129  shell.o(.bss)
    finsh_prompt                             0x2000010c   Data         129  shell.o(.bss)
    .bss                                     0x20000190   Section      376  idle.o(.bss)
    idle                                     0x20000190   Data         120  idle.o(.bss)
    rt_thread_stack                          0x20000208   Data         256  idle.o(.bss)
    .bss                                     0x20000308   Section      128  kservice.o(.bss)
    rt_log_buf                               0x20000308   Data         128  kservice.o(.bss)
    .bss                                     0x20000388   Section       32  mem.o(.bss)
    heap_sem                                 0x20000388   Data          32  mem.o(.bss)
    .bss                                     0x200003a8   Section      256  scheduler.o(.bss)
    .bss                                     0x200004a8   Section    15360  board.o(.bss)
    rt_heap                                  0x200004a8   Data       15360  board.o(.bss)
    .bss                                     0x200040a8   Section       96  libspace.o(.bss)
    HEAP                                     0x20004108   Section      512  startup_stm32f103xb.o(HEAP)
    Heap_Mem                                 0x20004108   Data         512  startup_stm32f103xb.o(HEAP)
    STACK                                    0x20004308   Section     1024  startup_stm32f103xb.o(STACK)
    Stack_Mem                                0x20004308   Data        1024  startup_stm32f103xb.o(STACK)
    __initial_sp                             0x20004708   Data           0  startup_stm32f103xb.o(STACK)

    Global Symbols

    Symbol Name                              Value     Ov Type        Size  Object(Section)

    BuildAttributes$$THM_ISAv4$P$D$K$B$S$PE$A:L22UL41UL21$X:L11$S22US41US21$IEEE1$IW$USESV6$~STKCKD$USESV7$~SHL$OSPACE$ROPI$EBA8$UX$STANDARDLIB$REQ8$PRES8$EABIv2 0x00000000   Number         0  anon$$obj.o ABSOLUTE
    __ARM_use_no_argv                        0x00000000   Number         0  main.o ABSOLUTE
    __ARM_exceptions_init                     - Undefined Weak Reference
    __alloca_initialize                       - Undefined Weak Reference
    __arm_preinit_                            - Undefined Weak Reference
    __cpp_initialize__aeabi_                  - Undefined Weak Reference
    __cxa_finalize                            - Undefined Weak Reference
    __rt_locale                               - Undefined Weak Reference
    __sigvec_lookup                           - Undefined Weak Reference
    _atexit_init                              - Undefined Weak Reference
    _call_atexit_fns                          - Undefined Weak Reference
    _clock_init                               - Undefined Weak Reference
    _fp_trap_init                             - Undefined Weak Reference
    _fp_trap_shutdown                         - Undefined Weak Reference
    _get_lc_collate                           - Undefined Weak Reference
    _get_lc_ctype                             - Undefined Weak Reference
    _get_lc_monetary                          - Undefined Weak Reference
    _get_lc_numeric                           - Undefined Weak Reference
    _get_lc_time                              - Undefined Weak Reference
    _getenv_init                              - Undefined Weak Reference
    _handle_redirection                       - Undefined Weak Reference
    _init_alloc                               - Undefined Weak Reference
    _init_user_alloc                          - Undefined Weak Reference
    _initio                                   - Undefined Weak Reference
    _rand_init                                - Undefined Weak Reference
    _signal_finish                            - Undefined Weak Reference
    _signal_init                              - Undefined Weak Reference
    _terminate_alloc                          - Undefined Weak Reference
    _terminate_user_alloc                     - Undefined Weak Reference
    _terminateio                              - Undefined Weak Reference
    __Vectors_Size                           0x000000ec   Number         0  startup_stm32f103xb.o ABSOLUTE
    __Vectors                                0x08000000   Data           4  startup_stm32f103xb.o(RESET)
    __Vectors_End                            0x080000ec   Data           0  startup_stm32f103xb.o(RESET)
    __main                                   0x080000ed   Thumb Code     8  __main.o(!!!main)
    __scatterload                            0x080000f5   Thumb Code     0  __scatter.o(!!!scatter)
    __scatterload_rt2                        0x080000f5   Thumb Code    44  __scatter.o(!!!scatter)
    __scatterload_rt2_thumb_only             0x080000f5   Thumb Code     0  __scatter.o(!!!scatter)
    __scatterload_null                       0x08000103   Thumb Code     0  __scatter.o(!!!scatter)
    __scatterload_copy                       0x08000129   Thumb Code    26  __scatter_copy.o(!!handler_copy)
    __scatterload_zeroinit                   0x08000145   Thumb Code    28  __scatter_zi.o(!!handler_zi)
    __rt_lib_init                            0x08000161   Thumb Code     0  libinit.o(.ARM.Collect$$libinit$$00000000)
    __rt_lib_init_alloca_1                   0x08000163   Thumb Code     0  libinit2.o(.ARM.Collect$$libinit$$0000002E)
    __rt_lib_init_argv_1                     0x08000163   Thumb Code     0  libinit2.o(.ARM.Collect$$libinit$$0000002C)
    __rt_lib_init_atexit_1                   0x08000163   Thumb Code     0  libinit2.o(.ARM.Collect$$libinit$$0000001B)
    __rt_lib_init_clock_1                    0x08000163   Thumb Code     0  libinit2.o(.ARM.Collect$$libinit$$00000021)
    __rt_lib_init_cpp_1                      0x08000163   Thumb Code     0  libinit2.o(.ARM.Collect$$libinit$$00000032)
    __rt_lib_init_exceptions_1               0x08000163   Thumb Code     0  libinit2.o(.ARM.Collect$$libinit$$00000030)
    __rt_lib_init_fp_1                       0x08000163   Thumb Code     0  libinit2.o(.ARM.Collect$$libinit$$00000002)
    __rt_lib_init_fp_trap_1                  0x08000163   Thumb Code     0  libinit2.o(.ARM.Collect$$libinit$$0000001F)
    __rt_lib_init_getenv_1                   0x08000163   Thumb Code     0  libinit2.o(.ARM.Collect$$libinit$$00000023)
    __rt_lib_init_heap_1                     0x08000163   Thumb Code     0  libinit2.o(.ARM.Collect$$libinit$$0000000A)
    __rt_lib_init_lc_collate_1               0x08000163   Thumb Code     0  libinit2.o(.ARM.Collect$$libinit$$00000011)
    __rt_lib_init_lc_ctype_1                 0x08000163   Thumb Code     0  libinit2.o(.ARM.Collect$$libinit$$00000013)
    __rt_lib_init_lc_monetary_1              0x08000163   Thumb Code     0  libinit2.o(.ARM.Collect$$libinit$$00000015)
    __rt_lib_init_lc_numeric_1               0x08000163   Thumb Code     0  libinit2.o(.ARM.Collect$$libinit$$00000017)
    __rt_lib_init_lc_time_1                  0x08000163   Thumb Code     0  libinit2.o(.ARM.Collect$$libinit$$00000019)
    __rt_lib_init_preinit_1                  0x08000163   Thumb Code     0  libinit2.o(.ARM.Collect$$libinit$$00000004)
    __rt_lib_init_rand_1                     0x08000163   Thumb Code     0  libinit2.o(.ARM.Collect$$libinit$$0000000E)
    __rt_lib_init_return                     0x08000163   Thumb Code     0  libinit2.o(.ARM.Collect$$libinit$$00000033)
    __rt_lib_init_signal_1                   0x08000163   Thumb Code     0  libinit2.o(.ARM.Collect$$libinit$$0000001D)
    __rt_lib_init_stdio_1                    0x08000163   Thumb Code     0  libinit2.o(.ARM.Collect$$libinit$$00000025)
    __rt_lib_init_user_alloc_1               0x08000163   Thumb Code     0  libinit2.o(.ARM.Collect$$libinit$$0000000C)
    __rt_lib_shutdown                        0x08000165   Thumb Code     0  libshutdown.o(.ARM.Collect$$libshutdown$$00000000)
    __rt_lib_shutdown_cpp_1                  0x08000167   Thumb Code     0  libshutdown2.o(.ARM.Collect$$libshutdown$$00000002)
    __rt_lib_shutdown_fp_trap_1              0x08000167   Thumb Code     0  libshutdown2.o(.ARM.Collect$$libshutdown$$00000007)
    __rt_lib_shutdown_heap_1                 0x08000167   Thumb Code     0  libshutdown2.o(.ARM.Collect$$libshutdown$$0000000F)
    __rt_lib_shutdown_return                 0x08000167   Thumb Code     0  libshutdown2.o(.ARM.Collect$$libshutdown$$00000010)
    __rt_lib_shutdown_signal_1               0x08000167   Thumb Code     0  libshutdown2.o(.ARM.Collect$$libshutdown$$0000000A)
    __rt_lib_shutdown_stdio_1                0x08000167   Thumb Code     0  libshutdown2.o(.ARM.Collect$$libshutdown$$00000004)
    __rt_lib_shutdown_user_alloc_1           0x08000167   Thumb Code     0  libshutdown2.o(.ARM.Collect$$libshutdown$$0000000C)
    __rt_entry                               0x08000169   Thumb Code     0  __rtentry.o(.ARM.Collect$$rtentry$$00000000)
    __rt_entry_presh_1                       0x08000169   Thumb Code     0  __rtentry2.o(.ARM.Collect$$rtentry$$00000002)
    __rt_entry_sh                            0x08000169   Thumb Code     0  __rtentry4.o(.ARM.Collect$$rtentry$$00000004)
    __rt_entry_li                            0x0800016f   Thumb Code     0  __rtentry2.o(.ARM.Collect$$rtentry$$0000000A)
    __rt_entry_postsh_1                      0x0800016f   Thumb Code     0  __rtentry2.o(.ARM.Collect$$rtentry$$00000009)
    __rt_entry_main                          0x08000173   Thumb Code     0  __rtentry2.o(.ARM.Collect$$rtentry$$0000000D)
    __rt_entry_postli_1                      0x08000173   Thumb Code     0  __rtentry2.o(.ARM.Collect$$rtentry$$0000000C)
    __rt_exit                                0x0800017b   Thumb Code     0  rtexit.o(.ARM.Collect$$rtexit$$00000000)
    __rt_exit_ls                             0x0800017d   Thumb Code     0  rtexit2.o(.ARM.Collect$$rtexit$$00000003)
    __rt_exit_prels_1                        0x0800017d   Thumb Code     0  rtexit2.o(.ARM.Collect$$rtexit$$00000002)
    __rt_exit_exit                           0x08000181   Thumb Code     0  rtexit2.o(.ARM.Collect$$rtexit$$00000004)
    Reset_Handler                            0x08000189   Thumb Code     8  startup_stm32f103xb.o(.text)
    SVC_Handler                              0x0800019b   Thumb Code     2  startup_stm32f103xb.o(.text)
    ADC1_2_IRQHandler                        0x080001a3   Thumb Code     0  startup_stm32f103xb.o(.text)
    CAN1_RX1_IRQHandler                      0x080001a3   Thumb Code     0  startup_stm32f103xb.o(.text)
    CAN1_SCE_IRQHandler                      0x080001a3   Thumb Code     0  startup_stm32f103xb.o(.text)
    DMA1_Channel1_IRQHandler                 0x080001a3   Thumb Code     0  startup_stm32f103xb.o(.text)
    DMA1_Channel2_IRQHandler                 0x080001a3   Thumb Code     0  startup_stm32f103xb.o(.text)
    DMA1_Channel3_IRQHandler                 0x080001a3   Thumb Code     0  startup_stm32f103xb.o(.text)
    DMA1_Channel4_IRQHandler                 0x080001a3   Thumb Code     0  startup_stm32f103xb.o(.text)
    DMA1_Channel5_IRQHandler                 0x080001a3   Thumb Code     0  startup_stm32f103xb.o(.text)
    DMA1_Channel6_IRQHandler                 0x080001a3   Thumb Code     0  startup_stm32f103xb.o(.text)
    DMA1_Channel7_IRQHandler                 0x080001a3   Thumb Code     0  startup_stm32f103xb.o(.text)
    EXTI0_IRQHandler                         0x080001a3   Thumb Code     0  startup_stm32f103xb.o(.text)
    EXTI15_10_IRQHandler                     0x080001a3   Thumb Code     0  startup_stm32f103xb.o(.text)
    EXTI1_IRQHandler                         0x080001a3   Thumb Code     0  startup_stm32f103xb.o(.text)
    EXTI2_IRQHandler                         0x080001a3   Thumb Code     0  startup_stm32f103xb.o(.text)
    EXTI3_IRQHandler                         0x080001a3   Thumb Code     0  startup_stm32f103xb.o(.text)
    EXTI4_IRQHandler                         0x080001a3   Thumb Code     0  startup_stm32f103xb.o(.text)
    EXTI9_5_IRQHandler                       0x080001a3   Thumb Code     0  startup_stm32f103xb.o(.text)
    FLASH_IRQHandler                         0x080001a3   Thumb Code     0  startup_stm32f103xb.o(.text)
    I2C1_ER_IRQHandler                       0x080001a3   Thumb Code     0  startup_stm32f103xb.o(.text)
    I2C1_EV_IRQHandler                       0x080001a3   Thumb Code     0  startup_stm32f103xb.o(.text)
    I2C2_ER_IRQHandler                       0x080001a3   Thumb Code     0  startup_stm32f103xb.o(.text)
    I2C2_EV_IRQHandler                       0x080001a3   Thumb Code     0  startup_stm32f103xb.o(.text)
    PVD_IRQHandler                           0x080001a3   Thumb Code     0  startup_stm32f103xb.o(.text)
    RCC_IRQHandler                           0x080001a3   Thumb Code     0  startup_stm32f103xb.o(.text)
    RTC_Alarm_IRQHandler                     0x080001a3   Thumb Code     0  startup_stm32f103xb.o(.text)
    RTC_IRQHandler                           0x080001a3   Thumb Code     0  startup_stm32f103xb.o(.text)
    SPI1_IRQHandler                          0x080001a3   Thumb Code     0  startup_stm32f103xb.o(.text)
    SPI2_IRQHandler                          0x080001a3   Thumb Code     0  startup_stm32f103xb.o(.text)
    TAMPER_IRQHandler                        0x080001a3   Thumb Code     0  startup_stm32f103xb.o(.text)
    TIM1_BRK_IRQHandler                      0x080001a3   Thumb Code     0  startup_stm32f103xb.o(.text)
    TIM1_CC_IRQHandler                       0x080001a3   Thumb Code     0  startup_stm32f103xb.o(.text)
    TIM1_TRG_COM_IRQHandler                  0x080001a3   Thumb Code     0  startup_stm32f103xb.o(.text)
    TIM1_UP_IRQHandler                       0x080001a3   Thumb Code     0  startup_stm32f103xb.o(.text)
    TIM2_IRQHandler                          0x080001a3   Thumb Code     0  startup_stm32f103xb.o(.text)
    TIM3_IRQHandler                          0x080001a3   Thumb Code     0  startup_stm32f103xb.o(.text)
    TIM4_IRQHandler                          0x080001a3   Thumb Code     0  startup_stm32f103xb.o(.text)
    USBWakeUp_IRQHandler                     0x080001a3   Thumb Code     0  startup_stm32f103xb.o(.text)
    USB_HP_CAN1_TX_IRQHandler                0x080001a3   Thumb Code     0  startup_stm32f103xb.o(.text)
    USB_LP_CAN1_RX0_IRQHandler               0x080001a3   Thumb Code     0  startup_stm32f103xb.o(.text)
    WWDG_IRQHandler                          0x080001a3   Thumb Code     0  startup_stm32f103xb.o(.text)
    __user_initial_stackheap                 0x080001a5   Thumb Code     0  startup_stm32f103xb.o(.text)
    rt_hw_interrupt_disable                  0x080001c9   Thumb Code     8  context_rvds.o(.text)
    rt_hw_interrupt_enable                   0x080001d1   Thumb Code     6  context_rvds.o(.text)
    rt_hw_context_switch                     0x080001d7   Thumb Code    32  context_rvds.o(.text)
    rt_hw_context_switch_interrupt           0x080001d7   Thumb Code     0  context_rvds.o(.text)
    PendSV_Handler                           0x080001f7   Thumb Code    60  context_rvds.o(.text)
    rt_hw_context_switch_to                  0x08000233   Thumb Code    56  context_rvds.o(.text)
    rt_hw_interrupt_thread_switch            0x0800026b   Thumb Code     2  context_rvds.o(.text)
    HardFault_Handler                        0x0800026d   Thumb Code    52  context_rvds.o(.text)
    strcpy                                   0x080002bd   Thumb Code    72  strcpy.o(.text)
    strlen                                   0x08000305   Thumb Code    62  strlen.o(.text)
    strncmp                                  0x08000343   Thumb Code   150  strncmp.o(.text)
    strcat                                   0x080003d9   Thumb Code    24  strcat.o(.text)
    __aeabi_memcpy4                          0x080003f1   Thumb Code     0  rt_memcpy_w.o(.text)
    __aeabi_memcpy8                          0x080003f1   Thumb Code     0  rt_memcpy_w.o(.text)
    __rt_memcpy_w                            0x080003f1   Thumb Code   100  rt_memcpy_w.o(.text)
    _memcpy_lastbytes_aligned                0x08000439   Thumb Code     0  rt_memcpy_w.o(.text)
    __aeabi_memclr                           0x08000455   Thumb Code     0  rt_memclr.o(.text)
    __rt_memclr                              0x08000455   Thumb Code    68  rt_memclr.o(.text)
    _memset                                  0x08000459   Thumb Code     0  rt_memclr.o(.text)
    __aeabi_memclr4                          0x08000499   Thumb Code     0  rt_memclr_w.o(.text)
    __aeabi_memclr8                          0x08000499   Thumb Code     0  rt_memclr_w.o(.text)
    __rt_memclr_w                            0x08000499   Thumb Code    78  rt_memclr_w.o(.text)
    _memset_w                                0x0800049d   Thumb Code     0  rt_memclr_w.o(.text)
    strncpy                                  0x080004e7   Thumb Code    86  strncpy.o(.text)
    __use_two_region_memory                  0x0800053d   Thumb Code     2  heapauxi.o(.text)
    __rt_heap_escrow$2region                 0x0800053f   Thumb Code     2  heapauxi.o(.text)
    __rt_heap_expand$2region                 0x08000541   Thumb Code     2  heapauxi.o(.text)
    __user_setup_stackheap                   0x08000543   Thumb Code    74  sys_stackheap_outer.o(.text)
    exit                                     0x0800058d   Thumb Code    18  exit.o(.text)
    __user_libspace                          0x080005a1   Thumb Code     8  libspace.o(.text)
    __user_perproc_libspace                  0x080005a1   Thumb Code     0  libspace.o(.text)
    __user_perthread_libspace                0x080005a1   Thumb Code     0  libspace.o(.text)
    _sys_exit                                0x080005a9   Thumb Code     8  sys_exit.o(.text)
    __I$use$semihosting                      0x080005b5   Thumb Code     0  use_no_semi.o(.text)
    __use_no_semihosting_swi                 0x080005b5   Thumb Code     2  use_no_semi.o(.text)
    __semihosting_library_function           0x080005b7   Thumb Code     0  indicate_semi.o(.text)
    main                                     0x080005b7   Thumb Code    10  components.o(i.$Sub$$main)
    BusFault_Handler                         0x080005c1   Thumb Code     2  stm32f1xx_it.o(i.BusFault_Handler)
    DebugMon_Handler                         0x080005c3   Thumb Code     2  stm32f1xx_it.o(i.DebugMon_Handler)
    MemManage_Handler                        0x080005e1   Thumb Code     2  stm32f1xx_it.o(i.MemManage_Handler)
    NMI_Handler                              0x080005e3   Thumb Code     2  stm32f1xx_it.o(i.NMI_Handler)
    SysTick_Handler                          0x080005e5   Thumb Code    18  board.o(i.SysTick_Handler)
    SystemCoreClockUpdate                    0x080005f9   Thumb Code    82  system_stm32f1xx.o(i.SystemCoreClockUpdate)
    SystemInit                               0x08000661   Thumb Code    84  system_stm32f1xx.o(i.SystemInit)
    USART1_IRQHandler                        0x080006bd   Thumb Code    62  irqhandler.o(i.USART1_IRQHandler)
    USART2_IRQHandler                        0x08000709   Thumb Code    60  irqhandler.o(i.USART2_IRQHandler)
    USART3_IRQHandler                        0x08000751   Thumb Code    62  irqhandler.o(i.USART3_IRQHandler)
    UsageFault_Handler                       0x0800079d   Thumb Code     2  stm32f1xx_it.o(i.UsageFault_Handler)
    __rt_ffs                                 0x080007a1   Thumb Code    62  kservice.o(i.__rt_ffs)
    adc_get                                  0x08000941   Thumb Code    56  adc.o(i.adc_get)
    adc_init                                 0x0800097d   Thumb Code   206  adc.o(i.adc_init)
    cmd_free                                 0x08000b41   Thumb Code    10  msh.o(i.cmd_free)
    cmd_ps                                   0x08000b4b   Thumb Code    10  msh.o(i.cmd_ps)
    finsh_get_prompt                         0x08000b55   Thumb Code    66  shell.o(i.finsh_get_prompt)
    finsh_set_prompt_mode                    0x08000bb5   Thumb Code    16  shell.o(i.finsh_set_prompt_mode)
    finsh_system_function_init               0x08000bc9   Thumb Code     8  shell.o(i.finsh_system_function_init)
    finsh_system_init                        0x08000bd5   Thumb Code    90  shell.o(i.finsh_system_init)
    finsh_thread_entry                       0x08000c69   Thumb Code   612  shell.o(i.finsh_thread_entry)
    gpio_init                                0x08000ef5   Thumb Code   226  gpio.o(i.gpio_init)
    hello                                    0x08001059   Thumb Code    12  cmd.o(i.hello)
    list                                     0x08001079   Thumb Code    50  cmd.o(i.list)
    list_mailbox                             0x08001169   Thumb Code   200  cmd.o(i.list_mailbox)
    list_mem                                 0x080012ad   Thumb Code    32  mem.o(i.list_mem)
    list_msgqueue                            0x08001319   Thumb Code   188  cmd.o(i.list_msgqueue)
    list_sem                                 0x08001441   Thumb Code   188  cmd.o(i.list_sem)
    list_thread                              0x0800155d   Thumb Code   250  cmd.o(i.list_thread)
    list_timer                               0x08001715   Thumb Code   160  cmd.o(i.list_timer)
    $Super$$main                             0x08001855   Thumb Code   232  main.o(i.main)
    main_thread_entry                        0x08001941   Thumb Code    14  components.o(i.main_thread_entry)
    msh_auto_complete                        0x08001a29   Thumb Code   150  msh.o(i.msh_auto_complete)
    msh_exec                                 0x08001ad5   Thumb Code    74  msh.o(i.msh_exec)
    msh_help                                 0x08001b39   Thumb Code    58  msh.o(i.msh_help)
    msh_is_used                              0x08001bb1   Thumb Code     4  msh.o(i.msh_is_used)
    nvic_PriorityGroupConfig                 0x08001c85   Thumb Code    26  nvic.o(i.nvic_PriorityGroupConfig)
    nvic_init                                0x08001ca9   Thumb Code    54  nvic.o(i.nvic_init)
    rt_application_init                      0x08001e7d   Thumb Code    32  components.o(i.rt_application_init)
    rt_calloc                                0x08001ea9   Thumb Code    26  mem.o(i.rt_calloc)
    rt_components_board_init                 0x08001ec5   Thumb Code    20  components.o(i.rt_components_board_init)
    rt_components_init                       0x08001ee1   Thumb Code    20  components.o(i.rt_components_init)
    rt_enter_critical                        0x08001efd   Thumb Code    22  scheduler.o(i.rt_enter_critical)
    rt_exit_critical                         0x08001f19   Thumb Code    52  scheduler.o(i.rt_exit_critical)
    rt_free                                  0x08001f51   Thumb Code   112  mem.o(i.rt_free)
    rt_heap_begin_get                        0x08002015   Thumb Code     4  board.o(i.rt_heap_begin_get)
    rt_heap_end_get                          0x0800201d   Thumb Code     4  board.o(i.rt_heap_end_get)
    rt_hw_board_init                         0x08002025   Thumb Code    90  board.o(i.rt_hw_board_init)
    rt_hw_console_getchar                    0x08002099   Thumb Code    22  board.o(i.rt_hw_console_getchar)
    rt_hw_console_output                     0x080020b5   Thumb Code    50  board.o(i.rt_hw_console_output)
    rt_hw_hard_fault_exception               0x080020e9   Thumb Code   186  cpuport.o(i.rt_hw_hard_fault_exception)
    rt_hw_stack_init                         0x080022e5   Thumb Code    52  cpuport.o(i.rt_hw_stack_init)
    rt_interrupt_enter                       0x0800231d   Thumb Code    22  irq.o(i.rt_interrupt_enter)
    rt_interrupt_leave                       0x08002339   Thumb Code    22  irq.o(i.rt_interrupt_leave)
    rt_kprintf                               0x080023b9   Thumb Code    28  kservice.o(i.rt_kprintf)
    rt_malloc                                0x08002459   Thumb Code   232  mem.o(i.rt_malloc)
    rt_mb_create                             0x08002549   Thumb Code    72  ipc.o(i.rt_mb_create)
    rt_mb_recv                               0x08002591   Thumb Code   244  ipc.o(i.rt_mb_recv)
    rt_mb_send                               0x08002685   Thumb Code     6  ipc.o(i.rt_mb_send)
    rt_mb_send_wait                          0x0800268b   Thumb Code   242  ipc.o(i.rt_mb_send_wait)
    rt_memmove                               0x0800277d   Thumb Code    50  kservice.o(i.rt_memmove)
    rt_memset                                0x080027b1   Thumb Code    70  kservice.o(i.rt_memset)
    rt_object_allocate                       0x080027f7   Thumb Code    80  object.o(i.rt_object_allocate)
    rt_object_delete                         0x08002847   Thumb Code    38  object.o(i.rt_object_delete)
    rt_object_detach                         0x0800286d   Thumb Code    32  object.o(i.rt_object_detach)
    rt_object_get_information                0x0800288d   Thumb Code    30  object.o(i.rt_object_get_information)
    rt_object_init                           0x080028b1   Thumb Code    80  object.o(i.rt_object_init)
    rt_object_is_systemobject                0x08002901   Thumb Code    14  object.o(i.rt_object_is_systemobject)
    rt_schedule                              0x08002911   Thumb Code    76  scheduler.o(i.rt_schedule)
    rt_schedule_insert_thread                0x08002969   Thumb Code    70  scheduler.o(i.rt_schedule_insert_thread)
    rt_schedule_remove_thread                0x080029b9   Thumb Code    64  scheduler.o(i.rt_schedule_remove_thread)
    rt_sem_init                              0x08002a01   Thumb Code    36  ipc.o(i.rt_sem_init)
    rt_sem_release                           0x08002a25   Thumb Code    72  ipc.o(i.rt_sem_release)
    rt_sem_take                              0x08002a6d   Thumb Code   110  ipc.o(i.rt_sem_take)
    rt_show_version                          0x08002add   Thumb Code    40  kservice.o(i.rt_show_version)
    rt_strlen                                0x08002b8d   Thumb Code    16  kservice.o(i.rt_strlen)
    rt_strncpy                               0x08002b9d   Thumb Code    38  kservice.o(i.rt_strncpy)
    rt_system_heap_init                      0x08002bc5   Thumb Code    96  mem.o(i.rt_system_heap_init)
    rt_system_scheduler_init                 0x08002c71   Thumb Code    44  scheduler.o(i.rt_system_scheduler_init)
    rt_system_scheduler_start                0x08002ca5   Thumb Code    32  scheduler.o(i.rt_system_scheduler_start)
    rt_system_timer_init                     0x08002ccd   Thumb Code     8  timer.o(i.rt_system_timer_init)
    rt_system_timer_thread_init              0x08002cd9   Thumb Code     2  timer.o(i.rt_system_timer_thread_init)
    rt_thread_create                         0x08002cdb   Thumb Code    72  thread.o(i.rt_thread_create)
    rt_thread_exit                           0x08002d25   Thumb Code    82  thread.o(i.rt_thread_exit)
    rt_thread_idle_excute                    0x08002d89   Thumb Code    70  idle.o(i.rt_thread_idle_excute)
    rt_thread_idle_init                      0x08002dd5   Thumb Code    40  idle.o(i.rt_thread_idle_init)
    rt_thread_init                           0x08002e0d   Thumb Code    48  thread.o(i.rt_thread_init)
    rt_thread_mdelay                         0x08002e3d   Thumb Code    14  thread.o(i.rt_thread_mdelay)
    rt_thread_resume                         0x08002e4b   Thumb Code    60  thread.o(i.rt_thread_resume)
    rt_thread_self                           0x08002e89   Thumb Code     6  thread.o(i.rt_thread_self)
    rt_thread_sleep                          0x08002e95   Thumb Code    60  thread.o(i.rt_thread_sleep)
    rt_thread_startup                        0x08002ed5   Thumb Code    40  thread.o(i.rt_thread_startup)
    rt_thread_suspend                        0x08002f01   Thumb Code    66  thread.o(i.rt_thread_suspend)
    rt_thread_timeout                        0x08002f43   Thumb Code    32  thread.o(i.rt_thread_timeout)
    rt_thread_yield                          0x08002f65   Thumb Code    86  thread.o(i.rt_thread_yield)
    rt_tick_from_millisecond                 0x08002fc5   Thumb Code    50  clock.o(i.rt_tick_from_millisecond)
    rt_tick_get                              0x08002ff9   Thumb Code     6  clock.o(i.rt_tick_get)
    rt_tick_increase                         0x08003005   Thumb Code    38  clock.o(i.rt_tick_increase)
    rt_timer_check                           0x08003031   Thumb Code   136  timer.o(i.rt_timer_check)
    rt_timer_control                         0x080030bd   Thumb Code    72  timer.o(i.rt_timer_control)
    rt_timer_detach                          0x08003105   Thumb Code    40  timer.o(i.rt_timer_detach)
    rt_timer_init                            0x0800312d   Thumb Code    40  timer.o(i.rt_timer_init)
    rt_timer_start                           0x08003155   Thumb Code   126  timer.o(i.rt_timer_start)
    rt_timer_stop                            0x080031d9   Thumb Code    46  timer.o(i.rt_timer_stop)
    rt_vsnprintf                             0x08003209   Thumb Code   634  kservice.o(i.rt_vsnprintf)
    rtthread_startup                         0x0800349d   Thumb Code    42  components.o(i.rtthread_startup)
    uart_init                                0x08003521   Thumb Code   440  uart.o(i.uart_init)
    uart_putchar                             0x080036ed   Thumb Code    20  uart.o(i.uart_putchar)
    version                                  0x080037d5   Thumb Code    10  cmd.o(i.version)
    __aeabi_fadd                             0x080037e1   Thumb Code     0  faddsub_clz.o(x$fpl$fadd)
    _fadd                                    0x080037e1   Thumb Code   196  faddsub_clz.o(x$fpl$fadd)
    __fpl_fcheck_NaN1                        0x080038a5   Thumb Code     6  fcheck1.o(x$fpl$fcheck1)
    __aeabi_fdiv                             0x080038b1   Thumb Code     0  fdiv.o(x$fpl$fdiv)
    _fdiv                                    0x080038b1   Thumb Code   384  fdiv.o(x$fpl$fdiv)
    __aeabi_f2uiz                            0x08003a35   Thumb Code     0  ffixu.o(x$fpl$ffixu)
    _ffixu                                   0x08003a35   Thumb Code    62  ffixu.o(x$fpl$ffixu)
    __aeabi_ui2f                             0x08003a75   Thumb Code     0  fflt_clz.o(x$fpl$ffltu)
    _ffltu                                   0x08003a75   Thumb Code    38  fflt_clz.o(x$fpl$ffltu)
    __fpl_fnaninf                            0x08003a9b   Thumb Code   140  fnaninf.o(x$fpl$fnaninf)
    __fpl_fretinf                            0x08003b27   Thumb Code    10  fretinf.o(x$fpl$fretinf)
    __aeabi_frsub                            0x08003b31   Thumb Code     0  faddsub_clz.o(x$fpl$frsb)
    _frsb                                    0x08003b31   Thumb Code    20  faddsub_clz.o(x$fpl$frsb)
    __aeabi_fsub                             0x08003b45   Thumb Code     0  faddsub_clz.o(x$fpl$fsub)
    _fsub                                    0x08003b45   Thumb Code   234  faddsub_clz.o(x$fpl$fsub)
    __fpl_return_NaN                         0x08003c2f   Thumb Code   100  retnan.o(x$fpl$retnan)
    __ARM_scalbnf                            0x08003c93   Thumb Code    76  scalbnf.o(x$fpl$scalbnf)
    __fpl_cmpreturn                          0x08003cdf   Thumb Code    48  trapv.o(x$fpl$trapveneer)
    AHBPrescTable                            0x08003d0e   Data          16  system_stm32f1xx.o(.constdata)
    __I$use$fp                               0x08003d0e   Number         0  usenofp.o(x$fpl$usenofp)
    __lowest_bit_bitmap                      0x08003d1e   Data         256  kservice.o(.constdata)
    __fsym_hello_name                        0x08003e84   Data           6  cmd.o(.rodata.name)
    __fsym_hello_desc                        0x08003e8a   Data          16  cmd.o(.rodata.name)
    __fsym_version_name                      0x08003e9a   Data           8  cmd.o(.rodata.name)
    __fsym_version_desc                      0x08003ea2   Data          35  cmd.o(.rodata.name)
    __fsym___cmd_version_name                0x08003ec5   Data          14  cmd.o(.rodata.name)
    __fsym___cmd_version_desc                0x08003ed3   Data          35  cmd.o(.rodata.name)
    __fsym_list_thread_name                  0x08003ef6   Data          12  cmd.o(.rodata.name)
    __fsym_list_thread_desc                  0x08003f02   Data          12  cmd.o(.rodata.name)
    __fsym___cmd_list_thread_name            0x08003f0e   Data          18  cmd.o(.rodata.name)
    __fsym___cmd_list_thread_desc            0x08003f20   Data          12  cmd.o(.rodata.name)
    __fsym_list_sem_name                     0x08003f2c   Data           9  cmd.o(.rodata.name)
    __fsym_list_sem_desc                     0x08003f35   Data          25  cmd.o(.rodata.name)
    __fsym___cmd_list_sem_name               0x08003f4e   Data          15  cmd.o(.rodata.name)
    __fsym___cmd_list_sem_desc               0x08003f5d   Data          25  cmd.o(.rodata.name)
    __fsym_list_mailbox_name                 0x08003f76   Data          13  cmd.o(.rodata.name)
    __fsym_list_mailbox_desc                 0x08003f83   Data          24  cmd.o(.rodata.name)
    __fsym___cmd_list_mailbox_name           0x08003f9b   Data          19  cmd.o(.rodata.name)
    __fsym___cmd_list_mailbox_desc           0x08003fae   Data          24  cmd.o(.rodata.name)
    __fsym_list_msgqueue_name                0x08003fc6   Data          14  cmd.o(.rodata.name)
    __fsym_list_msgqueue_desc                0x08003fd4   Data          29  cmd.o(.rodata.name)
    __fsym___cmd_list_msgqueue_name          0x08003ff1   Data          20  cmd.o(.rodata.name)
    __fsym___cmd_list_msgqueue_desc          0x08004005   Data          29  cmd.o(.rodata.name)
    __fsym_list_timer_name                   0x08004022   Data          11  cmd.o(.rodata.name)
    __fsym_list_timer_desc                   0x0800402d   Data          21  cmd.o(.rodata.name)
    __fsym___cmd_list_timer_name             0x08004042   Data          17  cmd.o(.rodata.name)
    __fsym___cmd_list_timer_desc             0x08004053   Data          21  cmd.o(.rodata.name)
    __fsym_list_name                         0x08004068   Data           5  cmd.o(.rodata.name)
    __fsym_list_desc                         0x0800406d   Data          26  cmd.o(.rodata.name)
    __fsym___cmd_help_name                   0x08004087   Data          11  msh.o(.rodata.name)
    __fsym___cmd_help_desc                   0x08004092   Data          22  msh.o(.rodata.name)
    __fsym___cmd_ps_name                     0x080040a8   Data           9  msh.o(.rodata.name)
    __fsym___cmd_ps_desc                     0x080040b1   Data          28  msh.o(.rodata.name)
    __fsym___cmd_free_name                   0x080040cd   Data          11  msh.o(.rodata.name)
    __fsym___cmd_free_desc                   0x080040d8   Data          37  msh.o(.rodata.name)
    __fsym_list_mem_name                     0x080040fd   Data           9  mem.o(.rodata.name)
    __fsym_list_mem_desc                     0x08004106   Data          30  mem.o(.rodata.name)
    __rt_init_rti_start                      0x08004124   Data           4  components.o(.rti_fn.0)
    __rt_init_rti_board_start                0x08004128   Data           4  components.o(.rti_fn.0.end)
    __rt_init_Debug_uart_init                0x0800412c   Data           4  board.o(.rti_fn.1)
    __rt_init_rti_board_end                  0x08004130   Data           4  components.o(.rti_fn.1.end)
    __rt_init_finsh_system_init              0x08004134   Data           4  shell.o(.rti_fn.6)
    __rt_init_rti_end                        0x08004138   Data           4  components.o(.rti_fn.6.end)
    FSymTab$$Base                            0x0800413c   Number         0  cmd.o(FSymTab)
    __fsym_hello                             0x0800413c   Data          12  cmd.o(FSymTab)
    __fsym_version                           0x08004148   Data          12  cmd.o(FSymTab)
    __fsym___cmd_version                     0x08004154   Data          12  cmd.o(FSymTab)
    __fsym_list_thread                       0x08004160   Data          12  cmd.o(FSymTab)
    __fsym___cmd_list_thread                 0x0800416c   Data          12  cmd.o(FSymTab)
    __fsym_list_sem                          0x08004178   Data          12  cmd.o(FSymTab)
    __fsym___cmd_list_sem                    0x08004184   Data          12  cmd.o(FSymTab)
    __fsym_list_mailbox                      0x08004190   Data          12  cmd.o(FSymTab)
    __fsym___cmd_list_mailbox                0x0800419c   Data          12  cmd.o(FSymTab)
    __fsym_list_msgqueue                     0x080041a8   Data          12  cmd.o(FSymTab)
    __fsym___cmd_list_msgqueue               0x080041b4   Data          12  cmd.o(FSymTab)
    __fsym_list_timer                        0x080041c0   Data          12  cmd.o(FSymTab)
    __fsym___cmd_list_timer                  0x080041cc   Data          12  cmd.o(FSymTab)
    __fsym_list                              0x080041d8   Data          12  cmd.o(FSymTab)
    __fsym___cmd_help                        0x080041e4   Data          12  msh.o(FSymTab)
    __fsym___cmd_ps                          0x080041f0   Data          12  msh.o(FSymTab)
    __fsym___cmd_free                        0x080041fc   Data          12  msh.o(FSymTab)
    __fsym_list_mem                          0x08004208   Data          12  mem.o(FSymTab)
    FSymTab$$Limit                           0x08004214   Number         0  mem.o(FSymTab)
    Region$$Table$$Base                      0x08004214   Number         0  anon$$obj.o(Region$$Table)
    Region$$Table$$Limit                     0x08004234   Number         0  anon$$obj.o(Region$$Table)
    SystemCoreClock                          0x20000000   Data           4  system_stm32f1xx.o(.data)
    UART1_Interrupt_flag                     0x20000004   Data           1  irqhandler.o(.data)
    UART2_Interrupt_flag                     0x20000005   Data           1  irqhandler.o(.data)
    UART3_Interrupt_flag                     0x20000006   Data           1  irqhandler.o(.data)
    gpio_group                               0x20000008   Data          16  gpio.o(.data)
    uart_irq                                 0x20000018   Data           3  uart.o(.data)
    uart_index                               0x2000001c   Data          12  uart.o(.data)
    adc_index                                0x20000028   Data           8  adc.o(.data)
    _syscall_table_begin                     0x20000030   Data           4  shell.o(.data)
    _syscall_table_end                       0x20000034   Data           4  shell.o(.data)
    _sysvar_table_begin                      0x20000038   Data           4  shell.o(.data)
    _sysvar_table_end                        0x2000003c   Data           4  shell.o(.data)
    shell                                    0x20000044   Data           4  shell.o(.data)
    rt_interrupt_from_thread                 0x2000004c   Data           4  cpuport.o(.data)
    rt_interrupt_to_thread                   0x20000050   Data           4  cpuport.o(.data)
    rt_thread_switch_interrupt_flag          0x20000054   Data           4  cpuport.o(.data)
    rt_interrupt_nest                        0x2000005c   Data           1  irq.o(.data)
    rt_current_priority                      0x200000c8   Data           1  scheduler.o(.data)
    rt_current_thread                        0x200000cc   Data           4  scheduler.o(.data)
    rt_thread_ready_priority_group           0x200000d0   Data           4  scheduler.o(.data)
    rt_thread_defunct                        0x200000d4   Data           8  scheduler.o(.data)
    Shell_RX                                 0x200000e8   Data           4  board.o(.data)
    ad                                       0x200000ec   Data          32  main.o(.bss)
    rt_thread_priority_table                 0x200003a8   Data         256  scheduler.o(.bss)
    __libspace_start                         0x200040a8   Data          96  libspace.o(.bss)
    __temporary_stack_top$libspace           0x20004108   Data           0  libspace.o(.bss)



==============================================================================

Memory Map of the image

  Image Entry point : 0x080000ed

  Load Region LR_IROM1 (Base: 0x08000000, Size: 0x00004320, Max: 0x00010000, ABSOLUTE)

    Execution Region ER_IROM1 (Exec base: 0x08000000, Load base: 0x08000000, Size: 0x00004234, Max: 0x00010000, ABSOLUTE)

    Exec Addr    Load Addr    Size         Type   Attr      Idx    E Section Name        Object

    0x08000000   0x08000000   0x000000ec   Data   RO            3    RESET               startup_stm32f103xb.o
    0x080000ec   0x080000ec   0x00000008   Code   RO         1848  * !!!main             c_w.l(__main.o)
    0x080000f4   0x080000f4   0x00000034   Code   RO         2038    !!!scatter          c_w.l(__scatter.o)
    0x08000128   0x08000128   0x0000001a   Code   RO         2040    !!handler_copy      c_w.l(__scatter_copy.o)
    0x08000142   0x08000142   0x00000002   PAD
    0x08000144   0x08000144   0x0000001c   Code   RO         2042    !!handler_zi        c_w.l(__scatter_zi.o)
    0x08000160   0x08000160   0x00000002   Code   RO         1906    .ARM.Collect$$libinit$$00000000  c_w.l(libinit.o)
    0x08000162   0x08000162   0x00000000   Code   RO         1915    .ARM.Collect$$libinit$$00000002  c_w.l(libinit2.o)
    0x08000162   0x08000162   0x00000000   Code   RO         1917    .ARM.Collect$$libinit$$00000004  c_w.l(libinit2.o)
    0x08000162   0x08000162   0x00000000   Code   RO         1920    .ARM.Collect$$libinit$$0000000A  c_w.l(libinit2.o)
    0x08000162   0x08000162   0x00000000   Code   RO         1922    .ARM.Collect$$libinit$$0000000C  c_w.l(libinit2.o)
    0x08000162   0x08000162   0x00000000   Code   RO         1924    .ARM.Collect$$libinit$$0000000E  c_w.l(libinit2.o)
    0x08000162   0x08000162   0x00000000   Code   RO         1927    .ARM.Collect$$libinit$$00000011  c_w.l(libinit2.o)
    0x08000162   0x08000162   0x00000000   Code   RO         1929    .ARM.Collect$$libinit$$00000013  c_w.l(libinit2.o)
    0x08000162   0x08000162   0x00000000   Code   RO         1931    .ARM.Collect$$libinit$$00000015  c_w.l(libinit2.o)
    0x08000162   0x08000162   0x00000000   Code   RO         1933    .ARM.Collect$$libinit$$00000017  c_w.l(libinit2.o)
    0x08000162   0x08000162   0x00000000   Code   RO         1935    .ARM.Collect$$libinit$$00000019  c_w.l(libinit2.o)
    0x08000162   0x08000162   0x00000000   Code   RO         1937    .ARM.Collect$$libinit$$0000001B  c_w.l(libinit2.o)
    0x08000162   0x08000162   0x00000000   Code   RO         1939    .ARM.Collect$$libinit$$0000001D  c_w.l(libinit2.o)
    0x08000162   0x08000162   0x00000000   Code   RO         1941    .ARM.Collect$$libinit$$0000001F  c_w.l(libinit2.o)
    0x08000162   0x08000162   0x00000000   Code   RO         1943    .ARM.Collect$$libinit$$00000021  c_w.l(libinit2.o)
    0x08000162   0x08000162   0x00000000   Code   RO         1945    .ARM.Collect$$libinit$$00000023  c_w.l(libinit2.o)
    0x08000162   0x08000162   0x00000000   Code   RO         1947    .ARM.Collect$$libinit$$00000025  c_w.l(libinit2.o)
    0x08000162   0x08000162   0x00000000   Code   RO         1951    .ARM.Collect$$libinit$$0000002C  c_w.l(libinit2.o)
    0x08000162   0x08000162   0x00000000   Code   RO         1953    .ARM.Collect$$libinit$$0000002E  c_w.l(libinit2.o)
    0x08000162   0x08000162   0x00000000   Code   RO         1955    .ARM.Collect$$libinit$$00000030  c_w.l(libinit2.o)
    0x08000162   0x08000162   0x00000000   Code   RO         1957    .ARM.Collect$$libinit$$00000032  c_w.l(libinit2.o)
    0x08000162   0x08000162   0x00000002   Code   RO         1958    .ARM.Collect$$libinit$$00000033  c_w.l(libinit2.o)
    0x08000164   0x08000164   0x00000002   Code   RO         1978    .ARM.Collect$$libshutdown$$00000000  c_w.l(libshutdown.o)
    0x08000166   0x08000166   0x00000000   Code   RO         1991    .ARM.Collect$$libshutdown$$00000002  c_w.l(libshutdown2.o)
    0x08000166   0x08000166   0x00000000   Code   RO         1993    .ARM.Collect$$libshutdown$$00000004  c_w.l(libshutdown2.o)
    0x08000166   0x08000166   0x00000000   Code   RO         1996    .ARM.Collect$$libshutdown$$00000007  c_w.l(libshutdown2.o)
    0x08000166   0x08000166   0x00000000   Code   RO         1999    .ARM.Collect$$libshutdown$$0000000A  c_w.l(libshutdown2.o)
    0x08000166   0x08000166   0x00000000   Code   RO         2001    .ARM.Collect$$libshutdown$$0000000C  c_w.l(libshutdown2.o)
    0x08000166   0x08000166   0x00000000   Code   RO         2004    .ARM.Collect$$libshutdown$$0000000F  c_w.l(libshutdown2.o)
    0x08000166   0x08000166   0x00000002   Code   RO         2005    .ARM.Collect$$libshutdown$$00000010  c_w.l(libshutdown2.o)
    0x08000168   0x08000168   0x00000000   Code   RO         1872    .ARM.Collect$$rtentry$$00000000  c_w.l(__rtentry.o)
    0x08000168   0x08000168   0x00000000   Code   RO         1881    .ARM.Collect$$rtentry$$00000002  c_w.l(__rtentry2.o)
    0x08000168   0x08000168   0x00000006   Code   RO         1893    .ARM.Collect$$rtentry$$00000004  c_w.l(__rtentry4.o)
    0x0800016e   0x0800016e   0x00000000   Code   RO         1883    .ARM.Collect$$rtentry$$00000009  c_w.l(__rtentry2.o)
    0x0800016e   0x0800016e   0x00000004   Code   RO         1884    .ARM.Collect$$rtentry$$0000000A  c_w.l(__rtentry2.o)
    0x08000172   0x08000172   0x00000000   Code   RO         1886    .ARM.Collect$$rtentry$$0000000C  c_w.l(__rtentry2.o)
    0x08000172   0x08000172   0x00000008   Code   RO         1887    .ARM.Collect$$rtentry$$0000000D  c_w.l(__rtentry2.o)
    0x0800017a   0x0800017a   0x00000002   Code   RO         1912    .ARM.Collect$$rtexit$$00000000  c_w.l(rtexit.o)
    0x0800017c   0x0800017c   0x00000000   Code   RO         1960    .ARM.Collect$$rtexit$$00000002  c_w.l(rtexit2.o)
    0x0800017c   0x0800017c   0x00000004   Code   RO         1961    .ARM.Collect$$rtexit$$00000003  c_w.l(rtexit2.o)
    0x08000180   0x08000180   0x00000006   Code   RO         1962    .ARM.Collect$$rtexit$$00000004  c_w.l(rtexit2.o)
    0x08000186   0x08000186   0x00000002   PAD
    0x08000188   0x08000188   0x00000040   Code   RO            4    .text               startup_stm32f103xb.o
    0x080001c8   0x080001c8   0x000000f4   Code   RO         1756    .text               context_rvds.o
    0x080002bc   0x080002bc   0x00000048   Code   RO         1830    .text               c_w.l(strcpy.o)
    0x08000304   0x08000304   0x0000003e   Code   RO         1832    .text               c_w.l(strlen.o)
    0x08000342   0x08000342   0x00000096   Code   RO         1834    .text               c_w.l(strncmp.o)
    0x080003d8   0x080003d8   0x00000018   Code   RO         1836    .text               c_w.l(strcat.o)
    0x080003f0   0x080003f0   0x00000064   Code   RO         1838    .text               c_w.l(rt_memcpy_w.o)
    0x08000454   0x08000454   0x00000044   Code   RO         1840    .text               c_w.l(rt_memclr.o)
    0x08000498   0x08000498   0x0000004e   Code   RO         1842    .text               c_w.l(rt_memclr_w.o)
    0x080004e6   0x080004e6   0x00000056   Code   RO         1844    .text               c_w.l(strncpy.o)
    0x0800053c   0x0800053c   0x00000006   Code   RO         1846    .text               c_w.l(heapauxi.o)
    0x08000542   0x08000542   0x0000004a   Code   RO         1897    .text               c_w.l(sys_stackheap_outer.o)
    0x0800058c   0x0800058c   0x00000012   Code   RO         1899    .text               c_w.l(exit.o)
    0x0800059e   0x0800059e   0x00000002   PAD
    0x080005a0   0x080005a0   0x00000008   Code   RO         1909    .text               c_w.l(libspace.o)
    0x080005a8   0x080005a8   0x0000000c   Code   RO         1970    .text               c_w.l(sys_exit.o)
    0x080005b4   0x080005b4   0x00000002   Code   RO         1981    .text               c_w.l(use_no_semi.o)
    0x080005b6   0x080005b6   0x00000000   Code   RO         1983    .text               c_w.l(indicate_semi.o)
    0x080005b6   0x080005b6   0x0000000a   Code   RO          811    i.$Sub$$main        components.o
    0x080005c0   0x080005c0   0x00000002   Code   RO           74    i.BusFault_Handler  stm32f1xx_it.o
    0x080005c2   0x080005c2   0x00000002   Code   RO           75    i.DebugMon_Handler  stm32f1xx_it.o
    0x080005c4   0x080005c4   0x0000001c   Code   RO         1763    i.Debug_uart_init   board.o
    0x080005e0   0x080005e0   0x00000002   Code   RO           76    i.MemManage_Handler  stm32f1xx_it.o
    0x080005e2   0x080005e2   0x00000002   Code   RO           77    i.NMI_Handler       stm32f1xx_it.o
    0x080005e4   0x080005e4   0x00000012   Code   RO         1764    i.SysTick_Handler   board.o
    0x080005f6   0x080005f6   0x00000002   PAD
    0x080005f8   0x080005f8   0x00000068   Code   RO           13    i.SystemCoreClockUpdate  system_stm32f1xx.o
    0x08000660   0x08000660   0x0000005c   Code   RO           14    i.SystemInit        system_stm32f1xx.o
    0x080006bc   0x080006bc   0x0000004c   Code   RO          176    i.USART1_IRQHandler  irqhandler.o
    0x08000708   0x08000708   0x00000048   Code   RO          177    i.USART2_IRQHandler  irqhandler.o
    0x08000750   0x08000750   0x0000004c   Code   RO          178    i.USART3_IRQHandler  irqhandler.o
    0x0800079c   0x0800079c   0x00000002   Code   RO           78    i.UsageFault_Handler  stm32f1xx_it.o
    0x0800079e   0x0800079e   0x00000002   PAD
    0x080007a0   0x080007a0   0x00000044   Code   RO         1128    i.__rt_ffs          kservice.o
    0x080007e4   0x080007e4   0x0000009c   Code   RO          560    i._msh_exec_cmd     msh.o
    0x08000880   0x08000880   0x00000080   Code   RO         1529    i._rt_thread_init   thread.o
    0x08000900   0x08000900   0x0000001c   Code   RO         1659    i._rt_timer_init    timer.o
    0x0800091c   0x0800091c   0x00000006   Code   RO         1660    i._rt_timer_remove  timer.o
    0x08000922   0x08000922   0x0000001c   Code   RO         1530    i._thread_cleanup_execute  thread.o
    0x0800093e   0x0800093e   0x00000002   PAD
    0x08000940   0x08000940   0x0000003c   Code   RO          384    i.adc_get           adc.o
    0x0800097c   0x0800097c   0x000000dc   Code   RO          385    i.adc_init          adc.o
    0x08000a58   0x08000a58   0x000000e8   Code   RO          711    i.bus_fault_track   cpuport.o
    0x08000b40   0x08000b40   0x0000000a   Code   RO          561    i.cmd_free          msh.o
    0x08000b4a   0x08000b4a   0x0000000a   Code   RO          562    i.cmd_ps            msh.o
    0x08000b54   0x08000b54   0x00000060   Code   RO          632    i.finsh_get_prompt  shell.o
    0x08000bb4   0x08000bb4   0x00000014   Code   RO          636    i.finsh_set_prompt_mode  shell.o
    0x08000bc8   0x08000bc8   0x0000000c   Code   RO          637    i.finsh_system_function_init  shell.o
    0x08000bd4   0x08000bd4   0x00000094   Code   RO          638    i.finsh_system_init  shell.o
    0x08000c68   0x08000c68   0x0000028c   Code   RO          640    i.finsh_thread_entry  shell.o
    0x08000ef4   0x08000ef4   0x000000ec   Code   RO          248    i.gpio_init         gpio.o
    0x08000fe0   0x08000fe0   0x00000078   Code   RO          712    i.hard_fault_track  cpuport.o
    0x08001058   0x08001058   0x00000020   Code   RO          420    i.hello             cmd.o
    0x08001078   0x08001078   0x00000064   Code   RO          421    i.list              cmd.o
    0x080010dc   0x080010dc   0x00000024   Code   RO          422    i.list_find_init    cmd.o
    0x08001100   0x08001100   0x00000066   Code   RO          423    i.list_get_next     cmd.o
    0x08001166   0x08001166   0x00000002   PAD
    0x08001168   0x08001168   0x00000144   Code   RO          424    i.list_mailbox      cmd.o
    0x080012ac   0x080012ac   0x0000006c   Code   RO         1302    i.list_mem          mem.o
    0x08001318   0x08001318   0x00000128   Code   RO          425    i.list_msgqueue     cmd.o
    0x08001440   0x08001440   0x0000011c   Code   RO          426    i.list_sem          cmd.o
    0x0800155c   0x0800155c   0x000001b8   Code   RO          427    i.list_thread       cmd.o
    0x08001714   0x08001714   0x00000140   Code   RO          428    i.list_timer        cmd.o
    0x08001854   0x08001854   0x000000ec   Code   RO          219    i.main              main.o
    0x08001940   0x08001940   0x0000000e   Code   RO          812    i.main_thread_entry  components.o
    0x0800194e   0x0800194e   0x00000002   PAD
    0x08001950   0x08001950   0x000000d8   Code   RO          713    i.mem_manage_fault_track  cpuport.o
    0x08001a28   0x08001a28   0x000000ac   Code   RO          563    i.msh_auto_complete  msh.o
    0x08001ad4   0x08001ad4   0x00000064   Code   RO          564    i.msh_exec          msh.o
    0x08001b38   0x08001b38   0x00000078   Code   RO          565    i.msh_help          msh.o
    0x08001bb0   0x08001bb0   0x00000004   Code   RO          566    i.msh_is_used       msh.o
    0x08001bb4   0x08001bb4   0x000000d0   Code   RO          567    i.msh_split         msh.o
    0x08001c84   0x08001c84   0x00000024   Code   RO          354    i.nvic_PriorityGroupConfig  nvic.o
    0x08001ca8   0x08001ca8   0x00000036   Code   RO          355    i.nvic_init         nvic.o
    0x08001cde   0x08001cde   0x00000002   PAD
    0x08001ce0   0x08001ce0   0x00000018   Code   RO          429    i.object_split      cmd.o
    0x08001cf8   0x08001cf8   0x00000054   Code   RO         1303    i.plug_holes        mem.o
    0x08001d4c   0x08001d4c   0x00000130   Code   RO         1130    i.print_number      kservice.o
    0x08001e7c   0x08001e7c   0x0000002c   Code   RO          813    i.rt_application_init  components.o
    0x08001ea8   0x08001ea8   0x0000001a   Code   RO         1304    i.rt_calloc         mem.o
    0x08001ec2   0x08001ec2   0x00000002   PAD
    0x08001ec4   0x08001ec4   0x0000001c   Code   RO          814    i.rt_components_board_init  components.o
    0x08001ee0   0x08001ee0   0x0000001c   Code   RO          815    i.rt_components_init  components.o
    0x08001efc   0x08001efc   0x0000001c   Code   RO         1462    i.rt_enter_critical  scheduler.o
    0x08001f18   0x08001f18   0x00000038   Code   RO         1463    i.rt_exit_critical  scheduler.o
    0x08001f50   0x08001f50   0x000000c4   Code   RO         1305    i.rt_free           mem.o
    0x08002014   0x08002014   0x00000008   Code   RO         1765    i.rt_heap_begin_get  board.o
    0x0800201c   0x0800201c   0x00000008   Code   RO         1766    i.rt_heap_end_get   board.o
    0x08002024   0x08002024   0x00000074   Code   RO         1767    i.rt_hw_board_init  board.o
    0x08002098   0x08002098   0x0000001c   Code   RO         1768    i.rt_hw_console_getchar  board.o
    0x080020b4   0x080020b4   0x00000032   Code   RO         1769    i.rt_hw_console_output  board.o
    0x080020e6   0x080020e6   0x00000002   PAD
    0x080020e8   0x080020e8   0x000001fc   Code   RO          717    i.rt_hw_hard_fault_exception  cpuport.o
    0x080022e4   0x080022e4   0x00000038   Code   RO          718    i.rt_hw_stack_init  cpuport.o
    0x0800231c   0x0800231c   0x0000001c   Code   RO         1101    i.rt_interrupt_enter  irq.o
    0x08002338   0x08002338   0x0000001c   Code   RO         1103    i.rt_interrupt_leave  irq.o
    0x08002354   0x08002354   0x0000000e   Code   RO          922    i.rt_ipc_list_resume  ipc.o
    0x08002362   0x08002362   0x00000002   PAD
    0x08002364   0x08002364   0x00000052   Code   RO          924    i.rt_ipc_list_suspend  ipc.o
    0x080023b6   0x080023b6   0x00000002   PAD
    0x080023b8   0x080023b8   0x00000020   Code   RO         1134    i.rt_kprintf        kservice.o
    0x080023d8   0x080023d8   0x0000000e   Code   RO         1374    i.rt_list_insert_after  object.o
    0x080023e6   0x080023e6   0x0000000e   Code   RO         1531    i.rt_list_insert_after  thread.o
    0x080023f4   0x080023f4   0x0000000e   Code   RO         1661    i.rt_list_insert_after  timer.o
    0x08002402   0x08002402   0x0000000e   Code   RO          925    i.rt_list_insert_before  ipc.o
    0x08002410   0x08002410   0x00000012   Code   RO          430    i.rt_list_len       cmd.o
    0x08002422   0x08002422   0x00000012   Code   RO         1375    i.rt_list_remove    object.o
    0x08002434   0x08002434   0x00000012   Code   RO         1532    i.rt_list_remove    thread.o
    0x08002446   0x08002446   0x00000012   Code   RO         1662    i.rt_list_remove    timer.o
    0x08002458   0x08002458   0x000000f0   Code   RO         1306    i.rt_malloc         mem.o
    0x08002548   0x08002548   0x00000048   Code   RO          927    i.rt_mb_create      ipc.o
    0x08002590   0x08002590   0x000000f4   Code   RO          931    i.rt_mb_recv        ipc.o
    0x08002684   0x08002684   0x00000006   Code   RO          932    i.rt_mb_send        ipc.o
    0x0800268a   0x0800268a   0x000000f2   Code   RO          933    i.rt_mb_send_wait   ipc.o
    0x0800277c   0x0800277c   0x00000032   Code   RO         1139    i.rt_memmove        kservice.o
    0x080027ae   0x080027ae   0x00000002   PAD
    0x080027b0   0x080027b0   0x00000046   Code   RO         1140    i.rt_memset         kservice.o
    0x080027f6   0x080027f6   0x00000050   Code   RO         1376    i.rt_object_allocate  object.o
    0x08002846   0x08002846   0x00000026   Code   RO         1377    i.rt_object_delete  object.o
    0x0800286c   0x0800286c   0x00000020   Code   RO         1378    i.rt_object_detach  object.o
    0x0800288c   0x0800288c   0x00000024   Code   RO         1380    i.rt_object_get_information  object.o
    0x080028b0   0x080028b0   0x00000050   Code   RO         1384    i.rt_object_init    object.o
    0x08002900   0x08002900   0x0000000e   Code   RO         1385    i.rt_object_is_systemobject  object.o
    0x0800290e   0x0800290e   0x00000002   PAD
    0x08002910   0x08002910   0x00000058   Code   RO         1464    i.rt_schedule       scheduler.o
    0x08002968   0x08002968   0x00000050   Code   RO         1465    i.rt_schedule_insert_thread  scheduler.o
    0x080029b8   0x080029b8   0x00000048   Code   RO         1466    i.rt_schedule_remove_thread  scheduler.o
    0x08002a00   0x08002a00   0x00000024   Code   RO          947    i.rt_sem_init       ipc.o
    0x08002a24   0x08002a24   0x00000048   Code   RO          948    i.rt_sem_release    ipc.o
    0x08002a6c   0x08002a6c   0x0000006e   Code   RO          949    i.rt_sem_take       ipc.o
    0x08002ada   0x08002ada   0x00000002   PAD
    0x08002adc   0x08002adc   0x000000b0   Code   RO         1142    i.rt_show_version   kservice.o
    0x08002b8c   0x08002b8c   0x00000010   Code   RO         1148    i.rt_strlen         kservice.o
    0x08002b9c   0x08002b9c   0x00000026   Code   RO         1150    i.rt_strncpy        kservice.o
    0x08002bc2   0x08002bc2   0x00000002   PAD
    0x08002bc4   0x08002bc4   0x000000ac   Code   RO         1309    i.rt_system_heap_init  mem.o
    0x08002c70   0x08002c70   0x00000034   Code   RO         1467    i.rt_system_scheduler_init  scheduler.o
    0x08002ca4   0x08002ca4   0x00000028   Code   RO         1468    i.rt_system_scheduler_start  scheduler.o
    0x08002ccc   0x08002ccc   0x0000000c   Code   RO         1663    i.rt_system_timer_init  timer.o
    0x08002cd8   0x08002cd8   0x00000002   Code   RO         1664    i.rt_system_timer_thread_init  timer.o
    0x08002cda   0x08002cda   0x00000048   Code   RO         1534    i.rt_thread_create  thread.o
    0x08002d22   0x08002d22   0x00000002   PAD
    0x08002d24   0x08002d24   0x0000005c   Code   RO         1539    i.rt_thread_exit    thread.o
    0x08002d80   0x08002d80   0x00000006   Code   RO          887    i.rt_thread_idle_entry  idle.o
    0x08002d86   0x08002d86   0x00000002   PAD
    0x08002d88   0x08002d88   0x0000004c   Code   RO          888    i.rt_thread_idle_excute  idle.o
    0x08002dd4   0x08002dd4   0x00000038   Code   RO          890    i.rt_thread_idle_init  idle.o
    0x08002e0c   0x08002e0c   0x00000030   Code   RO         1541    i.rt_thread_init    thread.o
    0x08002e3c   0x08002e3c   0x0000000e   Code   RO         1542    i.rt_thread_mdelay  thread.o
    0x08002e4a   0x08002e4a   0x0000003c   Code   RO         1543    i.rt_thread_resume  thread.o
    0x08002e86   0x08002e86   0x00000002   PAD
    0x08002e88   0x08002e88   0x0000000c   Code   RO         1544    i.rt_thread_self    thread.o
    0x08002e94   0x08002e94   0x00000040   Code   RO         1545    i.rt_thread_sleep   thread.o
    0x08002ed4   0x08002ed4   0x0000002c   Code   RO         1546    i.rt_thread_startup  thread.o
    0x08002f00   0x08002f00   0x00000042   Code   RO         1547    i.rt_thread_suspend  thread.o
    0x08002f42   0x08002f42   0x00000020   Code   RO         1548    i.rt_thread_timeout  thread.o
    0x08002f62   0x08002f62   0x00000002   PAD
    0x08002f64   0x08002f64   0x00000060   Code   RO         1549    i.rt_thread_yield   thread.o
    0x08002fc4   0x08002fc4   0x00000032   Code   RO          774    i.rt_tick_from_millisecond  clock.o
    0x08002ff6   0x08002ff6   0x00000002   PAD
    0x08002ff8   0x08002ff8   0x0000000c   Code   RO          775    i.rt_tick_get       clock.o
    0x08003004   0x08003004   0x0000002c   Code   RO          776    i.rt_tick_increase  clock.o
    0x08003030   0x08003030   0x0000008c   Code   RO         1665    i.rt_timer_check    timer.o
    0x080030bc   0x080030bc   0x00000048   Code   RO         1666    i.rt_timer_control  timer.o
    0x08003104   0x08003104   0x00000028   Code   RO         1669    i.rt_timer_detach   timer.o
    0x0800312c   0x0800312c   0x00000028   Code   RO         1670    i.rt_timer_init     timer.o
    0x08003154   0x08003154   0x00000084   Code   RO         1672    i.rt_timer_start    timer.o
    0x080031d8   0x080031d8   0x0000002e   Code   RO         1673    i.rt_timer_stop     timer.o
    0x08003206   0x08003206   0x00000002   PAD
    0x08003208   0x08003208   0x00000284   Code   RO         1153    i.rt_vsnprintf      kservice.o
    0x0800348c   0x0800348c   0x00000004   Code   RO          816    i.rti_board_end     components.o
    0x08003490   0x08003490   0x00000004   Code   RO          817    i.rti_board_start   components.o
    0x08003494   0x08003494   0x00000004   Code   RO          818    i.rti_end           components.o
    0x08003498   0x08003498   0x00000004   Code   RO          819    i.rti_start         components.o
    0x0800349c   0x0800349c   0x0000002a   Code   RO          820    i.rtthread_startup  components.o
    0x080034c6   0x080034c6   0x00000002   PAD
    0x080034c8   0x080034c8   0x00000030   Code   RO          431    i.show_wait_queue   cmd.o
    0x080034f8   0x080034f8   0x00000028   Code   RO         1155    i.skip_atoi         kservice.o
    0x08003520   0x08003520   0x000001cc   Code   RO          298    i.uart_init         uart.o
    0x080036ec   0x080036ec   0x00000018   Code   RO          300    i.uart_putchar      uart.o
    0x08003704   0x08003704   0x000000d0   Code   RO          719    i.usage_fault_track  cpuport.o
    0x080037d4   0x080037d4   0x0000000a   Code   RO          432    i.version           cmd.o
    0x080037de   0x080037de   0x00000002   PAD
    0x080037e0   0x080037e0   0x000000c4   Code   RO         1850    x$fpl$fadd          fz_ws.l(faddsub_clz.o)
    0x080038a4   0x080038a4   0x0000000c   Code   RO         1873    x$fpl$fcheck1       fz_ws.l(fcheck1.o)
    0x080038b0   0x080038b0   0x00000184   Code   RO         1857    x$fpl$fdiv          fz_ws.l(fdiv.o)
    0x08003a34   0x08003a34   0x0000003e   Code   RO         1860    x$fpl$ffixu         fz_ws.l(ffixu.o)
    0x08003a72   0x08003a72   0x00000002   PAD
    0x08003a74   0x08003a74   0x00000026   Code   RO         1864    x$fpl$ffltu         fz_ws.l(fflt_clz.o)
    0x08003a9a   0x08003a9a   0x0000008c   Code   RO         1875    x$fpl$fnaninf       fz_ws.l(fnaninf.o)
    0x08003b26   0x08003b26   0x0000000a   Code   RO         1877    x$fpl$fretinf       fz_ws.l(fretinf.o)
    0x08003b30   0x08003b30   0x00000014   Code   RO         1851    x$fpl$frsb          fz_ws.l(faddsub_clz.o)
    0x08003b44   0x08003b44   0x000000ea   Code   RO         1852    x$fpl$fsub          fz_ws.l(faddsub_clz.o)
    0x08003c2e   0x08003c2e   0x00000064   Code   RO         1895    x$fpl$retnan        fz_ws.l(retnan.o)
    0x08003c92   0x08003c92   0x0000004c   Code   RO         1870    x$fpl$scalbnf       fz_ws.l(scalbnf.o)
    0x08003cde   0x08003cde   0x00000030   Code   RO         1907    x$fpl$trapveneer    fz_ws.l(trapv.o)
    0x08003d0e   0x08003d0e   0x00000000   Code   RO         1879    x$fpl$usenofp       fz_ws.l(usenofp.o)
    0x08003d0e   0x08003d0e   0x00000010   Data   RO           15    .constdata          system_stm32f1xx.o
    0x08003d1e   0x08003d1e   0x00000122   Data   RO         1157    .constdata          kservice.o
    0x08003e40   0x08003e40   0x00000044   Data   RO          433    .conststring        cmd.o
    0x08003e84   0x08003e84   0x00000006   Data   RO          434    .rodata.name        cmd.o
    0x08003e8a   0x08003e8a   0x00000010   Data   RO          435    .rodata.name        cmd.o
    0x08003e9a   0x08003e9a   0x00000008   Data   RO          436    .rodata.name        cmd.o
    0x08003ea2   0x08003ea2   0x00000023   Data   RO          437    .rodata.name        cmd.o
    0x08003ec5   0x08003ec5   0x0000000e   Data   RO          438    .rodata.name        cmd.o
    0x08003ed3   0x08003ed3   0x00000023   Data   RO          439    .rodata.name        cmd.o
    0x08003ef6   0x08003ef6   0x0000000c   Data   RO          440    .rodata.name        cmd.o
    0x08003f02   0x08003f02   0x0000000c   Data   RO          441    .rodata.name        cmd.o
    0x08003f0e   0x08003f0e   0x00000012   Data   RO          442    .rodata.name        cmd.o
    0x08003f20   0x08003f20   0x0000000c   Data   RO          443    .rodata.name        cmd.o
    0x08003f2c   0x08003f2c   0x00000009   Data   RO          444    .rodata.name        cmd.o
    0x08003f35   0x08003f35   0x00000019   Data   RO          445    .rodata.name        cmd.o
    0x08003f4e   0x08003f4e   0x0000000f   Data   RO          446    .rodata.name        cmd.o
    0x08003f5d   0x08003f5d   0x00000019   Data   RO          447    .rodata.name        cmd.o
    0x08003f76   0x08003f76   0x0000000d   Data   RO          448    .rodata.name        cmd.o
    0x08003f83   0x08003f83   0x00000018   Data   RO          449    .rodata.name        cmd.o
    0x08003f9b   0x08003f9b   0x00000013   Data   RO          450    .rodata.name        cmd.o
    0x08003fae   0x08003fae   0x00000018   Data   RO          451    .rodata.name        cmd.o
    0x08003fc6   0x08003fc6   0x0000000e   Data   RO          452    .rodata.name        cmd.o
    0x08003fd4   0x08003fd4   0x0000001d   Data   RO          453    .rodata.name        cmd.o
    0x08003ff1   0x08003ff1   0x00000014   Data   RO          454    .rodata.name        cmd.o
    0x08004005   0x08004005   0x0000001d   Data   RO          455    .rodata.name        cmd.o
    0x08004022   0x08004022   0x0000000b   Data   RO          456    .rodata.name        cmd.o
    0x0800402d   0x0800402d   0x00000015   Data   RO          457    .rodata.name        cmd.o
    0x08004042   0x08004042   0x00000011   Data   RO          458    .rodata.name        cmd.o
    0x08004053   0x08004053   0x00000015   Data   RO          459    .rodata.name        cmd.o
    0x08004068   0x08004068   0x00000005   Data   RO          460    .rodata.name        cmd.o
    0x0800406d   0x0800406d   0x0000001a   Data   RO          461    .rodata.name        cmd.o
    0x08004087   0x08004087   0x0000000b   Data   RO          568    .rodata.name        msh.o
    0x08004092   0x08004092   0x00000016   Data   RO          569    .rodata.name        msh.o
    0x080040a8   0x080040a8   0x00000009   Data   RO          570    .rodata.name        msh.o
    0x080040b1   0x080040b1   0x0000001c   Data   RO          571    .rodata.name        msh.o
    0x080040cd   0x080040cd   0x0000000b   Data   RO          572    .rodata.name        msh.o
    0x080040d8   0x080040d8   0x00000025   Data   RO          573    .rodata.name        msh.o
    0x080040fd   0x080040fd   0x00000009   Data   RO         1312    .rodata.name        mem.o
    0x08004106   0x08004106   0x0000001e   Data   RO         1313    .rodata.name        mem.o
    0x08004124   0x08004124   0x00000004   Data   RO          821    .rti_fn.0           components.o
    0x08004128   0x08004128   0x00000004   Data   RO          822    .rti_fn.0.end       components.o
    0x0800412c   0x0800412c   0x00000004   Data   RO         1772    .rti_fn.1           board.o
    0x08004130   0x08004130   0x00000004   Data   RO          823    .rti_fn.1.end       components.o
    0x08004134   0x08004134   0x00000004   Data   RO          643    .rti_fn.6           shell.o
    0x08004138   0x08004138   0x00000004   Data   RO          824    .rti_fn.6.end       components.o
    0x0800413c   0x0800413c   0x000000a8   Data   RO          462    FSymTab             cmd.o
    0x080041e4   0x080041e4   0x00000024   Data   RO          574    FSymTab             msh.o
    0x08004208   0x08004208   0x0000000c   Data   RO         1314    FSymTab             mem.o
    0x08004214   0x08004214   0x00000020   Data   RO         2036    Region$$Table       anon$$obj.o


    Execution Region RW_IRAM1 (Exec base: 0x20000000, Load base: 0x08004234, Size: 0x00004708, Max: 0x00005000, ABSOLUTE)

    Exec Addr    Load Addr    Size         Type   Attr      Idx    E Section Name        Object

    0x20000000   0x08004234   0x00000004   Data   RW           17    .data               system_stm32f1xx.o
    0x20000004   0x08004238   0x00000003   Data   RW          179    .data               irqhandler.o
    0x20000007   0x0800423b   0x00000001   PAD
    0x20000008   0x0800423c   0x00000010   Data   RW          251    .data               gpio.o
    0x20000018   0x0800424c   0x00000010   Data   RW          303    .data               uart.o
    0x20000028   0x0800425c   0x00000008   Data   RW          386    .data               adc.o
    0x20000030   0x08004264   0x00000018   Data   RW          642    .data               shell.o
    0x20000048   0x0800427c   0x00000004   Data   RW          720    .data               cpuport.o
    0x2000004c   0x08004280   0x00000004   Data   RW          721    .data               cpuport.o
    0x20000050   0x08004284   0x00000004   Data   RW          722    .data               cpuport.o
    0x20000054   0x08004288   0x00000004   Data   RW          723    .data               cpuport.o
    0x20000058   0x0800428c   0x00000004   Data   RW          778    .data               clock.o
    0x2000005c   0x08004290   0x00000001   Data   RW         1104    .data               irq.o
    0x2000005d   0x08004291   0x00000003   PAD
    0x20000060   0x08004294   0x00000018   Data   RW         1311    .data               mem.o
    0x20000078   0x080042ac   0x00000050   Data   RW         1387    .data               object.o
    0x200000c8   0x080042fc   0x00000014   Data   RW         1470    .data               scheduler.o
    0x200000dc   0x08004310   0x0000000c   Data   RW         1674    .data               timer.o
    0x200000e8   0x0800431c   0x00000004   Data   RW         1771    .data               board.o
    0x200000ec        -       0x00000020   Zero   RW          220    .bss                main.o
    0x2000010c        -       0x00000081   Zero   RW          641    .bss                shell.o
    0x2000018d   0x08004320   0x00000003   PAD
    0x20000190        -       0x00000178   Zero   RW          891    .bss                idle.o
    0x20000308        -       0x00000080   Zero   RW         1156    .bss                kservice.o
    0x20000388        -       0x00000020   Zero   RW         1310    .bss                mem.o
    0x200003a8        -       0x00000100   Zero   RW         1469    .bss                scheduler.o
    0x200004a8        -       0x00003c00   Zero   RW         1770    .bss                board.o
    0x200040a8        -       0x00000060   Zero   RW         1910    .bss                c_w.l(libspace.o)
    0x20004108        -       0x00000200   Zero   RW            2    HEAP                startup_stm32f103xb.o
    0x20004308        -       0x00000400   Zero   RW            1    STACK               startup_stm32f103xb.o


==============================================================================

Image component sizes


      Code (inc. data)   RO Data    RW Data    ZI Data      Debug   Object Name

       280         18          0          8          0       1885   adc.o
       256         40          4          4      15360      29898   board.o
       106         12          0          4          0       1868   clock.o
      2034        764        751          0          0      16633   cmd.o
       182         28         16          0          0       5926   components.o
       244         28          0          0          0        800   context_rvds.o
      1340        718          0         16          0       5698   cpuport.o
       236         10          0         16          0       1473   gpio.o
       138         22          0          0        376       5054   idle.o
       892          0          0          0          0      10648   ipc.o
        56         12          0          1          0       1642   irq.o
       224         40          0          3          0       2053   irqhandler.o
      1438        160        290          0        128      11021   kservice.o
       236          4          0          0         32       1116   main.o
       826        248         51         24         32       5323   mem.o
       780        162        154          0          0       7840   msh.o
        90         10          0          0          0       1163   nvic.o
       312          6          0         80          0       8500   object.o
       416         56          0         20        256       8182   scheduler.o
       928        136          4         24        129      10248   shell.o
        64         26        236          0       1536        832   startup_stm32f103xb.o
        10          0          0          0          0      13143   stm32f1xx_it.o
       196         30         16          4          0     343263   system_stm32f1xx.o
       788         44          0          0          0      12563   thread.o
       550         20          0         12          0      11004   timer.o
       484         24          0         16          0       2329   uart.o

    ----------------------------------------------------------------------
     13150       2618       1554        236      17852     520105   Object Totals
         0          0         32          0          0          0   (incl. Generated)
        44          0          0          4          3          0   (incl. Padding)

    ----------------------------------------------------------------------

      Code (inc. data)   RO Data    RW Data    ZI Data      Debug   Library Member Name

         8          0          0          0          0         68   __main.o
         0          0          0          0          0          0   __rtentry.o
        12          0          0          0          0          0   __rtentry2.o
         6          0          0          0          0          0   __rtentry4.o
        52          8          0          0          0          0   __scatter.o
        26          0          0          0          0          0   __scatter_copy.o
        28          0          0          0          0          0   __scatter_zi.o
        18          0          0          0          0         80   exit.o
         6          0          0          0          0        152   heapauxi.o
         0          0          0          0          0          0   indicate_semi.o
         2          0          0          0          0          0   libinit.o
         2          0          0          0          0          0   libinit2.o
         2          0          0          0          0          0   libshutdown.o
         2          0          0          0          0          0   libshutdown2.o
         8          4          0          0         96         68   libspace.o
        68          0          0          0          0         68   rt_memclr.o
        78          0          0          0          0         80   rt_memclr_w.o
       100          0          0          0          0         80   rt_memcpy_w.o
         2          0          0          0          0          0   rtexit.o
        10          0          0          0          0          0   rtexit2.o
        24          0          0          0          0         68   strcat.o
        72          0          0          0          0         80   strcpy.o
        62          0          0          0          0         76   strlen.o
       150          0          0          0          0         80   strncmp.o
        86          0          0          0          0         76   strncpy.o
        12          4          0          0          0         68   sys_exit.o
        74          0          0          0          0         80   sys_stackheap_outer.o
         2          0          0          0          0         68   use_no_semi.o
       450          8          0          0          0        236   faddsub_clz.o
        12          4          0          0          0         68   fcheck1.o
       388         76          0          0          0         96   fdiv.o
        62          4          0          0          0         84   ffixu.o
        38          0          0          0          0         68   fflt_clz.o
       140          4          0          0          0         84   fnaninf.o
        10          0          0          0          0         68   fretinf.o
       100          0          0          0          0         68   retnan.o
        76          0          0          0          0         68   scalbnf.o
        48          0          0          0          0         68   trapv.o
         0          0          0          0          0          0   usenofp.o

    ----------------------------------------------------------------------
      2244        112          0          0         96       2100   Library Totals
         8          0          0          0          0          0   (incl. Padding)

    ----------------------------------------------------------------------

      Code (inc. data)   RO Data    RW Data    ZI Data      Debug   Library Name

       912         16          0          0         96       1192   c_w.l
      1324         96          0          0          0        908   fz_ws.l

    ----------------------------------------------------------------------
      2244        112          0          0         96       2100   Library Totals

    ----------------------------------------------------------------------

==============================================================================


      Code (inc. data)   RO Data    RW Data    ZI Data      Debug   

     15394       2730       1554        236      17948     513725   Grand Totals
     15394       2730       1554        236      17948     513725   ELF Image Totals
     15394       2730       1554        236          0          0   ROM Totals

==============================================================================

    Total RO  Size (Code + RO Data)                16948 (  16.55kB)
    Total RW  Size (RW Data + ZI Data)             18184 (  17.76kB)
    Total ROM Size (Code + RO Data + RW Data)      17184 (  16.78kB)

==============================================================================

