Component: ARM Compiler 5.06 update 6 (build 750) Tool: armlink [4d35ed]

==============================================================================

Section Cross References

    startup_stm32f103xb.o(STACK) refers (Special) to heapauxi.o(.text) for __use_two_region_memory
    startup_stm32f103xb.o(HEAP) refers (Special) to heapauxi.o(.text) for __use_two_region_memory
    startup_stm32f103xb.o(RESET) refers (Special) to heapauxi.o(.text) for __use_two_region_memory
    startup_stm32f103xb.o(RESET) refers to startup_stm32f103xb.o(STACK) for __initial_sp
    startup_stm32f103xb.o(RESET) refers to startup_stm32f103xb.o(.text) for Reset_Handler
    startup_stm32f103xb.o(RESET) refers to stm32f1xx_it.o(i.NMI_Handler) for NMI_Handler
    startup_stm32f103xb.o(RESET) refers to context_rvds.o(.text) for HardFault_Handler
    startup_stm32f103xb.o(RESET) refers to stm32f1xx_it.o(i.MemManage_Handler) for MemManage_Handler
    startup_stm32f103xb.o(RESET) refers to stm32f1xx_it.o(i.BusFault_Handler) for BusFault_Handler
    startup_stm32f103xb.o(RESET) refers to stm32f1xx_it.o(i.UsageFault_Handler) for UsageFault_Handler
    startup_stm32f103xb.o(RESET) refers to stm32f1xx_it.o(i.DebugMon_Handler) for DebugMon_Handler
    startup_stm32f103xb.o(RESET) refers to board.o(i.SysTick_Handler) for SysTick_Handler
    startup_stm32f103xb.o(RESET) refers to irqhandler.o(i.USART1_IRQHandler) for USART1_IRQHandler
    startup_stm32f103xb.o(RESET) refers to irqhandler.o(i.USART2_IRQHandler) for USART2_IRQHandler
    startup_stm32f103xb.o(RESET) refers to irqhandler.o(i.USART3_IRQHandler) for USART3_IRQHandler
    startup_stm32f103xb.o(.text) refers (Special) to heapauxi.o(.text) for __use_two_region_memory
    startup_stm32f103xb.o(.text) refers to system_stm32f1xx.o(i.SystemInit) for SystemInit
    startup_stm32f103xb.o(.text) refers to __main.o(!!!main) for __main
    startup_stm32f103xb.o(.text) refers to startup_stm32f103xb.o(HEAP) for Heap_Mem
    startup_stm32f103xb.o(.text) refers to startup_stm32f103xb.o(STACK) for Stack_Mem
    system_stm32f1xx.o(i.SystemCoreClockUpdate) refers to system_stm32f1xx.o(.data) for .data
    system_stm32f1xx.o(i.SystemCoreClockUpdate) refers to system_stm32f1xx.o(.constdata) for .constdata
    irqhandler.o(i.USART1_IRQHandler) refers to irq.o(i.rt_interrupt_enter) for rt_interrupt_enter
    irqhandler.o(i.USART1_IRQHandler) refers to ipc.o(i.rt_mb_send) for rt_mb_send
    irqhandler.o(i.USART1_IRQHandler) refers to irq.o(i.rt_interrupt_leave) for rt_interrupt_leave
    irqhandler.o(i.USART1_IRQHandler) refers to irqhandler.o(.data) for .data
    irqhandler.o(i.USART1_IRQHandler) refers to board.o(.data) for Shell_RX
    irqhandler.o(i.USART2_IRQHandler) refers to irq.o(i.rt_interrupt_enter) for rt_interrupt_enter
    irqhandler.o(i.USART2_IRQHandler) refers to ipc.o(i.rt_mb_send) for rt_mb_send
    irqhandler.o(i.USART2_IRQHandler) refers to irq.o(i.rt_interrupt_leave) for rt_interrupt_leave
    irqhandler.o(i.USART2_IRQHandler) refers to irqhandler.o(.data) for .data
    irqhandler.o(i.USART2_IRQHandler) refers to board.o(.data) for Shell_RX
    irqhandler.o(i.USART3_IRQHandler) refers to irq.o(i.rt_interrupt_enter) for rt_interrupt_enter
    irqhandler.o(i.USART3_IRQHandler) refers to ipc.o(i.rt_mb_send) for rt_mb_send
    irqhandler.o(i.USART3_IRQHandler) refers to irq.o(i.rt_interrupt_leave) for rt_interrupt_leave
    irqhandler.o(i.USART3_IRQHandler) refers to irqhandler.o(.data) for .data
    irqhandler.o(i.USART3_IRQHandler) refers to board.o(.data) for Shell_RX
    main.o(i.main) refers to gpio.o(i.gpio_init) for gpio_init
    main.o(i.main) refers to gpio.o(i.gpio_reverse) for gpio_reverse
    main.o(i.main) refers to thread.o(i.rt_thread_mdelay) for rt_thread_mdelay
    gpio.o(i.gpio_dir) refers to gpio.o(.data) for .data
    gpio.o(i.gpio_get) refers to gpio.o(.data) for .data
    gpio.o(i.gpio_init) refers to gpio.o(.data) for .data
    gpio.o(i.gpio_reverse) refers to gpio.o(.data) for .data
    gpio.o(i.gpio_set) refers to gpio.o(.data) for .data
    uart.o(i.uart_getchar) refers to irqhandler.o(.data) for UART1_Interrupt_flag
    uart.o(i.uart_getchar) refers to uart.o(.data) for .data
    uart.o(i.uart_init) refers to fflt_clz.o(x$fpl$ffltu) for __aeabi_ui2f
    uart.o(i.uart_init) refers to fdiv.o(x$fpl$fdiv) for __aeabi_fdiv
    uart.o(i.uart_init) refers to ffixu.o(x$fpl$ffixu) for __aeabi_f2uiz
    uart.o(i.uart_init) refers to faddsub_clz.o(x$fpl$frsb) for __aeabi_frsub
    uart.o(i.uart_init) refers to scalbnf.o(x$fpl$scalbnf) for __ARM_scalbnf
    uart.o(i.uart_init) refers to gpio.o(i.gpio_init) for gpio_init
    uart.o(i.uart_init) refers to nvic.o(i.nvic_init) for nvic_init
    uart.o(i.uart_init) refers to uart.o(.data) for .data
    uart.o(i.uart_putbuff) refers to uart.o(i.uart_putchar) for uart_putchar
    uart.o(i.uart_putchar) refers to uart.o(.data) for .data
    uart.o(i.uart_putstr) refers to uart.o(i.uart_putchar) for uart_putchar
[...]
    i.rt_thread_exit                         0x08002b5c   Section        0  thread.o(i.rt_thread_exit)
    i.rt_thread_idle_entry                   0x08002bb8   Section        0  idle.o(i.rt_thread_idle_entry)
    rt_thread_idle_entry                     0x08002bb9   Thumb Code     6  idle.o(i.rt_thread_idle_entry)
    i.rt_thread_idle_excute                  0x08002bc0   Section        0  idle.o(i.rt_thread_idle_excute)
    i.rt_thread_idle_init                    0x08002c0c   Section        0  idle.o(i.rt_thread_idle_init)
    i.rt_thread_init                         0x08002c44   Section        0  thread.o(i.rt_thread_init)
    i.rt_thread_mdelay                       0x08002c74   Section        0  thread.o(i.rt_thread_mdelay)
    i.rt_thread_resume                       0x08002c82   Section        0  thread.o(i.rt_thread_resume)
    i.rt_thread_self                         0x08002cc0   Section        0  thread.o(i.rt_thread_self)
    i.rt_thread_sleep                        0x08002ccc   Section        0  thread.o(i.rt_thread_sleep)
    i.rt_thread_startup                      0x08002d0c   Section        0  thread.o(i.rt_thread_startup)
    i.rt_thread_suspend                      0x08002d38   Section        0  thread.o(i.rt_thread_suspend)
    i.rt_thread_timeout                      0x08002d7a   Section        0  thread.o(i.rt_thread_timeout)
    i.rt_thread_yield                        0x08002d9c   Section        0  thread.o(i.rt_thread_yield)
    i.rt_tick_from_millisecond               0x08002dfc   Section        0  clock.o(i.rt_tick_from_millisecond)
    i.rt_tick_get                            0x08002e30   Section        0  clock.o(i.rt_tick_get)
    i.rt_tick_increase                       0x08002e3c   Section        0  clock.o(i.rt_tick_increase)
    i.rt_timer_check                         0x08002e68   Section        0  timer.o(i.rt_timer_check)
    i.rt_timer_control                       0x08002ef4   Section        0  timer.o(i.rt_timer_control)
    i.rt_timer_detach                        0x08002f3c   Section        0  timer.o(i.rt_timer_detach)
    i.rt_timer_init                          0x08002f64   Section        0  timer.o(i.rt_timer_init)
    i.rt_timer_start                         0x08002f8c   Section        0  timer.o(i.rt_timer_start)
    i.rt_timer_stop                          0x08003010   Section        0  timer.o(i.rt_timer_stop)
    i.rt_vsnprintf                           0x08003040   Section        0  kservice.o(i.rt_vsnprintf)
    i.rti_board_end                          0x080032c4   Section        0  components.o(i.rti_board_end)
    rti_board_end                            0x080032c5   Thumb Code     4  components.o(i.rti_board_end)
    i.rti_board_start                        0x080032c8   Section        0  components.o(i.rti_board_start)
    rti_board_start                          0x080032c9   Thumb Code     4  components.o(i.rti_board_start)
    i.rti_end                                0x080032cc   Section        0  components.o(i.rti_end)
    rti_end                                  0x080032cd   Thumb Code     4  components.o(i.rti_end)
    i.rti_start                              0x080032d0   Section        0  components.o(i.rti_start)
    rti_start                                0x080032d1   Thumb Code     4  components.o(i.rti_start)
    i.rtthread_startup                       0x080032d4   Section        0  components.o(i.rtthread_startup)
    i.show_wait_queue                        0x08003300   Section        0  cmd.o(i.show_wait_queue)
    show_wait_queue                          0x08003301   Thumb Code    38  cmd.o(i.show_wait_queue)
    i.skip_atoi                              0x08003330   Section        0  kservice.o(i.skip_atoi)
    skip_atoi                                0x08003331   Thumb Code    40  kservice.o(i.skip_atoi)
    i.uart_init                              0x08003358   Section        0  uart.o(i.uart_init)
    i.uart_putchar                           0x08003524   Section        0  uart.o(i.uart_putchar)
    i.usage_fault_track                      0x0800353c   Section        0  cpuport.o(i.usage_fault_track)
    usage_fault_track                        0x0800353d   Thumb Code   100  cpuport.o(i.usage_fault_track)
    i.version                                0x0800360c   Section        0  cmd.o(i.version)
    x$fpl$fadd                               0x08003618   Section      196  faddsub_clz.o(x$fpl$fadd)
    _fadd1                                   0x08003627   Thumb Code     0  faddsub_clz.o(x$fpl$fadd)
    x$fpl$fcheck1                            0x080036dc   Section       12  fcheck1.o(x$fpl$fcheck1)
    x$fpl$fdiv                               0x080036e8   Section      388  fdiv.o(x$fpl$fdiv)
    _fdiv1                                   0x080036e9   Thumb Code     0  fdiv.o(x$fpl$fdiv)
    x$fpl$ffixu                              0x0800386c   Section       62  ffixu.o(x$fpl$ffixu)
    x$fpl$ffltu                              0x080038ac   Section       38  fflt_clz.o(x$fpl$ffltu)
    x$fpl$fnaninf                            0x080038d2   Section      140  fnaninf.o(x$fpl$fnaninf)
    x$fpl$fretinf                            0x0800395e   Section       10  fretinf.o(x$fpl$fretinf)
    x$fpl$frsb                               0x08003968   Section       20  faddsub_clz.o(x$fpl$frsb)
    x$fpl$fsub                               0x0800397c   Section      234  faddsub_clz.o(x$fpl$fsub)
    _fsub1                                   0x0800398b   Thumb Code     0  faddsub_clz.o(x$fpl$fsub)
    x$fpl$retnan                             0x08003a66   Section      100  retnan.o(x$fpl$retnan)
    x$fpl$scalbnf                            0x08003aca   Section       76  scalbnf.o(x$fpl$scalbnf)
    x$fpl$trapveneer                         0x08003b16   Section       48  trapv.o(x$fpl$trapveneer)
    .constdata                               0x08003b46   Section       16  system_stm32f1xx.o(.constdata)
    x$fpl$usenofp                            0x08003b46   Section        0  usenofp.o(x$fpl$usenofp)
    .constdata                               0x08003b56   Section      290  kservice.o(.constdata)
    small_digits                             0x08003c56   Data          17  kservice.o(.constdata)
    large_digits                             0x08003c67   Data          17  kservice.o(.constdata)
    .conststring                             0x08003c78   Section       68  cmd.o(.conststring)
    .rodata.name                             0x08003cbc   Section        6  cmd.o(.rodata.name)
    .rodata.name                             0x08003cc2   Section       16  cmd.o(.rodata.name)
    .rodata.name                             0x08003cd2   Section        8  cmd.o(.rodata.name)
    .rodata.name                             0x08003cda   Section       35  cmd.o(.rodata.name)
    .rodata.name                             0x08003cfd   Section       14  cmd.o(.rodata.name)
    .rodata.name                             0x08003d0b   Section       35  cmd.o(.rodata.name)
    .rodata.name                             0x08003d2e   Section       12  cmd.o(.rodata.name)
    .rodata.name                             0x08003d3a   Section       12  cmd.o(.rodata.name)
    .rodata.name                             0x08003d46   Section       18  cmd.o(.rodata.name)
    .rodata.name                             0x08003d58   Section       12  cmd.o(.rodata.name)
    .rodata.name                             0x08003d64   Section        9  cmd.o(.rodata.name)
    .rodata.name                             0x08003d6d   Section       25  cmd.o(.rodata.name)
    .rodata.name                             0x08003d86   Section       15  cmd.o(.rodata.name)
    .rodata.name                             0x08003d95   Section       25  cmd.o(.rodata.name)
    .rodata.name                             0x08003dae   Section       13  cmd.o(.rodata.name)
    .rodata.name                             0x08003dbb   Section       24  cmd.o(.rodata.name)
    .rodata.name                             0x08003dd3   Section       19  cmd.o(.rodata.name)
    .rodata.name                             0x08003de6   Section       24  cmd.o(.rodata.name)
    .rodata.name                             0x08003dfe   Section       14  cmd.o(.rodata.name)
    .rodata.name                             0x08003e0c   Section       29  cmd.o(.rodata.name)
    .rodata.name                             0x08003e29   Section       20  cmd.o(.rodata.name)
    .rodata.name                             0x08003e3d   Section       29  cmd.o(.rodata.name)
    .rodata.name                             0x08003e5a   Section       11  cmd.o(.rodata.name)
    .rodata.name                             0x08003e65   Section       21  cmd.o(.rodata.name)
    .rodata.name                             0x08003e7a   Section       17  cmd.o(.rodata.name)
    .rodata.name                             0x08003e8b   Section       21  cmd.o(.rodata.name)
    .rodata.name                             0x08003ea0   Section        5  cmd.o(.rodata.name)
    .rodata.name                             0x08003ea5   Section       26  cmd.o(.rodata.name)
    .rodata.name                             0x08003ebf   Section       11  msh.o(.rodata.name)
    .rodata.name                             0x08003eca   Section       22  msh.o(.rodata.name)
    .rodata.name                             0x08003ee0   Section        9  msh.o(.rodata.name)
    .rodata.name                             0x08003ee9   Section       28  msh.o(.rodata.name)
    .rodata.name                             0x08003f05   Section       11  msh.o(.rodata.name)
    .rodata.name                             0x08003f10   Section       37  msh.o(.rodata.name)
    .rodata.name                             0x08003f35   Section        9  mem.o(.rodata.name)
    .rodata.name                             0x08003f3e   Section       30  mem.o(.rodata.name)
    .rti_fn.0                                0x08003f5c   Section        4  components.o(.rti_fn.0)
    __tagsym$$used                           0x08003f5c   Number         0  components.o(.rti_fn.0)
    .rti_fn.0.end                            0x08003f60   Section        4  components.o(.rti_fn.0.end)
    __tagsym$$used                           0x08003f60   Number         0  components.o(.rti_fn.0.end)
    .rti_fn.1                                0x08003f64   Section        4  board.o(.rti_fn.1)
    __tagsym$$used                           0x08003f64   Number         0  board.o(.rti_fn.1)
    .rti_fn.1.end                            0x08003f68   Section        4  components.o(.rti_fn.1.end)
    __tagsym$$used                           0x08003f68   Number         0  components.o(.rti_fn.1.end)
    .rti_fn.6                                0x08003f6c   Section        4  shell.o(.rti_fn.6)
    __tagsym$$used                           0x08003f6c   Number         0  shell.o(.rti_fn.6)
    .rti_fn.6.end                            0x08003f70   Section        4  components.o(.rti_fn.6.end)
    __tagsym$$used                           0x08003f70   Number         0  components.o(.rti_fn.6.end)
    FSymTab                                  0x08003f74   Section      168  cmd.o(FSymTab)
    __tagsym$$used                           0x08003f74   Number         0  cmd.o(FSymTab)
    __tagsym$$used                           0x08003f80   Number         0  cmd.o(FSymTab)
    __tagsym$$used                           0x08003f8c   Number         0  cmd.o(FSymTab)
    __tagsym$$used                           0x08003f98   Number         0  cmd.o(FSymTab)
    __tagsym$$used                           0x08003fa4   Number         0  cmd.o(FSymTab)
    __tagsym$$used                           0x08003fb0   Number         0  cmd.o(FSymTab)
    __tagsym$$used                           0x08003fbc   Number         0  cmd.o(FSymTab)
    __tagsym$$used                           0x08003fc8   Number         0  cmd.o(FSymTab)
    __tagsym$$used                           0x08003fd4   Number         0  cmd.o(FSymTab)
    __tagsym$$used                           0x08003fe0   Number         0  cmd.o(FSymTab)
    __tagsym$$used                           0x08003fec   Number         0  cmd.o(FSymTab)
    __tagsym$$used                           0x08003ff8   Number         0  cmd.o(FSymTab)
    __tagsym$$used                           0x08004004   Number         0  cmd.o(FSymTab)
    __tagsym$$used                           0x08004010   Number         0  cmd.o(FSymTab)
    FSymTab                                  0x0800401c   Section       36  msh.o(FSymTab)
    __tagsym$$used                           0x0800401c   Number         0  msh.o(FSymTab)
    __tagsym$$used                           0x08004028   Number         0  msh.o(FSymTab)
    __tagsym$$used                           0x08004034   Number         0  msh.o(FSymTab)
    FSymTab                                  0x08004040   Section       12  mem.o(FSymTab)
    __tagsym$$used                           0x08004040   Number         0  mem.o(FSymTab)
    .data                                    0x20000000   Section        4  system_stm32f1xx.o(.data)
    .data                                    0x20000004   Section        3  irqhandler.o(.data)
    .data                                    0x20000008   Section       16  gpio.o(.data)
    .data                                    0x20000018   Section       16  uart.o(.data)
    .data                                    0x20000028   Section       24  shell.o(.data)
    finsh_prompt_custom                      0x20000038   Data           4  shell.o(.data)
    .data                                    0x20000040   Section        4  cpuport.o(.data)
    rt_exception_hook                        0x20000040   Data           4  cpuport.o(.data)
    .data                                    0x20000044   Section        4  cpuport.o(.data)
    .data                                    0x20000048   Section        4  cpuport.o(.data)
    .data                                    0x2000004c   Section        4  cpuport.o(.data)
    .data                                    0x20000050   Section        4  clock.o(.data)
    rt_tick                                  0x20000050   Data           4  clock.o(.data)
    .data                                    0x20000054   Section        1  irq.o(.data)
    .data                                    0x20000058   Section       24  mem.o(.data)
    heap_ptr                                 0x20000058   Data           4  mem.o(.data)
    heap_end                                 0x2000005c   Data           4  mem.o(.data)
    lfree                                    0x20000060   Data           4  mem.o(.data)
    mem_size_aligned                         0x20000064   Data           4  mem.o(.data)
    used_mem                                 0x20000068   Data           4  mem.o(.data)
    max_mem                                  0x2000006c   Data           4  mem.o(.data)
    .data                                    0x20000070   Section       80  object.o(.data)
    rt_object_container                      0x20000070   Data          80  object.o(.data)
    .data                                    0x200000c0   Section       20  scheduler.o(.data)
    rt_scheduler_lock_nest                   0x200000c2   Data           2  scheduler.o(.data)
    .data                                    0x200000d4   Section       12  timer.o(.data)
    random_nr                                0x200000d4   Data           4  timer.o(.data)
    rt_timer_list                            0x200000d8   Data           8  timer.o(.data)
    .data                                    0x200000e0   Section        4  board.o(.data)
    .bss                                     0x200000e4   Section      129  shell.o(.bss)
    finsh_prompt                             0x200000e4   Data         129  shell.o(.bss)
    .bss                                     0x20000168   Section      376  idle.o(.bss)
    idle                                     0x20000168   Data         120  idle.o(.bss)
    rt_thread_stack                          0x200001e0   Data         256  idle.o(.bss)
    .bss                                     0x200002e0   Section      128  kservice.o(.bss)
    rt_log_buf                               0x200002e0   Data         128  kservice.o(.bss)
    .bss                                     0x20000360   Section       32  mem.o(.bss)
    heap_sem                                 0x20000360   Data          32  mem.o(.bss)
    .bss                                     0x20000380   Section      256  scheduler.o(.bss)
    .bss                                     0x20000480   Section    15360  board.o(.bss)
    rt_heap                                  0x20000480   Data       15360  board.o(.bss)
    .bss                                     0x20004080   Section       96  libspace.o(.bss)
    HEAP                                     0x200040e0   Section      512  startup_stm32f103xb.o(HEAP)
    Heap_Mem                                 0x200040e0   Data         512  startup_stm32f103xb.o(HEAP)
    STACK                                    0x200042e0   Section     1024  startup_stm32f103xb.o(STACK)
    Stack_Mem                                0x200042e0   Data        1024  startup_stm32f103xb.o(STACK)
    __initial_sp                             0x200046e0   Data           0  startup_stm32f103xb.o(STACK)

    Global Symbols

    Symbol Name                              Value     Ov Type        Size  Object(Section)

    BuildAttributes$$THM_ISAv4$P$D$K$B$S$PE$A:L22UL41UL21$X:L11$S22US41US21$IEEE1$IW$USESV6$~STKCKD$USESV7$~SHL$OSPACE$ROPI$EBA8$UX$STANDARDLIB$REQ8$PRES8$EABIv2 0x00000000   Number         0  anon$$obj.o ABSOLUTE
    __ARM_use_no_argv                        0x00000000   Number         0  main.o ABSOLUTE
    __ARM_exceptions_init                     - Undefined Weak Reference
    __alloca_initialize                       - Undefined Weak Reference
    __arm_preinit_                            - Undefined Weak Reference
    __cpp_initialize__aeabi_                  - Undefined Weak Reference
    __cxa_finalize                            - Undefined Weak Reference
    __rt_locale                               - Undefined Weak Reference
    __sigvec_lookup                           - Undefined Weak Reference
    _atexit_init                              - Undefined Weak Reference
    _call_atexit_fns                          - Undefined Weak Reference
    _clock_init                               - Undefined Weak Reference
    _fp_trap_init                             - Undefined Weak Reference
    _fp_trap_shutdown                         - Undefined Weak Reference
    _get_lc_collate                           - Undefined Weak Reference
    _get_lc_ctype                             - Undefined Weak Reference
    _get_lc_monetary                          - Undefined Weak Reference
    _get_lc_numeric                           - Undefined Weak Reference
    _get_lc_time                              - Undefined Weak Reference
    _getenv_init                              - Undefined Weak Reference
    _handle_redirection                       - Undefined Weak Reference
    _init_alloc                               - Undefined Weak Reference
    _init_user_alloc                          - Undefined Weak Reference
    _initio                                   - Undefined Weak Reference
    _rand_init                                - Undefined Weak Reference
    _signal_finish                            - Undefined Weak Reference
    _signal_init                              - Undefined Weak Reference
    _terminate_alloc                          - Undefined Weak Reference
    _terminate_user_alloc                     - Undefined Weak Reference
    _terminateio                              - Undefined Weak Reference
    __Vectors_Size                           0x000000ec   Number         0  startup_stm32f103xb.o ABSOLUTE
    __Vectors                                0x08000000   Data           4  startup_stm32f103xb.o(RESET)
    __Vectors_End                            0x080000ec   Data           0  startup_stm32f103xb.o(RESET)
    __main                                   0x080000ed   Thumb Code     8  __main.o(!!!main)
    __scatterload                            0x080000f5   Thumb Code     0  __scatter.o(!!!scatter)
    __scatterload_rt2                        0x080000f5   Thumb Code    44  __scatter.o(!!!scatter)
    __scatterload_rt2_thumb_only             0x080000f5   Thumb Code     0  __scatter.o(!!!scatter)
    __scatterload_null                       0x08000103   Thumb Code     0  __scatter.o(!!!scatter)
    __scatterload_copy                       0x08000129   Thumb Code    26  __scatter_copy.o(!!handler_copy)
    __scatterload_zeroinit                   0x08000145   Thumb Code    28  __scatter_zi.o(!!handler_zi)
    __rt_lib_init                            0x08000161   Thumb Code     0  libinit.o(.ARM.Collect$$libinit$$00000000)
    __rt_lib_init_alloca_1                   0x08000163   Thumb Code     0  libinit2.o(.ARM.Collect$$libinit$$0000002E)
    __rt_lib_init_argv_1                     0x08000163   Thumb Code     0  libinit2.o(.ARM.Collect$$libinit$$0000002C)
    __rt_lib_init_atexit_1                   0x08000163   Thumb Code     0  libinit2.o(.ARM.Collect$$libinit$$0000001B)
    __rt_lib_init_clock_1                    0x08000163   Thumb Code     0  libinit2.o(.ARM.Collect$$libinit$$00000021)
    __rt_lib_init_cpp_1                      0x08000163   Thumb Code     0  libinit2.o(.ARM.Collect$$libinit$$00000032)
    __rt_lib_init_exceptions_1               0x08000163   Thumb Code     0  libinit2.o(.ARM.Collect$$libinit$$00000030)
    __rt_lib_init_fp_1                       0x08000163   Thumb Code     0  libinit2.o(.ARM.Collect$$libinit$$00000002)
    __rt_lib_init_fp_trap_1                  0x08000163   Thumb Code     0  libinit2.o(.ARM.Collect$$libinit$$0000001F)
    __rt_lib_init_getenv_1                   0x08000163   Thumb Code     0  libinit2.o(.ARM.Collect$$libinit$$00000023)
    __rt_lib_init_heap_1                     0x08000163   Thumb Code     0  libinit2.o(.ARM.Collect$$libinit$$0000000A)
    __rt_lib_init_lc_collate_1               0x08000163   Thumb Code     0  libinit2.o(.ARM.Collect$$libinit$$00000011)
    __rt_lib_init_lc_ctype_1                 0x08000163   Thumb Code     0  libinit2.o(.ARM.Collect$$libinit$$00000013)
    __rt_lib_init_lc_monetary_1              0x08000163   Thumb Code     0  libinit2.o(.ARM.Collect$$libinit$$00000015)
    __rt_lib_init_lc_numeric_1               0x08000163   Thumb Code     0  libinit2.o(.ARM.Collect$$libinit$$00000017)
    __rt_lib_init_lc_time_1                  0x08000163   Thumb Code     0  libinit2.o(.ARM.Collect$$libinit$$00000019)
    __rt_lib_init_preinit_1                  0x08000163   Thumb Code     0  libinit2.o(.ARM.Collect$$libinit$$00000004)
    __rt_lib_init_rand_1                     0x08000163   Thumb Code     0  libinit2.o(.ARM.Collect$$libinit$$0000000E)
    __rt_lib_init_return                     0x08000163   Thumb Code     0  libinit2.o(.ARM.Collect$$libinit$$00000033)
    __rt_lib_init_signal_1                   0x08000163   Thumb Code     0  libinit2.o(.ARM.Collect$$libinit$$0000001D)
    __rt_lib_init_stdio_1                    0x08000163   Thumb Code     0  libinit2.o(.ARM.Collect$$libinit$$00000025)
    __rt_lib_init_user_alloc_1               0x08000163   Thumb Code     0  libinit2.o(.ARM.Collect$$libinit$$0000000C)
    __rt_lib_shutdown                        0x08000165   Thumb Code     0  libshutdown.o(.ARM.Collect$$libshutdown$$00000000)
    __rt_lib_shutdown_cpp_1                  0x08000167   Thumb Code     0  libshutdown2.o(.ARM.Collect$$libshutdown$$00000002)
    __rt_lib_shutdown_fp_trap_1              0x08000167   Thumb Code     0  libshutdown2.o(.ARM.Collect$$libshutdown$$00000007)
    __rt_lib_shutdown_heap_1                 0x08000167   Thumb Code     0  libshutdown2.o(.ARM.Collect$$libshutdown$$0000000F)
    __rt_lib_shutdown_return                 0x08000167   Thumb Code     0  libshutdown2.o(.ARM.Collect$$libshutdown$$00000010)
    __rt_lib_shutdown_signal_1               0x08000167   Thumb Code     0  libshutdown2.o(.ARM.Collect$$libshutdown$$0000000A)
    __rt_lib_shutdown_stdio_1                0x08000167   Thumb Code     0  libshutdown2.o(.ARM.Collect$$libshutdown$$00000004)
    __rt_lib_shutdown_user_alloc_1           0x08000167   Thumb Code     0  libshutdown2.o(.ARM.Collect$$libshutdown$$0000000C)
    __rt_entry                               0x08000169   Thumb Code     0  __rtentry.o(.ARM.Collect$$rtentry$$00000000)
    __rt_entry_presh_1                       0x08000169   Thumb Code     0  __rtentry2.o(.ARM.Collect$$rtentry$$00000002)
    __rt_entry_sh                            0x08000169   Thumb Code     0  __rtentry4.o(.ARM.Collect$$rtentry$$00000004)
    __rt_entry_li                            0x0800016f   Thumb Code     0  __rtentry2.o(.ARM.Collect$$rtentry$$0000000A)
    __rt_entry_postsh_1                      0x0800016f   Thumb Code     0  __rtentry2.o(.ARM.Collect$$rtentry$$00000009)
    __rt_entry_main                          0x08000173   Thumb Code     0  __rtentry2.o(.ARM.Collect$$rtentry$$0000000D)
    __rt_entry_postli_1                      0x08000173   Thumb Code     0  __rtentry2.o(.ARM.Collect$$rtentry$$0000000C)
    __rt_exit                                0x0800017b   Thumb Code     0  rtexit.o(.ARM.Collect$$rtexit$$00000000)
    __rt_exit_ls                             0x0800017d   Thumb Code     0  rtexit2.o(.ARM.Collect$$rtexit$$00000003)
    __rt_exit_prels_1                        0x0800017d   Thumb Code     0  rtexit2.o(.ARM.Collect$$rtexit$$00000002)
    __rt_exit_exit                           0x08000181   Thumb Code     0  rtexit2.o(.ARM.Collect$$rtexit$$00000004)
    Reset_Handler                            0x08000189   Thumb Code     8  startup_stm32f103xb.o(.text)
    SVC_Handler                              0x0800019b   Thumb Code     2  startup_stm32f103xb.o(.text)
    ADC1_2_IRQHandler                        0x080001a3   Thumb Code     0  startup_stm32f103xb.o(.text)
    CAN1_RX1_IRQHandler                      0x080001a3   Thumb Code     0  startup_stm32f103xb.o(.text)
    CAN1_SCE_IRQHandler                      0x080001a3   Thumb Code     0  startup_stm32f103xb.o(.text)
    DMA1_Channel1_IRQHandler                 0x080001a3   Thumb Code     0  startup_stm32f103xb.o(.text)
    DMA1_Channel2_IRQHandler                 0x080001a3   Thumb Code     0  startup_stm32f103xb.o(.text)
    DMA1_Channel3_IRQHandler                 0x080001a3   Thumb Code     0  startup_stm32f103xb.o(.text)
    DMA1_Channel4_IRQHandler                 0x080001a3   Thumb Code     0  startup_stm32f103xb.o(.text)
    DMA1_Channel5_IRQHandler                 0x080001a3   Thumb Code     0  startup_stm32f103xb.o(.text)
    DMA1_Channel6_IRQHandler                 0x080001a3   Thumb Code     0  startup_stm32f103xb.o(.text)
    DMA1_Channel7_IRQHandler                 0x080001a3   Thumb Code     0  startup_stm32f103xb.o(.text)
    EXTI0_IRQHandler                         0x080001a3   Thumb Code     0  startup_stm32f103xb.o(.text)
    EXTI15_10_IRQHandler                     0x080001a3   Thumb Code     0  startup_stm32f103xb.o(.text)
    EXTI1_IRQHandler                         0x080001a3   Thumb Code     0  startup_stm32f103xb.o(.text)
    EXTI2_IRQHandler                         0x080001a3   Thumb Code     0  startup_stm32f103xb.o(.text)
    EXTI3_IRQHandler                         0x080001a3   Thumb Code     0  startup_stm32f103xb.o(.text)
    EXTI4_IRQHandler                         0x080001a3   Thumb Code     0  startup_stm32f103xb.o(.text)
    EXTI9_5_IRQHandler                       0x080001a3   Thumb Code     0  startup_stm32f103xb.o(.text)
    FLASH_IRQHandler                         0x080001a3   Thumb Code     0  startup_stm32f103xb.o(.text)
    I2C1_ER_IRQHandler                       0x080001a3   Thumb Code     0  startup_stm32f103xb.o(.text)
    I2C1_EV_IRQHandler                       0x080001a3   Thumb Code     0  startup_stm32f103xb.o(.text)
    I2C2_ER_IRQHandler                       0x080001a3   Thumb Code     0  startup_stm32f103xb.o(.text)
    I2C2_EV_IRQHandler                       0x080001a3   Thumb Code     0  startup_stm32f103xb.o(.text)
    PVD_IRQHandler                           0x080001a3   Thumb Code     0  startup_stm32f103xb.o(.text)
    RCC_IRQHandler                           0x080001a3   Thumb Code     0  startup_stm32f103xb.o(.text)
    RTC_Alarm_IRQHandler                     0x080001a3   Thumb Code     0  startup_stm32f103xb.o(.text)
    RTC_IRQHandler                           0x080001a3   Thumb Code     0  startup_stm32f103xb.o(.text)
    SPI1_IRQHandler                          0x080001a3   Thumb Code     0  startup_stm32f103xb.o(.text)
    SPI2_IRQHandler                          0x080001a3   Thumb Code     0  startup_stm32f103xb.o(.text)
    TAMPER_IRQHandler                        0x080001a3   Thumb Code     0  startup_stm32f103xb.o(.text)
    TIM1_BRK_IRQHandler                      0x080001a3   Thumb Code     0  startup_stm32f103xb.o(.text)
    TIM1_CC_IRQHandler                       0x080001a3   Thumb Code     0  startup_stm32f103xb.o(.text)
    TIM1_TRG_COM_IRQHandler                  0x080001a3   Thumb Code     0  startup_stm32f103xb.o(.text)
    TIM1_UP_IRQHandler                       0x080001a3   Thumb Code     0  startup_stm32f103xb.o(.text)
    TIM2_IRQHandler                          0x080001a3   Thumb Code     0  startup_stm32f103xb.o(.text)
    TIM3_IRQHandler                          0x080001a3   Thumb Code     0  startup_stm32f103xb.o(.text)
    TIM4_IRQHandler                          0x080001a3   Thumb Code     0  startup_stm32f103xb.o(.text)
    USBWakeUp_IRQHandler                     0x080001a3   Thumb Code     0  startup_stm32f103xb.o(.text)
    USB_HP_CAN1_TX_IRQHandler                0x080001a3   Thumb Code     0  startup_stm32f103xb.o(.text)
    USB_LP_CAN1_RX0_IRQHandler               0x080001a3   Thumb Code     0  startup_stm32f103xb.o(.text)
    WWDG_IRQHandler                          0x080001a3   Thumb Code     0  startup_stm32f103xb.o(.text)
    __user_initial_stackheap                 0x080001a5   Thumb Code     0  startup_stm32f103xb.o(.text)
    rt_hw_interrupt_disable                  0x080001c9   Thumb Code     8  context_rvds.o(.text)
    rt_hw_interrupt_enable                   0x080001d1   Thumb Code     6  context_rvds.o(.text)
    rt_hw_context_switch                     0x080001d7   Thumb Code    32  context_rvds.o(.text)
    rt_hw_context_switch_interrupt           0x080001d7   Thumb Code     0  context_rvds.o(.text)
    PendSV_Handler                           0x080001f7   Thumb Code    60  context_rvds.o(.text)
    rt_hw_context_switch_to                  0x08000233   Thumb Code    56  context_rvds.o(.text)
    rt_hw_interrupt_thread_switch            0x0800026b   Thumb Code     2  context_rvds.o(.text)
    HardFault_Handler                        0x0800026d   Thumb Code    52  context_rvds.o(.text)
    strcpy                                   0x080002bd   Thumb Code    72  strcpy.o(.text)
    strlen                                   0x08000305   Thumb Code    62  strlen.o(.text)
    strncmp                                  0x08000343   Thumb Code   150  strncmp.o(.text)
    strcat                                   0x080003d9   Thumb Code    24  strcat.o(.text)
    __aeabi_memcpy4                          0x080003f1   Thumb Code     0  rt_memcpy_w.o(.text)
    __aeabi_memcpy8                          0x080003f1   Thumb Code     0  rt_memcpy_w.o(.text)
    __rt_memcpy_w                            0x080003f1   Thumb Code   100  rt_memcpy_w.o(.text)
    _memcpy_lastbytes_aligned                0x08000439   Thumb Code     0  rt_memcpy_w.o(.text)
    __aeabi_memclr                           0x08000455   Thumb Code     0  rt_memclr.o(.text)
    __rt_memclr                              0x08000455   Thumb Code    68  rt_memclr.o(.text)
    _memset                                  0x08000459   Thumb Code     0  rt_memclr.o(.text)
    __aeabi_memclr4                          0x08000499   Thumb Code     0  rt_memclr_w.o(.text)
    __aeabi_memclr8                          0x08000499   Thumb Code     0  rt_memclr_w.o(.text)
    __rt_memclr_w                            0x08000499   Thumb Code    78  rt_memclr_w.o(.text)
    _memset_w                                0x0800049d   Thumb Code     0  rt_memclr_w.o(.text)
    strncpy                                  0x080004e7   Thumb Code    86  strncpy.o(.text)
    __use_two_region_memory                  0x0800053d   Thumb Code     2  heapauxi.o(.text)
    __rt_heap_escrow$2region                 0x0800053f   Thumb Code     2  heapauxi.o(.text)
    __rt_heap_expand$2region                 0x08000541   Thumb Code     2  heapauxi.o(.text)
    __user_setup_stackheap                   0x08000543   Thumb Code    74  sys_stackheap_outer.o(.text)
    exit                                     0x0800058d   Thumb Code    18  exit.o(.text)
    __user_libspace                          0x080005a1   Thumb Code     8  libspace.o(.text)
    __user_perproc_libspace                  0x080005a1   Thumb Code     0  libspace.o(.text)
    __user_perthread_libspace                0x080005a1   Thumb Code     0  libspace.o(.text)
    _sys_exit                                0x080005a9   Thumb Code     8  sys_exit.o(.text)
    __I$use$semihosting                      0x080005b5   Thumb Code     0  use_no_semi.o(.text)
    __use_no_semihosting_swi                 0x080005b5   Thumb Code     2  use_no_semi.o(.text)
    __semihosting_library_function           0x080005b7   Thumb Code     0  indicate_semi.o(.text)
    main                                     0x080005b7   Thumb Code    10  components.o(i.$Sub$$main)
    BusFault_Handler                         0x080005c1   Thumb Code     2  stm32f1xx_it.o(i.BusFault_Handler)
    DebugMon_Handler                         0x080005c3   Thumb Code     2  stm32f1xx_it.o(i.DebugMon_Handler)
    MemManage_Handler                        0x080005e1   Thumb Code     2  stm32f1xx_it.o(i.MemManage_Handler)
    NMI_Handler                              0x080005e3   Thumb Code     2  stm32f1xx_it.o(i.NMI_Handler)
    SysTick_Handler                          0x080005e5   Thumb Code    18  board.o(i.SysTick_Handler)
    SystemCoreClockUpdate                    0x080005f9   Thumb Code    82  system_stm32f1xx.o(i.SystemCoreClockUpdate)
    SystemInit                               0x08000661   Thumb Code    84  system_stm32f1xx.o(i.SystemInit)
    USART1_IRQHandler                        0x080006bd   Thumb Code    62  irqhandler.o(i.USART1_IRQHandler)
    USART2_IRQHandler                        0x08000709   Thumb Code    60  irqhandler.o(i.USART2_IRQHandler)
    USART3_IRQHandler                        0x08000751   Thumb Code    62  irqhandler.o(i.USART3_IRQHandler)
    UsageFault_Handler                       0x0800079d   Thumb Code     2  stm32f1xx_it.o(i.UsageFault_Handler)
    __rt_ffs                                 0x080007a1   Thumb Code    62  kservice.o(i.__rt_ffs)
    cmd_free                                 0x08000a29   Thumb Code    10  msh.o(i.cmd_free)
    cmd_ps                                   0x08000a33   Thumb Code    10  msh.o(i.cmd_ps)
    finsh_get_prompt                         0x08000a3d   Thumb Code    66  shell.o(i.finsh_get_prompt)
    finsh_set_prompt_mode                    0x08000a9d   Thumb Code    16  shell.o(i.finsh_set_prompt_mode)
    finsh_system_function_init               0x08000ab1   Thumb Code     8  shell.o(i.finsh_system_function_init)
    finsh_system_init                        0x08000abd   Thumb Code    90  shell.o(i.finsh_system_init)
    finsh_thread_entry                       0x08000b51   Thumb Code   612  shell.o(i.finsh_thread_entry)
    gpio_init                                0x08000ddd   Thumb Code   226  gpio.o(i.gpio_init)
    gpio_reverse                             0x08000ec9   Thumb Code    24  gpio.o(i.gpio_reverse)
    hello                                    0x08000f5d   Thumb Code    12  cmd.o(i.hello)
    list                                     0x08000f7d   Thumb Code    50  cmd.o(i.list)
    list_mailbox                             0x0800106d   Thumb Code   200  cmd.o(i.list_mailbox)
    list_mem                                 0x080011b1   Thumb Code    32  mem.o(i.list_mem)
    list_msgqueue                            0x0800121d   Thumb Code   188  cmd.o(i.list_msgqueue)
    list_sem                                 0x08001345   Thumb Code   188  cmd.o(i.list_sem)
    list_thread                              0x08001461   Thumb Code   250  cmd.o(i.list_thread)
    list_timer                               0x08001619   Thumb Code   160  cmd.o(i.list_timer)
    $Super$$main                             0x08001759   Thumb Code    32  main.o(i.main)
    main_thread_entry                        0x08001779   Thumb Code    14  components.o(i.main_thread_entry)
    msh_auto_complete                        0x08001861   Thumb Code   150  msh.o(i.msh_auto_complete)
    msh_exec                                 0x0800190d   Thumb Code    74  msh.o(i.msh_exec)
    msh_help                                 0x08001971   Thumb Code    58  msh.o(i.msh_help)
    msh_is_used                              0x080019e9   Thumb Code     4  msh.o(i.msh_is_used)
    nvic_PriorityGroupConfig                 0x08001abd   Thumb Code    26  nvic.o(i.nvic_PriorityGroupConfig)
    nvic_init                                0x08001ae1   Thumb Code    54  nvic.o(i.nvic_init)
    rt_application_init                      0x08001cb5   Thumb Code    32  components.o(i.rt_application_init)
    rt_calloc                                0x08001ce1   Thumb Code    26  mem.o(i.rt_calloc)
    rt_components_board_init                 0x08001cfd   Thumb Code    20  components.o(i.rt_components_board_init)
    rt_components_init                       0x08001d19   Thumb Code    20  components.o(i.rt_components_init)
    rt_enter_critical                        0x08001d35   Thumb Code    22  scheduler.o(i.rt_enter_critical)
    rt_exit_critical                         0x08001d51   Thumb Code    52  scheduler.o(i.rt_exit_critical)
    rt_free                                  0x08001d89   Thumb Code   112  mem.o(i.rt_free)
    rt_heap_begin_get                        0x08001e4d   Thumb Code     4  board.o(i.rt_heap_begin_get)
    rt_heap_end_get                          0x08001e55   Thumb Code     4  board.o(i.rt_heap_end_get)
    rt_hw_board_init                         0x08001e5d   Thumb Code    90  board.o(i.rt_hw_board_init)
    rt_hw_console_getchar                    0x08001ed1   Thumb Code    22  board.o(i.rt_hw_console_getchar)
    rt_hw_console_output                     0x08001eed   Thumb Code    50  board.o(i.rt_hw_console_output)
    rt_hw_hard_fault_exception               0x08001f21   Thumb Code   186  cpuport.o(i.rt_hw_hard_fault_exception)
    rt_hw_stack_init                         0x0800211d   Thumb Code    52  cpuport.o(i.rt_hw_stack_init)
    rt_interrupt_enter                       0x08002155   Thumb Code    22  irq.o(i.rt_interrupt_enter)
    rt_interrupt_leave                       0x08002171   Thumb Code    22  irq.o(i.rt_interrupt_leave)
    rt_kprintf                               0x080021f1   Thumb Code    28  kservice.o(i.rt_kprintf)
    rt_malloc                                0x08002291   Thumb Code   232  mem.o(i.rt_malloc)
    rt_mb_create                             0x08002381   Thumb Code    72  ipc.o(i.rt_mb_create)
    rt_mb_recv                               0x080023c9   Thumb Code   244  ipc.o(i.rt_mb_recv)
    rt_mb_send                               0x080024bd   Thumb Code     6  ipc.o(i.rt_mb_send)
    rt_mb_send_wait                          0x080024c3   Thumb Code   242  ipc.o(i.rt_mb_send_wait)
    rt_memmove                               0x080025b5   Thumb Code    50  kservice.o(i.rt_memmove)
    rt_memset                                0x080025e9   Thumb Code    70  kservice.o(i.rt_memset)
    rt_object_allocate                       0x0800262f   Thumb Code    80  object.o(i.rt_object_allocate)
    rt_object_delete                         0x0800267f   Thumb Code    38  object.o(i.rt_object_delete)
    rt_object_detach                         0x080026a5   Thumb Code    32  object.o(i.rt_object_detach)
    rt_object_get_information                0x080026c5   Thumb Code    30  object.o(i.rt_object_get_information)
    rt_object_init                           0x080026e9   Thumb Code    80  object.o(i.rt_object_init)
    rt_object_is_systemobject                0x08002739   Thumb Code    14  object.o(i.rt_object_is_systemobject)
    rt_schedule                              0x08002749   Thumb Code    76  scheduler.o(i.rt_schedule)
    rt_schedule_insert_thread                0x080027a1   Thumb Code    70  scheduler.o(i.rt_schedule_insert_thread)
    rt_schedule_remove_thread                0x080027f1   Thumb Code    64  scheduler.o(i.rt_schedule_remove_thread)
    rt_sem_init                              0x08002839   Thumb Code    36  ipc.o(i.rt_sem_init)
    rt_sem_release                           0x0800285d   Thumb Code    72  ipc.o(i.rt_sem_release)
    rt_sem_take                              0x080028a5   Thumb Code   110  ipc.o(i.rt_sem_take)
    rt_show_version                          0x08002915   Thumb Code    40  kservice.o(i.rt_show_version)
    rt_strlen                                0x080029c5   Thumb Code    16  kservice.o(i.rt_strlen)
    rt_strncpy                               0x080029d5   Thumb Code    38  kservice.o(i.rt_strncpy)
    rt_system_heap_init                      0x080029fd   Thumb Code    96  mem.o(i.rt_system_heap_init)
    rt_system_scheduler_init                 0x08002aa9   Thumb Code    44  scheduler.o(i.rt_system_scheduler_init)
    rt_system_scheduler_start                0x08002add   Thumb Code    32  scheduler.o(i.rt_system_scheduler_start)
    rt_system_timer_init                     0x08002b05   Thumb Code     8  timer.o(i.rt_system_timer_init)
    rt_system_timer_thread_init              0x08002b11   Thumb Code     2  timer.o(i.rt_system_timer_thread_init)
    rt_thread_create                         0x08002b13   Thumb Code    72  thread.o(i.rt_thread_create)
    rt_thread_exit                           0x08002b5d   Thumb Code    82  thread.o(i.rt_thread_exit)
    rt_thread_idle_excute                    0x08002bc1   Thumb Code    70  idle.o(i.rt_thread_idle_excute)
    rt_thread_idle_init                      0x08002c0d   Thumb Code    40  idle.o(i.rt_thread_idle_init)
    rt_thread_init                           0x08002c45   Thumb Code    48  thread.o(i.rt_thread_init)
    rt_thread_mdelay                         0x08002c75   Thumb Code    14  thread.o(i.rt_thread_mdelay)
    rt_thread_resume                         0x08002c83   Thumb Code    60  thread.o(i.rt_thread_resume)
    rt_thread_self                           0x08002cc1   Thumb Code     6  thread.o(i.rt_thread_self)
    rt_thread_sleep                          0x08002ccd   Thumb Code    60  thread.o(i.rt_thread_sleep)
    rt_thread_startup                        0x08002d0d   Thumb Code    40  thread.o(i.rt_thread_startup)
    rt_thread_suspend                        0x08002d39   Thumb Code    66  thread.o(i.rt_thread_suspend)
    rt_thread_timeout                        0x08002d7b   Thumb Code    32  thread.o(i.rt_thread_timeout)
    rt_thread_yield                          0x08002d9d   Thumb Code    86  thread.o(i.rt_thread_yield)
    rt_tick_from_millisecond                 0x08002dfd   Thumb Code    50  clock.o(i.rt_tick_from_millisecond)
    rt_tick_get                              0x08002e31   Thumb Code     6  clock.o(i.rt_tick_get)
    rt_tick_increase                         0x08002e3d   Thumb Code    38  clock.o(i.rt_tick_increase)
    rt_timer_check                           0x08002e69   Thumb Code   136  timer.o(i.rt_timer_check)
    rt_timer_control                         0x08002ef5   Thumb Code    72  timer.o(i.rt_timer_control)
    rt_timer_detach                          0x08002f3d   Thumb Code    40  timer.o(i.rt_timer_detach)
    rt_timer_init                            0x08002f65   Thumb Code    40  timer.o(i.rt_timer_init)
    rt_timer_start                           0x08002f8d   Thumb Code   126  timer.o(i.rt_timer_start)
    rt_timer_stop                            0x08003011   Thumb Code    46  timer.o(i.rt_timer_stop)
    rt_vsnprintf                             0x08003041   Thumb Code   634  kservice.o(i.rt_vsnprintf)
    rtthread_startup                         0x080032d5   Thumb Code    42  components.o(i.rtthread_startup)
    uart_init                                0x08003359   Thumb Code   440  uart.o(i.uart_init)
    uart_putchar                             0x08003525   Thumb Code    20  uart.o(i.uart_putchar)
    version                                  0x0800360d   Thumb Code    10  cmd.o(i.version)
    __aeabi_fadd                             0x08003619   Thumb Code     0  faddsub_clz.o(x$fpl$fadd)
    _fadd                                    0x08003619   Thumb Code   196  faddsub_clz.o(x$fpl$fadd)
    __fpl_fcheck_NaN1                        0x080036dd   Thumb Code     6  fcheck1.o(x$fpl$fcheck1)
    __aeabi_fdiv                             0x080036e9   Thumb Code     0  fdiv.o(x$fpl$fdiv)
    _fdiv                                    0x080036e9   Thumb Code   384  fdiv.o(x$fpl$fdiv)
    __aeabi_f2uiz                            0x0800386d   Thumb Code     0  ffixu.o(x$fpl$ffixu)
    _ffixu                                   0x0800386d   Thumb Code    62  ffixu.o(x$fpl$ffixu)
    __aeabi_ui2f                             0x080038ad   Thumb Code     0  fflt_clz.o(x$fpl$ffltu)
    _ffltu                                   0x080038ad   Thumb Code    38  fflt_clz.o(x$fpl$ffltu)
    __fpl_fnaninf                            0x080038d3   Thumb Code   140  fnaninf.o(x$fpl$fnaninf)
    __fpl_fretinf                            0x0800395f   Thumb Code    10  fretinf.o(x$fpl$fretinf)
    __aeabi_frsub                            0x08003969   Thumb Code     0  faddsub_clz.o(x$fpl$frsb)
    _frsb                                    0x08003969   Thumb Code    20  faddsub_clz.o(x$fpl$frsb)
    __aeabi_fsub                             0x0800397d   Thumb Code     0  faddsub_clz.o(x$fpl$fsub)
    _fsub                                    0x0800397d   Thumb Code   234  faddsub_clz.o(x$fpl$fsub)
    __fpl_return_NaN                         0x08003a67   Thumb Code   100  retnan.o(x$fpl$retnan)
    __ARM_scalbnf                            0x08003acb   Thumb Code    76  scalbnf.o(x$fpl$scalbnf)
    __fpl_cmpreturn                          0x08003b17   Thumb Code    48  trapv.o(x$fpl$trapveneer)
    AHBPrescTable                            0x08003b46   Data          16  system_stm32f1xx.o(.constdata)
    __I$use$fp                               0x08003b46   Number         0  usenofp.o(x$fpl$usenofp)
    __lowest_bit_bitmap                      0x08003b56   Data         256  kservice.o(.constdata)
    __fsym_hello_name                        0x08003cbc   Data           6  cmd.o(.rodata.name)
    __fsym_hello_desc                        0x08003cc2   Data          16  cmd.o(.rodata.name)
    __fsym_version_name                      0x08003cd2   Data           8  cmd.o(.rodata.name)
    __fsym_version_desc                      0x08003cda   Data          35  cmd.o(.rodata.name)
    __fsym___cmd_version_name                0x08003cfd   Data          14  cmd.o(.rodata.name)
    __fsym___cmd_version_desc                0x08003d0b   Data          35  cmd.o(.rodata.name)
    __fsym_list_thread_name                  0x08003d2e   Data          12  cmd.o(.rodata.name)
    __fsym_list_thread_desc                  0x08003d3a   Data          12  cmd.o(.rodata.name)
    __fsym___cmd_list_thread_name            0x08003d46   Data          18  cmd.o(.rodata.name)
    __fsym___cmd_list_thread_desc            0x08003d58   Data          12  cmd.o(.rodata.name)
    __fsym_list_sem_name                     0x08003d64   Data           9  cmd.o(.rodata.name)
    __fsym_list_sem_desc                     0x08003d6d   Data          25  cmd.o(.rodata.name)
    __fsym___cmd_list_sem_name               0x08003d86   Data          15  cmd.o(.rodata.name)
    __fsym___cmd_list_sem_desc               0x08003d95   Data          25  cmd.o(.rodata.name)
    __fsym_list_mailbox_name                 0x08003dae   Data          13  cmd.o(.rodata.name)
    __fsym_list_mailbox_desc                 0x08003dbb   Data          24  cmd.o(.rodata.name)
    __fsym___cmd_list_mailbox_name           0x08003dd3   Data          19  cmd.o(.rodata.name)
    __fsym___cmd_list_mailbox_desc           0x08003de6   Data          24  cmd.o(.rodata.name)
    __fsym_list_msgqueue_name                0x08003dfe   Data          14  cmd.o(.rodata.name)
    __fsym_list_msgqueue_desc                0x08003e0c   Data          29  cmd.o(.rodata.name)
    __fsym___cmd_list_msgqueue_name          0x08003e29   Data          20  cmd.o(.rodata.name)
    __fsym___cmd_list_msgqueue_desc          0x08003e3d   Data          29  cmd.o(.rodata.name)
    __fsym_list_timer_name                   0x08003e5a   Data          11  cmd.o(.rodata.name)
    __fsym_list_timer_desc                   0x08003e65   Data          21  cmd.o(.rodata.name)
    __fsym___cmd_list_timer_name             0x08003e7a   Data          17  cmd.o(.rodata.name)
    __fsym___cmd_list_timer_desc             0x08003e8b   Data          21  cmd.o(.rodata.name)
    __fsym_list_name                         0x08003ea0   Data           5  cmd.o(.rodata.name)
    __fsym_list_desc                         0x08003ea5   Data          26  cmd.o(.rodata.name)
    __fsym___cmd_help_name                   0x08003ebf   Data          11  msh.o(.rodata.name)
    __fsym___cmd_help_desc                   0x08003eca   Data          22  msh.o(.rodata.name)
    __fsym___cmd_ps_name                     0x08003ee0   Data           9  msh.o(.rodata.name)
    __fsym___cmd_ps_desc                     0x08003ee9   Data          28  msh.o(.rodata.name)
    __fsym___cmd_free_name                   0x08003f05   Data          11  msh.o(.rodata.name)
    __fsym___cmd_free_desc                   0x08003f10   Data          37  msh.o(.rodata.name)
    __fsym_list_mem_name                     0x08003f35   Data           9  mem.o(.rodata.name)
    __fsym_list_mem_desc                     0x08003f3e   Data          30  mem.o(.rodata.name)
    __rt_init_rti_start                      0x08003f5c   Data           4  components.o(.rti_fn.0)
    __rt_init_rti_board_start                0x08003f60   Data           4  components.o(.rti_fn.0.end)
    __rt_init_Debug_uart_init                0x08003f64   Data           4  board.o(.rti_fn.1)
    __rt_init_rti_board_end                  0x08003f68   Data           4  components.o(.rti_fn.1.end)
    __rt_init_finsh_system_init              0x08003f6c   Data           4  shell.o(.rti_fn.6)
    __rt_init_rti_end                        0x08003f70   Data           4  components.o(.rti_fn.6.end)
    FSymTab$$Base                            0x08003f74   Number         0  cmd.o(FSymTab)
    __fsym_hello                             0x08003f74   Data          12  cmd.o(FSymTab)
    __fsym_version                           0x08003f80   Data          12  cmd.o(FSymTab)
    __fsym___cmd_version                     0x08003f8c   Data          12  cmd.o(FSymTab)
    __fsym_list_thread                       0x08003f98   Data          12  cmd.o(FSymTab)
    __fsym___cmd_list_thread                 0x08003fa4   Data          12  cmd.o(FSymTab)
    __fsym_list_sem                          0x08003fb0   Data          12  cmd.o(FSymTab)
    __fsym___cmd_list_sem                    0x08003fbc   Data          12  cmd.o(FSymTab)
    __fsym_list_mailbox                      0x08003fc8   Data          12  cmd.o(FSymTab)
    __fsym___cmd_list_mailbox                0x08003fd4   Data          12  cmd.o(FSymTab)
    __fsym_list_msgqueue                     0x08003fe0   Data          12  cmd.o(FSymTab)
    __fsym___cmd_list_msgqueue               0x08003fec   Data          12  cmd.o(FSymTab)
    __fsym_list_timer                        0x08003ff8   Data          12  cmd.o(FSymTab)
    __fsym___cmd_list_timer                  0x08004004   Data          12  cmd.o(FSymTab)
    __fsym_list                              0x08004010   Data          12  cmd.o(FSymTab)
    __fsym___cmd_help                        0x0800401c   Data          12  msh.o(FSymTab)
    __fsym___cmd_ps                          0x08004028   Data          12  msh.o(FSymTab)
    __fsym___cmd_free                        0x08004034   Data          12  msh.o(FSymTab)
    __fsym_list_mem                          0x08004040   Data          12  mem.o(FSymTab)
    FSymTab$$Limit                           0x0800404c   Number         0  mem.o(FSymTab)
    Region$$Table$$Base                      0x0800404c   Number         0  anon$$obj.o(Region$$Table)
    Region$$Table$$Limit                     0x0800406c   Number         0  anon$$obj.o(Region$$Table)
    SystemCoreClock                          0x20000000   Data           4  system_stm32f1xx.o(.data)
    UART1_Interrupt_flag                     0x20000004   Data           1  irqhandler.o(.data)
    UART2_Interrupt_flag                     0x20000005   Data           1  irqhandler.o(.data)
    UART3_Interrupt_flag                     0x20000006   Data           1  irqhandler.o(.data)
    gpio_group                               0x20000008   Data          16  gpio.o(.data)
    uart_irq                                 0x20000018   Data           3  uart.o(.data)
    uart_index                               0x2000001c   Data          12  uart.o(.data)
    _syscall_table_begin                     0x20000028   Data           4  shell.o(.data)
    _syscall_table_end                       0x2000002c   Data           4  shell.o(.data)
    _sysvar_table_begin                      0x20000030   Data           4  shell.o(.data)
    _sysvar_table_end                        0x20000034   Data           4  shell.o(.data)
    shell                                    0x2000003c   Data           4  shell.o(.data)
    rt_interrupt_from_thread                 0x20000044   Data           4  cpuport.o(.data)
    rt_interrupt_to_thread                   0x20000048   Data           4  cpuport.o(.data)
    rt_thread_switch_interrupt_flag          0x2000004c   Data           4  cpuport.o(.data)
    rt_interrupt_nest                        0x20000054   Data           1  irq.o(.data)
    rt_current_priority                      0x200000c0   Data           1  scheduler.o(.data)
    rt_current_thread                        0x200000c4   Data           4  scheduler.o(.data)
    rt_thread_ready_priority_group           0x200000c8   Data           4  scheduler.o(.data)
    rt_thread_defunct                        0x200000cc   Data           8  scheduler.o(.data)
    Shell_RX                                 0x200000e0   Data           4  board.o(.data)
    rt_thread_priority_table                 0x20000380   Data         256  scheduler.o(.bss)
    __libspace_start                         0x20004080   Data          96  libspace.o(.bss)
    __temporary_stack_top$libspace           0x200040e0   Data           0  libspace.o(.bss)



==============================================================================

Memory Map of the image

  Image Entry point : 0x080000ed

  Load Region LR_IROM1 (Base: 0x08000000, Size: 0x00004150, Max: 0x00010000, ABSOLUTE)

    Execution Region ER_IROM1 (Exec base: 0x08000000, Load base: 0x08000000, Size: 0x0000406c, Max: 0x00010000, ABSOLUTE)

    Exec Addr    Load Addr    Size         Type   Attr      Idx    E Section Name        Object

    0x08000000   0x08000000   0x000000ec   Data   RO            3    RESET               startup_stm32f103xb.o
    0x080000ec   0x080000ec   0x00000008   Code   RO         1809  * !!!main             c_w.l(__main.o)
    0x080000f4   0x080000f4   0x00000034   Code   RO         1999    !!!scatter          c_w.l(__scatter.o)
    0x08000128   0x08000128   0x0000001a   Code   RO         2001    !!handler_copy      c_w.l(__scatter_copy.o)
    0x08000142   0x08000142   0x00000002   PAD
    0x08000144   0x08000144   0x0000001c   Code   RO         2003    !!handler_zi        c_w.l(__scatter_zi.o)
    0x08000160   0x08000160   0x00000002   Code   RO         1867    .ARM.Collect$$libinit$$00000000  c_w.l(libinit.o)
    0x08000162   0x08000162   0x00000000   Code   RO         1876    .ARM.Collect$$libinit$$00000002  c_w.l(libinit2.o)
    0x08000162   0x08000162   0x00000000   Code   RO         1878    .ARM.Collect$$libinit$$00000004  c_w.l(libinit2.o)
    0x08000162   0x08000162   0x00000000   Code   RO         1881    .ARM.Collect$$libinit$$0000000A  c_w.l(libinit2.o)
    0x08000162   0x08000162   0x00000000   Code   RO         1883    .ARM.Collect$$libinit$$0000000C  c_w.l(libinit2.o)
    0x08000162   0x08000162   0x00000000   Code   RO         1885    .ARM.Collect$$libinit$$0000000E  c_w.l(libinit2.o)
    0x08000162   0x08000162   0x00000000   Code   RO         1888    .ARM.Collect$$libinit$$00000011  c_w.l(libinit2.o)
    0x08000162   0x08000162   0x00000000   Code   RO         1890    .ARM.Collect$$libinit$$00000013  c_w.l(libinit2.o)
    0x08000162   0x08000162   0x00000000   Code   RO         1892    .ARM.Collect$$libinit$$00000015  c_w.l(libinit2.o)
    0x08000162   0x08000162   0x00000000   Code   RO         1894    .ARM.Collect$$libinit$$00000017  c_w.l(libinit2.o)
    0x08000162   0x08000162   0x00000000   Code   RO         1896    .ARM.Collect$$libinit$$00000019  c_w.l(libinit2.o)
    0x08000162   0x08000162   0x00000000   Code   RO         1898    .ARM.Collect$$libinit$$0000001B  c_w.l(libinit2.o)
    0x08000162   0x08000162   0x00000000   Code   RO         1900    .ARM.Collect$$libinit$$0000001D  c_w.l(libinit2.o)
    0x08000162   0x08000162   0x00000000   Code   RO         1902    .ARM.Collect$$libinit$$0000001F  c_w.l(libinit2.o)
    0x08000162   0x08000162   0x00000000   Code   RO         1904    .ARM.Collect$$libinit$$00000021  c_w.l(libinit2.o)
    0x08000162   0x08000162   0x00000000   Code   RO         1906    .ARM.Collect$$libinit$$00000023  c_w.l(libinit2.o)
    0x08000162   0x08000162   0x00000000   Code   RO         1908    .ARM.Collect$$libinit$$00000025  c_w.l(libinit2.o)
    0x08000162   0x08000162   0x00000000   Code   RO         1912    .ARM.Collect$$libinit$$0000002C  c_w.l(libinit2.o)
    0x08000162   0x08000162   0x00000000   Code   RO         1914    .ARM.Collect$$libinit$$0000002E  c_w.l(libinit2.o)
    0x08000162   0x08000162   0x00000000   Code   RO         1916    .ARM.Collect$$libinit$$00000030  c_w.l(libinit2.o)
    0x08000162   0x08000162   0x00000000   Code   RO         1918    .ARM.Collect$$libinit$$00000032  c_w.l(libinit2.o)
    0x08000162   0x08000162   0x00000002   Code   RO         1919    .ARM.Collect$$libinit$$00000033  c_w.l(libinit2.o)
    0x08000164   0x08000164   0x00000002   Code   RO         1939    .ARM.Collect$$libshutdown$$00000000  c_w.l(libshutdown.o)
    0x08000166   0x08000166   0x00000000   Code   RO         1952    .ARM.Collect$$libshutdown$$00000002  c_w.l(libshutdown2.o)
    0x08000166   0x08000166   0x00000000   Code   RO         1954    .ARM.Collect$$libshutdown$$00000004  c_w.l(libshutdown2.o)
    0x08000166   0x08000166   0x00000000   Code   RO         1957    .ARM.Collect$$libshutdown$$00000007  c_w.l(libshutdown2.o)
    0x08000166   0x08000166   0x00000000   Code   RO         1960    .ARM.Collect$$libshutdown$$0000000A  c_w.l(libshutdown2.o)
    0x08000166   0x08000166   0x00000000   Code   RO         1962    .ARM.Collect$$libshutdown$$0000000C  c_w.l(libshutdown2.o)
    0x08000166   0x08000166   0x00000000   Code   RO         1965    .ARM.Collect$$libshutdown$$0000000F  c_w.l(libshutdown2.o)
    0x08000166   0x08000166   0x00000002   Code   RO         1966    .ARM.Collect$$libshutdown$$00000010  c_w.l(libshutdown2.o)
    0x08000168   0x08000168   0x00000000   Code   RO         1833    .ARM.Collect$$rtentry$$00000000  c_w.l(__rtentry.o)
    0x08000168   0x08000168   0x00000000   Code   RO         1842    .ARM.Collect$$rtentry$$00000002  c_w.l(__rtentry2.o)
    0x08000168   0x08000168   0x00000006   Code   RO         1854    .ARM.Collect$$rtentry$$00000004  c_w.l(__rtentry4.o)
    0x0800016e   0x0800016e   0x00000000   Code   RO         1844    .ARM.Collect$$rtentry$$00000009  c_w.l(__rtentry2.o)
    0x0800016e   0x0800016e   0x00000004   Code   RO         1845    .ARM.Collect$$rtentry$$0000000A  c_w.l(__rtentry2.o)
    0x08000172   0x08000172   0x00000000   Code   RO         1847    .ARM.Collect$$rtentry$$0000000C  c_w.l(__rtentry2.o)
    0x08000172   0x08000172   0x00000008   Code   RO         1848    .ARM.Collect$$rtentry$$0000000D  c_w.l(__rtentry2.o)
    0x0800017a   0x0800017a   0x00000002   Code   RO         1873    .ARM.Collect$$rtexit$$00000000  c_w.l(rtexit.o)
    0x0800017c   0x0800017c   0x00000000   Code   RO         1921    .ARM.Collect$$rtexit$$00000002  c_w.l(rtexit2.o)
    0x0800017c   0x0800017c   0x00000004   Code   RO         1922    .ARM.Collect$$rtexit$$00000003  c_w.l(rtexit2.o)
    0x08000180   0x08000180   0x00000006   Code   RO         1923    .ARM.Collect$$rtexit$$00000004  c_w.l(rtexit2.o)
    0x08000186   0x08000186   0x00000002   PAD
    0x08000188   0x08000188   0x00000040   Code   RO            4    .text               startup_stm32f103xb.o
    0x080001c8   0x080001c8   0x000000f4   Code   RO         1717    .text               context_rvds.o
    0x080002bc   0x080002bc   0x00000048   Code   RO         1791    .text               c_w.l(strcpy.o)
    0x08000304   0x08000304   0x0000003e   Code   RO         1793    .text               c_w.l(strlen.o)
    0x08000342   0x08000342   0x00000096   Code   RO         1795    .text               c_w.l(strncmp.o)
    0x080003d8   0x080003d8   0x00000018   Code   RO         1797    .text               c_w.l(strcat.o)
    0x080003f0   0x080003f0   0x00000064   Code   RO         1799    .text               c_w.l(rt_memcpy_w.o)
    0x08000454   0x08000454   0x00000044   Code   RO         1801    .text               c_w.l(rt_memclr.o)
    0x08000498   0x08000498   0x0000004e   Code   RO         1803    .text               c_w.l(rt_memclr_w.o)
    0x080004e6   0x080004e6   0x00000056   Code   RO         1805    .text               c_w.l(strncpy.o)
    0x0800053c   0x0800053c   0x00000006   Code   RO         1807    .text               c_w.l(heapauxi.o)
    0x08000542   0x08000542   0x0000004a   Code   RO         1858    .text               c_w.l(sys_stackheap_outer.o)
    0x0800058c   0x0800058c   0x00000012   Code   RO         1860    .text               c_w.l(exit.o)
    0x0800059e   0x0800059e   0x00000002   PAD
    0x080005a0   0x080005a0   0x00000008   Code   RO         1870    .text               c_w.l(libspace.o)
    0x080005a8   0x080005a8   0x0000000c   Code   RO         1931    .text               c_w.l(sys_exit.o)
    0x080005b4   0x080005b4   0x00000002   Code   RO         1942    .text               c_w.l(use_no_semi.o)
    0x080005b6   0x080005b6   0x00000000   Code   RO         1944    .text               c_w.l(indicate_semi.o)
    0x080005b6   0x080005b6   0x0000000a   Code   RO          772    i.$Sub$$main        components.o
    0x080005c0   0x080005c0   0x00000002   Code   RO           74    i.BusFault_Handler  stm32f1xx_it.o
    0x080005c2   0x080005c2   0x00000002   Code   RO           75    i.DebugMon_Handler  stm32f1xx_it.o
    0x080005c4   0x080005c4   0x0000001c   Code   RO         1724    i.Debug_uart_init   board.o
    0x080005e0   0x080005e0   0x00000002   Code   RO           76    i.MemManage_Handler  stm32f1xx_it.o
    0x080005e2   0x080005e2   0x00000002   Code   RO           77    i.NMI_Handler       stm32f1xx_it.o
    0x080005e4   0x080005e4   0x00000012   Code   RO         1725    i.SysTick_Handler   board.o
    0x080005f6   0x080005f6   0x00000002   PAD
    0x080005f8   0x080005f8   0x00000068   Code   RO           13    i.SystemCoreClockUpdate  system_stm32f1xx.o
    0x08000660   0x08000660   0x0000005c   Code   RO           14    i.SystemInit        system_stm32f1xx.o
    0x080006bc   0x080006bc   0x0000004c   Code   RO          173    i.USART1_IRQHandler  irqhandler.o
    0x08000708   0x08000708   0x00000048   Code   RO          174    i.USART2_IRQHandler  irqhandler.o
    0x08000750   0x08000750   0x0000004c   Code   RO          175    i.USART3_IRQHandler  irqhandler.o
    0x0800079c   0x0800079c   0x00000002   Code   RO           78    i.UsageFault_Handler  stm32f1xx_it.o
    0x0800079e   0x0800079e   0x00000002   PAD
    0x080007a0   0x080007a0   0x00000044   Code   RO         1089    i.__rt_ffs          kservice.o
    0x080007e4   0x080007e4   0x0000009c   Code   RO          521    i._msh_exec_cmd     msh.o
    0x08000880   0x08000880   0x00000080   Code   RO         1490    i._rt_thread_init   thread.o
    0x08000900   0x08000900   0x0000001c   Code   RO         1620    i._rt_timer_init    timer.o
    0x0800091c   0x0800091c   0x00000006   Code   RO         1621    i._rt_timer_remove  timer.o
    0x08000922   0x08000922   0x0000001c   Code   RO         1491    i._thread_cleanup_execute  thread.o
    0x0800093e   0x0800093e   0x00000002   PAD
    0x08000940   0x08000940   0x000000e8   Code   RO          672    i.bus_fault_track   cpuport.o
    0x08000a28   0x08000a28   0x0000000a   Code   RO          522    i.cmd_free          msh.o
    0x08000a32   0x08000a32   0x0000000a   Code   RO          523    i.cmd_ps            msh.o
    0x08000a3c   0x08000a3c   0x00000060   Code   RO          593    i.finsh_get_prompt  shell.o
    0x08000a9c   0x08000a9c   0x00000014   Code   RO          597    i.finsh_set_prompt_mode  shell.o
    0x08000ab0   0x08000ab0   0x0000000c   Code   RO          598    i.finsh_system_function_init  shell.o
    0x08000abc   0x08000abc   0x00000094   Code   RO          599    i.finsh_system_init  shell.o
    0x08000b50   0x08000b50   0x0000028c   Code   RO          601    i.finsh_thread_entry  shell.o
    0x08000ddc   0x08000ddc   0x000000ec   Code   RO          242    i.gpio_init         gpio.o
    0x08000ec8   0x08000ec8   0x0000001c   Code   RO          243    i.gpio_reverse      gpio.o
    0x08000ee4   0x08000ee4   0x00000078   Code   RO          673    i.hard_fault_track  cpuport.o
    0x08000f5c   0x08000f5c   0x00000020   Code   RO          381    i.hello             cmd.o
    0x08000f7c   0x08000f7c   0x00000064   Code   RO          382    i.list              cmd.o
    0x08000fe0   0x08000fe0   0x00000024   Code   RO          383    i.list_find_init    cmd.o
    0x08001004   0x08001004   0x00000066   Code   RO          384    i.list_get_next     cmd.o
    0x0800106a   0x0800106a   0x00000002   PAD
    0x0800106c   0x0800106c   0x00000144   Code   RO          385    i.list_mailbox      cmd.o
    0x080011b0   0x080011b0   0x0000006c   Code   RO         1263    i.list_mem          mem.o
    0x0800121c   0x0800121c   0x00000128   Code   RO          386    i.list_msgqueue     cmd.o
    0x08001344   0x08001344   0x0000011c   Code   RO          387    i.list_sem          cmd.o
    0x08001460   0x08001460   0x000001b8   Code   RO          388    i.list_thread       cmd.o
    0x08001618   0x08001618   0x00000140   Code   RO          389    i.list_timer        cmd.o
    0x08001758   0x08001758   0x00000020   Code   RO          216    i.main              main.o
    0x08001778   0x08001778   0x0000000e   Code   RO          773    i.main_thread_entry  components.o
    0x08001786   0x08001786   0x00000002   PAD
    0x08001788   0x08001788   0x000000d8   Code   RO          674    i.mem_manage_fault_track  cpuport.o
    0x08001860   0x08001860   0x000000ac   Code   RO          524    i.msh_auto_complete  msh.o
    0x0800190c   0x0800190c   0x00000064   Code   RO          525    i.msh_exec          msh.o
    0x08001970   0x08001970   0x00000078   Code   RO          526    i.msh_help          msh.o
    0x080019e8   0x080019e8   0x00000004   Code   RO          527    i.msh_is_used       msh.o
    0x080019ec   0x080019ec   0x000000d0   Code   RO          528    i.msh_split         msh.o
    0x08001abc   0x08001abc   0x00000024   Code   RO          348    i.nvic_PriorityGroupConfig  nvic.o
    0x08001ae0   0x08001ae0   0x00000036   Code   RO          349    i.nvic_init         nvic.o
    0x08001b16   0x08001b16   0x00000002   PAD
    0x08001b18   0x08001b18   0x00000018   Code   RO          390    i.object_split      cmd.o
    0x08001b30   0x08001b30   0x00000054   Code   RO         1264    i.plug_holes        mem.o
    0x08001b84   0x08001b84   0x00000130   Code   RO         1091    i.print_number      kservice.o
    0x08001cb4   0x08001cb4   0x0000002c   Code   RO          774    i.rt_application_init  components.o
    0x08001ce0   0x08001ce0   0x0000001a   Code   RO         1265    i.rt_calloc         mem.o
    0x08001cfa   0x08001cfa   0x00000002   PAD
    0x08001cfc   0x08001cfc   0x0000001c   Code   RO          775    i.rt_components_board_init  components.o
    0x08001d18   0x08001d18   0x0000001c   Code   RO          776    i.rt_components_init  components.o
    0x08001d34   0x08001d34   0x0000001c   Code   RO         1423    i.rt_enter_critical  scheduler.o
    0x08001d50   0x08001d50   0x00000038   Code   RO         1424    i.rt_exit_critical  scheduler.o
    0x08001d88   0x08001d88   0x000000c4   Code   RO         1266    i.rt_free           mem.o
    0x08001e4c   0x08001e4c   0x00000008   Code   RO         1726    i.rt_heap_begin_get  board.o
    0x08001e54   0x08001e54   0x00000008   Code   RO         1727    i.rt_heap_end_get   board.o
    0x08001e5c   0x08001e5c   0x00000074   Code   RO         1728    i.rt_hw_board_init  board.o
    0x08001ed0   0x08001ed0   0x0000001c   Code   RO         1729    i.rt_hw_console_getchar  board.o
    0x08001eec   0x08001eec   0x00000032   Code   RO         1730    i.rt_hw_console_output  board.o
    0x08001f1e   0x08001f1e   0x00000002   PAD
    0x08001f20   0x08001f20   0x000001fc   Code   RO          678    i.rt_hw_hard_fault_exception  cpuport.o
    0x0800211c   0x0800211c   0x00000038   Code   RO          679    i.rt_hw_stack_init  cpuport.o
    0x08002154   0x08002154   0x0000001c   Code   RO         1062    i.rt_interrupt_enter  irq.o
    0x08002170   0x08002170   0x0000001c   Code   RO         1064    i.rt_interrupt_leave  irq.o
    0x0800218c   0x0800218c   0x0000000e   Code   RO          883    i.rt_ipc_list_resume  ipc.o
    0x0800219a   0x0800219a   0x00000002   PAD
    0x0800219c   0x0800219c   0x00000052   Code   RO          885    i.rt_ipc_list_suspend  ipc.o
    0x080021ee   0x080021ee   0x00000002   PAD
    0x080021f0   0x080021f0   0x00000020   Code   RO         1095    i.rt_kprintf        kservice.o
    0x08002210   0x08002210   0x0000000e   Code   RO         1335    i.rt_list_insert_after  object.o
    0x0800221e   0x0800221e   0x0000000e   Code   RO         1492    i.rt_list_insert_after  thread.o
    0x0800222c   0x0800222c   0x0000000e   Code   RO         1622    i.rt_list_insert_after  timer.o
    0x0800223a   0x0800223a   0x0000000e   Code   RO          886    i.rt_list_insert_before  ipc.o
    0x08002248   0x08002248   0x00000012   Code   RO          391    i.rt_list_len       cmd.o
    0x0800225a   0x0800225a   0x00000012   Code   RO         1336    i.rt_list_remove    object.o
    0x0800226c   0x0800226c   0x00000012   Code   RO         1493    i.rt_list_remove    thread.o
    0x0800227e   0x0800227e   0x00000012   Code   RO         1623    i.rt_list_remove    timer.o
    0x08002290   0x08002290   0x000000f0   Code   RO         1267    i.rt_malloc         mem.o
    0x08002380   0x08002380   0x00000048   Code   RO          888    i.rt_mb_create      ipc.o
    0x080023c8   0x080023c8   0x000000f4   Code   RO          892    i.rt_mb_recv        ipc.o
    0x080024bc   0x080024bc   0x00000006   Code   RO          893    i.rt_mb_send        ipc.o
    0x080024c2   0x080024c2   0x000000f2   Code   RO          894    i.rt_mb_send_wait   ipc.o
    0x080025b4   0x080025b4   0x00000032   Code   RO         1100    i.rt_memmove        kservice.o
    0x080025e6   0x080025e6   0x00000002   PAD
    0x080025e8   0x080025e8   0x00000046   Code   RO         1101    i.rt_memset         kservice.o
    0x0800262e   0x0800262e   0x00000050   Code   RO         1337    i.rt_object_allocate  object.o
    0x0800267e   0x0800267e   0x00000026   Code   RO         1338    i.rt_object_delete  object.o
    0x080026a4   0x080026a4   0x00000020   Code   RO         1339    i.rt_object_detach  object.o
    0x080026c4   0x080026c4   0x00000024   Code   RO         1341    i.rt_object_get_information  object.o
    0x080026e8   0x080026e8   0x00000050   Code   RO         1345    i.rt_object_init    object.o
    0x08002738   0x08002738   0x0000000e   Code   RO         1346    i.rt_object_is_systemobject  object.o
    0x08002746   0x08002746   0x00000002   PAD
    0x08002748   0x08002748   0x00000058   Code   RO         1425    i.rt_schedule       scheduler.o
    0x080027a0   0x080027a0   0x00000050   Code   RO         1426    i.rt_schedule_insert_thread  scheduler.o
    0x080027f0   0x080027f0   0x00000048   Code   RO         1427    i.rt_schedule_remove_thread  scheduler.o
    0x08002838   0x08002838   0x00000024   Code   RO          908    i.rt_sem_init       ipc.o
    0x0800285c   0x0800285c   0x00000048   Code   RO          909    i.rt_sem_release    ipc.o
    0x080028a4   0x080028a4   0x0000006e   Code   RO          910    i.rt_sem_take       ipc.o
    0x08002912   0x08002912   0x00000002   PAD
    0x08002914   0x08002914   0x000000b0   Code   RO         1103    i.rt_show_version   kservice.o
    0x080029c4   0x080029c4   0x00000010   Code   RO         1109    i.rt_strlen         kservice.o
    0x080029d4   0x080029d4   0x00000026   Code   RO         1111    i.rt_strncpy        kservice.o
    0x080029fa   0x080029fa   0x00000002   PAD
    0x080029fc   0x080029fc   0x000000ac   Code   RO         1270    i.rt_system_heap_init  mem.o
    0x08002aa8   0x08002aa8   0x00000034   Code   RO         1428    i.rt_system_scheduler_init  scheduler.o
    0x08002adc   0x08002adc   0x00000028   Code   RO         1429    i.rt_system_scheduler_start  scheduler.o
    0x08002b04   0x08002b04   0x0000000c   Code   RO         1624    i.rt_system_timer_init  timer.o
    0x08002b10   0x08002b10   0x00000002   Code   RO         1625    i.rt_system_timer_thread_init  timer.o
    0x08002b12   0x08002b12   0x00000048   Code   RO         1495    i.rt_thread_create  thread.o
    0x08002b5a   0x08002b5a   0x00000002   PAD
    0x08002b5c   0x08002b5c   0x0000005c   Code   RO         1500    i.rt_thread_exit    thread.o
    0x08002bb8   0x08002bb8   0x00000006   Code   RO          848    i.rt_thread_idle_entry  idle.o
    0x08002bbe   0x08002bbe   0x00000002   PAD
    0x08002bc0   0x08002bc0   0x0000004c   Code   RO          849    i.rt_thread_idle_excute  idle.o
    0x08002c0c   0x08002c0c   0x00000038   Code   RO          851    i.rt_thread_idle_init  idle.o
    0x08002c44   0x08002c44   0x00000030   Code   RO         1502    i.rt_thread_init    thread.o
    0x08002c74   0x08002c74   0x0000000e   Code   RO         1503    i.rt_thread_mdelay  thread.o
    0x08002c82   0x08002c82   0x0000003c   Code   RO         1504    i.rt_thread_resume  thread.o
    0x08002cbe   0x08002cbe   0x00000002   PAD
    0x08002cc0   0x08002cc0   0x0000000c   Code   RO         1505    i.rt_thread_self    thread.o
    0x08002ccc   0x08002ccc   0x00000040   Code   RO         1506    i.rt_thread_sleep   thread.o
    0x08002d0c   0x08002d0c   0x0000002c   Code   RO         1507    i.rt_thread_startup  thread.o
    0x08002d38   0x08002d38   0x00000042   Code   RO         1508    i.rt_thread_suspend  thread.o
    0x08002d7a   0x08002d7a   0x00000020   Code   RO         1509    i.rt_thread_timeout  thread.o
    0x08002d9a   0x08002d9a   0x00000002   PAD
    0x08002d9c   0x08002d9c   0x00000060   Code   RO         1510    i.rt_thread_yield   thread.o
    0x08002dfc   0x08002dfc   0x00000032   Code   RO          735    i.rt_tick_from_millisecond  clock.o
    0x08002e2e   0x08002e2e   0x00000002   PAD
    0x08002e30   0x08002e30   0x0000000c   Code   RO          736    i.rt_tick_get       clock.o
    0x08002e3c   0x08002e3c   0x0000002c   Code   RO          737    i.rt_tick_increase  clock.o
    0x08002e68   0x08002e68   0x0000008c   Code   RO         1626    i.rt_timer_check    timer.o
    0x08002ef4   0x08002ef4   0x00000048   Code   RO         1627    i.rt_timer_control  timer.o
    0x08002f3c   0x08002f3c   0x00000028   Code   RO         1630    i.rt_timer_detach   timer.o
    0x08002f64   0x08002f64   0x00000028   Code   RO         1631    i.rt_timer_init     timer.o
    0x08002f8c   0x08002f8c   0x00000084   Code   RO         1633    i.rt_timer_start    timer.o
    0x08003010   0x08003010   0x0000002e   Code   RO         1634    i.rt_timer_stop     timer.o
    0x0800303e   0x0800303e   0x00000002   PAD
    0x08003040   0x08003040   0x00000284   Code   RO         1114    i.rt_vsnprintf      kservice.o
    0x080032c4   0x080032c4   0x00000004   Code   RO          777    i.rti_board_end     components.o
    0x080032c8   0x080032c8   0x00000004   Code   RO          778    i.rti_board_start   components.o
    0x080032cc   0x080032cc   0x00000004   Code   RO          779    i.rti_end           components.o
    0x080032d0   0x080032d0   0x00000004   Code   RO          780    i.rti_start         components.o
    0x080032d4   0x080032d4   0x0000002a   Code   RO          781    i.rtthread_startup  components.o
    0x080032fe   0x080032fe   0x00000002   PAD
    0x08003300   0x08003300   0x00000030   Code   RO          392    i.show_wait_queue   cmd.o
    0x08003330   0x08003330   0x00000028   Code   RO         1116    i.skip_atoi         kservice.o
    0x08003358   0x08003358   0x000001cc   Code   RO          292    i.uart_init         uart.o
    0x08003524   0x08003524   0x00000018   Code   RO          294    i.uart_putchar      uart.o
    0x0800353c   0x0800353c   0x000000d0   Code   RO          680    i.usage_fault_track  cpuport.o
    0x0800360c   0x0800360c   0x0000000a   Code   RO          393    i.version           cmd.o
    0x08003616   0x08003616   0x00000002   PAD
    0x08003618   0x08003618   0x000000c4   Code   RO         1811    x$fpl$fadd          fz_ws.l(faddsub_clz.o)
    0x080036dc   0x080036dc   0x0000000c   Code   RO         1834    x$fpl$fcheck1       fz_ws.l(fcheck1.o)
    0x080036e8   0x080036e8   0x00000184   Code   RO         1818    x$fpl$fdiv          fz_ws.l(fdiv.o)
    0x0800386c   0x0800386c   0x0000003e   Code   RO         1821    x$fpl$ffixu         fz_ws.l(ffixu.o)
    0x080038aa   0x080038aa   0x00000002   PAD
    0x080038ac   0x080038ac   0x00000026   Code   RO         1825    x$fpl$ffltu         fz_ws.l(fflt_clz.o)
    0x080038d2   0x080038d2   0x0000008c   Code   RO         1836    x$fpl$fnaninf       fz_ws.l(fnaninf.o)
    0x0800395e   0x0800395e   0x0000000a   Code   RO         1838    x$fpl$fretinf       fz_ws.l(fretinf.o)
    0x08003968   0x08003968   0x00000014   Code   RO         1812    x$fpl$frsb          fz_ws.l(faddsub_clz.o)
    0x0800397c   0x0800397c   0x000000ea   Code   RO         1813    x$fpl$fsub          fz_ws.l(faddsub_clz.o)
    0x08003a66   0x08003a66   0x00000064   Code   RO         1856    x$fpl$retnan        fz_ws.l(retnan.o)
    0x08003aca   0x08003aca   0x0000004c   Code   RO         1831    x$fpl$scalbnf       fz_ws.l(scalbnf.o)
    0x08003b16   0x08003b16   0x00000030   Code   RO         1868    x$fpl$trapveneer    fz_ws.l(trapv.o)
    0x08003b46   0x08003b46   0x00000000   Code   RO         1840    x$fpl$usenofp       fz_ws.l(usenofp.o)
    0x08003b46   0x08003b46   0x00000010   Data   RO           15    .constdata          system_stm32f1xx.o
    0x08003b56   0x08003b56   0x00000122   Data   RO         1118    .constdata          kservice.o
    0x08003c78   0x08003c78   0x00000044   Data   RO          394    .conststring        cmd.o
    0x08003cbc   0x08003cbc   0x00000006   Data   RO          395    .rodata.name        cmd.o
    0x08003cc2   0x08003cc2   0x00000010   Data   RO          396    .rodata.name        cmd.o
    0x08003cd2   0x08003cd2   0x00000008   Data   RO          397    .rodata.name        cmd.o
    0x08003cda   0x08003cda   0x00000023   Data   RO          398    .rodata.name        cmd.o
    0x08003cfd   0x08003cfd   0x0000000e   Data   RO          399    .rodata.name        cmd.o
    0x08003d0b   0x08003d0b   0x00000023   Data   RO          400    .rodata.name        cmd.o
    0x08003d2e   0x08003d2e   0x0000000c   Data   RO          401    .rodata.name        cmd.o
    0x08003d3a   0x08003d3a   0x0000000c   Data   RO          402    .rodata.name        cmd.o
    0x08003d46   0x08003d46   0x00000012   Data   RO          403    .rodata.name        cmd.o
    0x08003d58   0x08003d58   0x0000000c   Data   RO          404    .rodata.name        cmd.o
    0x08003d64   0x08003d64   0x00000009   Data   RO          405    .rodata.name        cmd.o
    0x08003d6d   0x08003d6d   0x00000019   Data   RO          406    .rodata.name        cmd.o
    0x08003d86   0x08003d86   0x0000000f   Data   RO          407    .rodata.name        cmd.o
    0x08003d95   0x08003d95   0x00000019   Data   RO          408    .rodata.name        cmd.o
    0x08003dae   0x08003dae   0x0000000d   Data   RO          409    .rodata.name        cmd.o
    0x08003dbb   0x08003dbb   0x00000018   Data   RO          410    .rodata.name        cmd.o
    0x08003dd3   0x08003dd3   0x00000013   Data   RO          411    .rodata.name        cmd.o
    0x08003de6   0x08003de6   0x00000018   Data   RO          412    .rodata.name        cmd.o
    0x08003dfe   0x08003dfe   0x0000000e   Data   RO          413    .rodata.name        cmd.o
    0x08003e0c   0x08003e0c   0x0000001d   Data   RO          414    .rodata.name        cmd.o
    0x08003e29   0x08003e29   0x00000014   Data   RO          415    .rodata.name        cmd.o
    0x08003e3d   0x08003e3d   0x0000001d   Data   RO          416    .rodata.name        cmd.o
    0x08003e5a   0x08003e5a   0x0000000b   Data   RO          417    .rodata.name        cmd.o
    0x08003e65   0x08003e65   0x00000015   Data   RO          418    .rodata.name        cmd.o
    0x08003e7a   0x08003e7a   0x00000011   Data   RO          419    .rodata.name        cmd.o
    0x08003e8b   0x08003e8b   0x00000015   Data   RO          420    .rodata.name        cmd.o
    0x08003ea0   0x08003ea0   0x00000005   Data   RO          421    .rodata.name        cmd.o
    0x08003ea5   0x08003ea5   0x0000001a   Data   RO          422    .rodata.name        cmd.o
    0x08003ebf   0x08003ebf   0x0000000b   Data   RO          529    .rodata.name        msh.o
    0x08003eca   0x08003eca   0x00000016   Data   RO          530    .rodata.name        msh.o
    0x08003ee0   0x08003ee0   0x00000009   Data   RO          531    .rodata.name        msh.o
    0x08003ee9   0x08003ee9   0x0000001c   Data   RO          532    .rodata.name        msh.o
    0x08003f05   0x08003f05   0x0000000b   Data   RO          533    .rodata.name        msh.o
    0x08003f10   0x08003f10   0x00000025   Data   RO          534    .rodata.name        msh.o
    0x08003f35   0x08003f35   0x00000009   Data   RO         1273    .rodata.name        mem.o
    0x08003f3e   0x08003f3e   0x0000001e   Data   RO         1274    .rodata.name        mem.o
    0x08003f5c   0x08003f5c   0x00000004   Data   RO          782    .rti_fn.0           components.o
    0x08003f60   0x08003f60   0x00000004   Data   RO          783    .rti_fn.0.end       components.o
    0x08003f64   0x08003f64   0x00000004   Data   RO         1733    .rti_fn.1           board.o
    0x08003f68   0x08003f68   0x00000004   Data   RO          784    .rti_fn.1.end       components.o
    0x08003f6c   0x08003f6c   0x00000004   Data   RO          604    .rti_fn.6           shell.o
    0x08003f70   0x08003f70   0x00000004   Data   RO          785    .rti_fn.6.end       components.o
    0x08003f74   0x08003f74   0x000000a8   Data   RO          423    FSymTab             cmd.o
    0x0800401c   0x0800401c   0x00000024   Data   RO          535    FSymTab             msh.o
    0x08004040   0x08004040   0x0000000c   Data   RO         1275    FSymTab             mem.o
    0x0800404c   0x0800404c   0x00000020   Data   RO         1997    Region$$Table       anon$$obj.o


    Execution Region RW_IRAM1 (Exec base: 0x20000000, Load base: 0x0800406c, Size: 0x000046e0, Max: 0x00005000, ABSOLUTE)

    Exec Addr    Load Addr    Size         Type   Attr      Idx    E Section Name        Object

    0x20000000   0x0800406c   0x00000004   Data   RW           17    .data               system_stm32f1xx.o
    0x20000004   0x08004070   0x00000003   Data   RW          176    .data               irqhandler.o
    0x20000007   0x08004073   0x00000001   PAD
    0x20000008   0x08004074   0x00000010   Data   RW          245    .data               gpio.o
    0x20000018   0x08004084   0x00000010   Data   RW          297    .data               uart.o
    0x20000028   0x08004094   0x00000018   Data   RW          603    .data               shell.o
    0x20000040   0x080040ac   0x00000004   Data   RW          681    .data               cpuport.o
    0x20000044   0x080040b0   0x00000004   Data   RW          682    .data               cpuport.o
    0x20000048   0x080040b4   0x00000004   Data   RW          683    .data               cpuport.o
    0x2000004c   0x080040b8   0x00000004   Data   RW          684    .data               cpuport.o
    0x20000050   0x080040bc   0x00000004   Data   RW          739    .data               clock.o
    0x20000054   0x080040c0   0x00000001   Data   RW         1065    .data               irq.o
    0x20000055   0x080040c1   0x00000003   PAD
    0x20000058   0x080040c4   0x00000018   Data   RW         1272    .data               mem.o
    0x20000070   0x080040dc   0x00000050   Data   RW         1348    .data               object.o
    0x200000c0   0x0800412c   0x00000014   Data   RW         1431    .data               scheduler.o
    0x200000d4   0x08004140   0x0000000c   Data   RW         1635    .data               timer.o
    0x200000e0   0x0800414c   0x00000004   Data   RW         1732    .data               board.o
    0x200000e4        -       0x00000081   Zero   RW          602    .bss                shell.o
    0x20000165   0x08004150   0x00000003   PAD
    0x20000168        -       0x00000178   Zero   RW          852    .bss                idle.o
    0x200002e0        -       0x00000080   Zero   RW         1117    .bss                kservice.o
    0x20000360        -       0x00000020   Zero   RW         1271    .bss                mem.o
    0x20000380        -       0x00000100   Zero   RW         1430    .bss                scheduler.o
    0x20000480        -       0x00003c00   Zero   RW         1731    .bss                board.o
    0x20004080        -       0x00000060   Zero   RW         1871    .bss                c_w.l(libspace.o)
    0x200040e0        -       0x00000200   Zero   RW            2    HEAP                startup_stm32f103xb.o
    0x200042e0        -       0x00000400   Zero   RW            1    STACK               startup_stm32f103xb.o


==============================================================================

Image component sizes


      Code (inc. data)   RO Data    RW Data    ZI Data      Debug   Object Name

       256         40          4          4      15360      29854   board.o
       106         12          0          4          0       1852   clock.o
      2034        764        751          0          0      16553   cmd.o
       182         28         16          0          0       5870   components.o
       244         28          0          0          0        800   context_rvds.o
      1340        718          0         16          0       5666   cpuport.o
       264         14          0         16          0       1932   gpio.o
       138         22          0          0        376       5026   idle.o
       892          0          0          0          0      10592   ipc.o
        56         12          0          1          0       1622   irq.o
       224         40          0          3          0       2025   irqhandler.o
      1438        160        290          0        128      10953   kservice.o
        32          0          0          0          0        479   main.o
       826        248         51         24         32       5291   mem.o
       780        162        154          0          0       7788   msh.o
        90         10          0          0          0       1155   nvic.o
       312          6          0         80          0       8448   object.o
       416         56          0         20        256       8134   scheduler.o
       928        136          4         24        129      10196   shell.o
        64         26        236          0       1536        832   startup_stm32f103xb.o
        10          0          0          0          0      12027   stm32f1xx_it.o
       196         30         16          4          0     343235   system_stm32f1xx.o
       788         44          0          0          0      12483   thread.o
       550         20          0         12          0      10928   timer.o
       484         24          0         16          0       2309   uart.o

    ----------------------------------------------------------------------
     12694       2600       1554        228      17820     516050   Object Totals
         0          0         32          0          0          0   (incl. Generated)
        44          0          0          4          3          0   (incl. Padding)

    ----------------------------------------------------------------------

      Code (inc. data)   RO Data    RW Data    ZI Data      Debug   Library Member Name

         8          0          0          0          0         68   __main.o
         0          0          0          0          0          0   __rtentry.o
        12          0          0          0          0          0   __rtentry2.o
         6          0          0          0          0          0   __rtentry4.o
        52          8          0          0          0          0   __scatter.o
        26          0          0          0          0          0   __scatter_copy.o
        28          0          0          0          0          0   __scatter_zi.o
        18          0          0          0          0         80   exit.o
         6          0          0          0          0        152   heapauxi.o
         0          0          0          0          0          0   indicate_semi.o
         2          0          0          0          0          0   libinit.o
         2          0          0          0          0          0   libinit2.o
         2          0          0          0          0          0   libshutdown.o
         2          0          0          0          0          0   libshutdown2.o
         8          4          0          0         96         68   libspace.o
        68          0          0          0          0         68   rt_memclr.o
        78          0          0          0          0         80   rt_memclr_w.o
       100          0          0          0          0         80   rt_memcpy_w.o
         2          0          0          0          0          0   rtexit.o
        10          0          0          0          0          0   rtexit2.o
        24          0          0          0          0         68   strcat.o
        72          0          0          0          0         80   strcpy.o
        62          0          0          0          0         76   strlen.o
       150          0          0          0          0         80   strncmp.o
        86          0          0          0          0         76   strncpy.o
        12          4          0          0          0         68   sys_exit.o
        74          0          0          0          0         80   sys_stackheap_outer.o
         2          0          0          0          0         68   use_no_semi.o
       450          8          0          0          0        236   faddsub_clz.o
        12          4          0          0          0         68   fcheck1.o
       388         76          0          0          0         96   fdiv.o
        62          4          0          0          0         84   ffixu.o
        38          0          0          0          0         68   fflt_clz.o
       140          4          0          0          0         84   fnaninf.o
        10          0          0          0          0         68   fretinf.o
       100          0          0          0          0         68   retnan.o
        76          0          0          0          0         68   scalbnf.o
        48          0          0          0          0         68   trapv.o
         0          0          0          0          0          0   usenofp.o

    ----------------------------------------------------------------------
      2244        112          0          0         96       2100   Library Totals
         8          0          0          0          0          0   (incl. Padding)

    ----------------------------------------------------------------------

      Code (inc. data)   RO Data    RW Data    ZI Data      Debug   Library Name

       912         16          0          0         96       1192   c_w.l
      1324         96          0          0          0        908   fz_ws.l

    ----------------------------------------------------------------------
      2244        112          0          0         96       2100   Library Totals

    ----------------------------------------------------------------------

==============================================================================


      Code (inc. data)   RO Data    RW Data    ZI Data      Debug   

     14938       2712       1554        228      17916     509722   Grand Totals
     14938       2712       1554        228      17916     509722   ELF Image Totals
     14938       2712       1554        228          0          0   ROM Totals

==============================================================================

    Total RO  Size (Code + RO Data)                16492 (  16.11kB)
    Total RW  Size (RW Data + ZI Data)             18144 (  17.72kB)
    Total ROM Size (Code + RO Data + RW Data)      16720 (  16.33kB)

==============================================================================

